{
    "isDeclaration": false,
    "languageVersion": "EcmaScript5",
    "parseOptions": {
        "allowAutomaticSemicolonInsertion": true
    },
    "sourceUnit": {
        "kind": "SourceUnit",
        "fullStart": 0,
        "fullEnd": 657,
        "start": 552,
        "end": 657,
        "fullWidth": 657,
        "width": 105,
        "isIncrementallyUnusable": true,
        "moduleElements": [
            {
                "kind": "FunctionDeclaration",
                "fullStart": 0,
                "fullEnd": 633,
                "start": 552,
                "end": 631,
                "fullWidth": 633,
                "width": 79,
                "modifiers": [],
                "functionKeyword": {
                    "kind": "FunctionKeyword",
                    "fullStart": 0,
                    "fullEnd": 561,
                    "start": 552,
                    "end": 560,
                    "fullWidth": 561,
                    "width": 8,
                    "text": "function",
                    "value": "function",
                    "valueText": "function",
                    "hasLeadingTrivia": true,
                    "hasLeadingComment": true,
                    "hasLeadingNewLine": true,
                    "hasTrailingTrivia": true,
                    "leadingTrivia": [
                        {
                            "kind": "SingleLineCommentTrivia",
                            "fullStart": 0,
                            "fullEnd": 65,
                            "text": "/// Copyright (c) 2012 Ecma International.  All rights reserved. "
                        },
                        {
                            "kind": "NewLineTrivia",
                            "fullStart": 65,
                            "fullEnd": 67,
                            "text": "\r\n"
                        },
                        {
                            "kind": "SingleLineCommentTrivia",
                            "fullStart": 67,
                            "fullEnd": 150,
                            "text": "/// Ecma International makes this code available under the terms and conditions set"
                        },
                        {
                            "kind": "NewLineTrivia",
                            "fullStart": 150,
                            "fullEnd": 152,
                            "text": "\r\n"
                        },
                        {
                            "kind": "SingleLineCommentTrivia",
                            "fullStart": 152,
                            "fullEnd": 230,
                            "text": "/// forth on http://hg.ecmascript.org/tests/test262/raw-file/tip/LICENSE (the "
                        },
                        {
                            "kind": "NewLineTrivia",
                            "fullStart": 230,
                            "fullEnd": 232,
                            "text": "\r\n"
                        },
                        {
                            "kind": "SingleLineCommentTrivia",
                            "fullStart": 232,
                            "fullEnd": 306,
                            "text": "/// \"Use Terms\").   Any redistribution of this code must retain the above "
                        },
                        {
                            "kind": "NewLineTrivia",
                            "fullStart": 306,
                            "fullEnd": 308,
                            "text": "\r\n"
                        },
                        {
                            "kind": "SingleLineCommentTrivia",
                            "fullStart": 308,
                            "fullEnd": 378,
                            "text": "/// copyright and this notice and otherwise comply with the Use Terms."
                        },
                        {
                            "kind": "NewLineTrivia",
                            "fullStart": 378,
                            "fullEnd": 380,
                            "text": "\r\n"
                        },
                        {
                            "kind": "MultiLineCommentTrivia",
                            "fullStart": 380,
                            "fullEnd": 546,
                            "text": "/**\r\n * @path ch15/15.3/15.3.2/15.3.2.1/15.3.2.1-11-5.js\r\n * @description Duplicate combined parameter name in Function constructor allowed if body is not strict\r\n */"
                        },
                        {
                            "kind": "NewLineTrivia",
                            "fullStart": 546,
                            "fullEnd": 548,
                            "text": "\r\n"
                        },
                        {
                            "kind": "NewLineTrivia",
                            "fullStart": 548,
                            "fullEnd": 550,
                            "text": "\r\n"
                        },
                        {
                            "kind": "NewLineTrivia",
                            "fullStart": 550,
                            "fullEnd": 552,
                            "text": "\r\n"
                        }
                    ],
                    "trailingTrivia": [
                        {
                            "kind": "WhitespaceTrivia",
                            "fullStart": 560,
                            "fullEnd": 561,
                            "text": " "
                        }
                    ]
                },
                "identifier": {
                    "kind": "IdentifierName",
                    "fullStart": 561,
                    "fullEnd": 569,
                    "start": 561,
                    "end": 569,
                    "fullWidth": 8,
                    "width": 8,
                    "text": "testcase",
                    "value": "testcase",
                    "valueText": "testcase"
                },
                "callSignature": {
                    "kind": "CallSignature",
                    "fullStart": 569,
                    "fullEnd": 573,
                    "start": 569,
                    "end": 571,
                    "fullWidth": 4,
                    "width": 2,
                    "parameterList": {
                        "kind": "ParameterList",
                        "fullStart": 569,
                        "fullEnd": 573,
                        "start": 569,
                        "end": 571,
                        "fullWidth": 4,
                        "width": 2,
                        "openParenToken": {
                            "kind": "OpenParenToken",
                            "fullStart": 569,
                            "fullEnd": 570,
                            "start": 569,
                            "end": 570,
                            "fullWidth": 1,
                            "width": 1,
                            "text": "(",
                            "value": "(",
                            "valueText": "("
                        },
                        "parameters": [],
                        "closeParenToken": {
                            "kind": "CloseParenToken",
                            "fullStart": 570,
                            "fullEnd": 573,
                            "start": 570,
                            "end": 571,
                            "fullWidth": 3,
                            "width": 1,
                            "text": ")",
                            "value": ")",
                            "valueText": ")",
                            "hasTrailingTrivia": true,
                            "hasTrailingNewLine": true,
                            "trailingTrivia": [
                                {
                                    "kind": "NewLineTrivia",
                                    "fullStart": 571,
                                    "fullEnd": 573,
                                    "text": "\r\n"
                                }
                            ]
                        }
                    }
                },
                "block": {
                    "kind": "Block",
                    "fullStart": 573,
                    "fullEnd": 633,
                    "start": 573,
                    "end": 631,
                    "fullWidth": 60,
                    "width": 58,
                    "openBraceToken": {
                        "kind": "OpenBraceToken",
                        "fullStart": 573,
                        "fullEnd": 579,
                        "start": 573,
                        "end": 574,
                        "fullWidth": 6,
                        "width": 1,
                        "text": "{",
                        "value": "{",
                        "valueText": "{",
                        "hasTrailingTrivia": true,
                        "hasTrailingNewLine": true,
                        "trailingTrivia": [
                            {
                                "kind": "WhitespaceTrivia",
                                "fullStart": 574,
                                "fullEnd": 577,
                                "text": "   "
                            },
                            {
                                "kind": "NewLineTrivia",
                                "fullStart": 577,
                                "fullEnd": 579,
                                "text": "\r\n"
                            }
                        ]
                    },
                    "statements": [
                        {
                            "kind": "ExpressionStatement",
                            "fullStart": 579,
                            "fullEnd": 611,
                            "start": 583,
                            "end": 609,
                            "fullWidth": 32,
                            "width": 26,
                            "expression": {
                                "kind": "InvocationExpression",
                                "fullStart": 579,
                                "fullEnd": 608,
                                "start": 583,
                                "end": 608,
                                "fullWidth": 29,
                                "width": 25,
                                "expression": {
                                    "kind": "IdentifierName",
                                    "fullStart": 579,
                                    "fullEnd": 591,
                                    "start": 583,
                                    "end": 591,
                                    "fullWidth": 12,
                                    "width": 8,
                                    "text": "Function",
                                    "value": "Function",
                                    "valueText": "Function",
                                    "hasLeadingTrivia": true,
                                    "leadingTrivia": [
                                        {
                                            "kind": "WhitespaceTrivia",
                                            "fullStart": 579,
                                            "fullEnd": 583,
                                            "text": "    "
                                        }
                                    ]
                                },
                                "argumentList": {
                                    "kind": "ArgumentList",
                                    "fullStart": 591,
                                    "fullEnd": 608,
                                    "start": 591,
                                    "end": 608,
                                    "fullWidth": 17,
                                    "width": 17,
                                    "openParenToken": {
                                        "kind": "OpenParenToken",
                                        "fullStart": 591,
                                        "fullEnd": 592,
                                        "start": 591,
                                        "end": 592,
                                        "fullWidth": 1,
                                        "width": 1,
                                        "text": "(",
                                        "value": "(",
                                        "valueText": "("
                                    },
                                    "arguments": [
                                        {
                                            "kind": "StringLiteral",
                                            "fullStart": 592,
                                            "fullEnd": 597,
                                            "start": 592,
                                            "end": 597,
                                            "fullWidth": 5,
                                            "width": 5,
                                            "text": "'a,a'",
                                            "value": "a,a",
                                            "valueText": "a,a"
                                        },
                                        {
                                            "kind": "CommaToken",
                                            "fullStart": 597,
                                            "fullEnd": 598,
                                            "start": 597,
                                            "end": 598,
                                            "fullWidth": 1,
                                            "width": 1,
                                            "text": ",",
                                            "value": ",",
                                            "valueText": ","
                                        },
                                        {
                                            "kind": "StringLiteral",
                                            "fullStart": 598,
                                            "fullEnd": 607,
                                            "start": 598,
                                            "end": 607,
                                            "fullWidth": 9,
                                            "width": 9,
                                            "text": "'return;'",
                                            "value": "return;",
                                            "valueText": "return;"
                                        }
                                    ],
                                    "closeParenToken": {
                                        "kind": "CloseParenToken",
                                        "fullStart": 607,
                                        "fullEnd": 608,
                                        "start": 607,
                                        "end": 608,
                                        "fullWidth": 1,
                                        "width": 1,
                                        "text": ")",
                                        "value": ")",
                                        "valueText": ")"
                                    }
                                }
                            },
                            "semicolonToken": {
                                "kind": "SemicolonToken",
                                "fullStart": 608,
                                "fullEnd": 611,
                                "start": 608,
                                "end": 609,
                                "fullWidth": 3,
                                "width": 1,
                                "text": ";",
                                "value": ";",
                                "valueText": ";",
                                "hasTrailingTrivia": true,
                                "hasTrailingNewLine": true,
                                "trailingTrivia": [
                                    {
                                        "kind": "NewLineTrivia",
                                        "fullStart": 609,
                                        "fullEnd": 611,
                                        "text": "\r\n"
                                    }
                                ]
                            }
                        },
                        {
                            "kind": "ReturnStatement",
                            "fullStart": 611,
                            "fullEnd": 629,
                            "start": 615,
                            "end": 627,
                            "fullWidth": 18,
                            "width": 12,
                            "returnKeyword": {
                                "kind": "ReturnKeyword",
                                "fullStart": 611,
                                "fullEnd": 622,
                                "start": 615,
                                "end": 621,
                                "fullWidth": 11,
                                "width": 6,
                                "text": "return",
                                "value": "return",
                                "valueText": "return",
                                "hasLeadingTrivia": true,
                                "hasTrailingTrivia": true,
                                "leadingTrivia": [
                                    {
                                        "kind": "WhitespaceTrivia",
                                        "fullStart": 611,
                                        "fullEnd": 615,
                                        "text": "    "
                                    }
                                ],
                                "trailingTrivia": [
                                    {
                                        "kind": "WhitespaceTrivia",
                                        "fullStart": 621,
                                        "fullEnd": 622,
                                        "text": " "
                                    }
                                ]
                            },
                            "expression": {
                                "kind": "TrueKeyword",
                                "fullStart": 622,
                                "fullEnd": 626,
                                "start": 622,
                                "end": 626,
                                "fullWidth": 4,
                                "width": 4,
                                "text": "true",
                                "value": true,
                                "valueText": "true"
                            },
                            "semicolonToken": {
                                "kind": "SemicolonToken",
                                "fullStart": 626,
                                "fullEnd": 629,
                                "start": 626,
                                "end": 627,
                                "fullWidth": 3,
                                "width": 1,
                                "text": ";",
                                "value": ";",
                                "valueText": ";",
                                "hasTrailingTrivia": true,
                                "hasTrailingNewLine": true,
                                "trailingTrivia": [
                                    {
                                        "kind": "NewLineTrivia",
                                        "fullStart": 627,
                                        "fullEnd": 629,
                                        "text": "\r\n"
                                    }
                                ]
                            }
                        }
                    ],
                    "closeBraceToken": {
                        "kind": "CloseBraceToken",
                        "fullStart": 629,
                        "fullEnd": 633,
                        "start": 630,
                        "end": 631,
                        "fullWidth": 4,
                        "width": 1,
                        "text": "}",
                        "value": "}",
                        "valueText": "}",
                        "hasLeadingTrivia": true,
                        "hasTrailingTrivia": true,
                        "hasTrailingNewLine": true,
                        "leadingTrivia": [
                            {
                                "kind": "WhitespaceTrivia",
                                "fullStart": 629,
                                "fullEnd": 630,
                                "text": " "
                            }
                        ],
                        "trailingTrivia": [
                            {
                                "kind": "NewLineTrivia",
                                "fullStart": 631,
                                "fullEnd": 633,
                                "text": "\r\n"
                            }
                        ]
                    }
                }
            },
            {
                "kind": "ExpressionStatement",
                "fullStart": 633,
                "fullEnd": 657,
                "start": 633,
                "end": 655,
                "fullWidth": 24,
                "width": 22,
                "expression": {
                    "kind": "InvocationExpression",
                    "fullStart": 633,
                    "fullEnd": 654,
                    "start": 633,
                    "end": 654,
                    "fullWidth": 21,
                    "width": 21,
                    "expression": {
                        "kind": "IdentifierName",
                        "fullStart": 633,
                        "fullEnd": 644,
                        "start": 633,
                        "end": 644,
                        "fullWidth": 11,
                        "width": 11,
                        "text": "runTestCase",
                        "value": "runTestCase",
                        "valueText": "runTestCase"
                    },
                    "argumentList": {
                        "kind": "ArgumentList",
                        "fullStart": 644,
                        "fullEnd": 654,
                        "start": 644,
                        "end": 654,
                        "fullWidth": 10,
                        "width": 10,
                        "openParenToken": {
                            "kind": "OpenParenToken",
                            "fullStart": 644,
                            "fullEnd": 645,
                            "start": 644,
                            "end": 645,
                            "fullWidth": 1,
                            "width": 1,
                            "text": "(",
                            "value": "(",
                            "valueText": "("
                        },
                        "arguments": [
                            {
                                "kind": "IdentifierName",
                                "fullStart": 645,
                                "fullEnd": 653,
                                "start": 645,
                                "end": 653,
                                "fullWidth": 8,
                                "width": 8,
                                "text": "testcase",
                                "value": "testcase",
                                "valueText": "testcase"
                            }
                        ],
                        "closeParenToken": {
                            "kind": "CloseParenToken",
                            "fullStart": 653,
                            "fullEnd": 654,
                            "start": 653,
                            "end": 654,
                            "fullWidth": 1,
                            "width": 1,
                            "text": ")",
                            "value": ")",
                            "valueText": ")"
                        }
                    }
                },
                "semicolonToken": {
                    "kind": "SemicolonToken",
                    "fullStart": 654,
                    "fullEnd": 657,
                    "start": 654,
                    "end": 655,
                    "fullWidth": 3,
                    "width": 1,
                    "text": ";",
                    "value": ";",
                    "valueText": ";",
                    "hasTrailingTrivia": true,
                    "hasTrailingNewLine": true,
                    "trailingTrivia": [
                        {
                            "kind": "NewLineTrivia",
                            "fullStart": 655,
                            "fullEnd": 657,
                            "text": "\r\n"
                        }
                    ]
                }
            }
        ],
        "endOfFileToken": {
            "kind": "EndOfFileToken",
            "fullStart": 657,
            "fullEnd": 657,
            "start": 657,
            "end": 657,
            "fullWidth": 0,
            "width": 0,
            "text": ""
        }
    },
    "lineMap": {
        "lineStarts": [
            0,
            67,
            152,
            232,
            308,
            380,
            385,
            438,
            543,
            548,
            550,
            552,
            573,
            579,
            611,
            629,
            633,
            657
        ],
        "length": 657
    }
}