{
    "isDeclaration": false,
    "languageVersion": "EcmaScript5",
    "parseOptions": {
        "allowAutomaticSemicolonInsertion": true
    },
    "sourceUnit": {
        "kind": "SourceUnit",
        "fullStart": 0,
        "fullEnd": 665,
        "start": 614,
        "end": 665,
        "fullWidth": 665,
        "width": 51,
        "isIncrementallyUnusable": true,
        "moduleElements": [
            {
                "kind": "ExpressionStatement",
                "fullStart": 0,
                "fullEnd": 629,
                "start": 614,
                "end": 627,
                "fullWidth": 629,
                "width": 13,
                "expression": {
                    "kind": "StringLiteral",
                    "fullStart": 0,
                    "fullEnd": 626,
                    "start": 614,
                    "end": 626,
                    "fullWidth": 626,
                    "width": 12,
                    "text": "\"use strict\"",
                    "value": "use strict",
                    "valueText": "use strict",
                    "hasLeadingTrivia": true,
                    "hasLeadingComment": true,
                    "hasLeadingNewLine": true,
                    "leadingTrivia": [
                        {
                            "kind": "SingleLineCommentTrivia",
                            "fullStart": 0,
                            "fullEnd": 65,
                            "text": "/// Copyright (c) 2012 Ecma International.  All rights reserved. "
                        },
                        {
                            "kind": "NewLineTrivia",
                            "fullStart": 65,
                            "fullEnd": 67,
                            "text": "\r\n"
                        },
                        {
                            "kind": "SingleLineCommentTrivia",
                            "fullStart": 67,
                            "fullEnd": 150,
                            "text": "/// Ecma International makes this code available under the terms and conditions set"
                        },
                        {
                            "kind": "NewLineTrivia",
                            "fullStart": 150,
                            "fullEnd": 152,
                            "text": "\r\n"
                        },
                        {
                            "kind": "SingleLineCommentTrivia",
                            "fullStart": 152,
                            "fullEnd": 230,
                            "text": "/// forth on http://hg.ecmascript.org/tests/test262/raw-file/tip/LICENSE (the "
                        },
                        {
                            "kind": "NewLineTrivia",
                            "fullStart": 230,
                            "fullEnd": 232,
                            "text": "\r\n"
                        },
                        {
                            "kind": "SingleLineCommentTrivia",
                            "fullStart": 232,
                            "fullEnd": 306,
                            "text": "/// \"Use Terms\").   Any redistribution of this code must retain the above "
                        },
                        {
                            "kind": "NewLineTrivia",
                            "fullStart": 306,
                            "fullEnd": 308,
                            "text": "\r\n"
                        },
                        {
                            "kind": "SingleLineCommentTrivia",
                            "fullStart": 308,
                            "fullEnd": 378,
                            "text": "/// copyright and this notice and otherwise comply with the Use Terms."
                        },
                        {
                            "kind": "NewLineTrivia",
                            "fullStart": 378,
                            "fullEnd": 380,
                            "text": "\r\n"
                        },
                        {
                            "kind": "NewLineTrivia",
                            "fullStart": 380,
                            "fullEnd": 382,
                            "text": "\r\n"
                        },
                        {
                            "kind": "MultiLineCommentTrivia",
                            "fullStart": 382,
                            "fullEnd": 610,
                            "text": "/**\r\n * @path ch11/11.3/11.3.1/11.3.1-2-1gs.js\r\n * @description Strict Mode - SyntaxError is throw if the identifier arguments appear as a PostfixExpression(arguments++)\r\n * @onlyStrict\r\n * @negative ^((?!NotEarlyError).)*$\r\n */"
                        },
                        {
                            "kind": "NewLineTrivia",
                            "fullStart": 610,
                            "fullEnd": 612,
                            "text": "\r\n"
                        },
                        {
                            "kind": "NewLineTrivia",
                            "fullStart": 612,
                            "fullEnd": 614,
                            "text": "\r\n"
                        }
                    ]
                },
                "semicolonToken": {
                    "kind": "SemicolonToken",
                    "fullStart": 626,
                    "fullEnd": 629,
                    "start": 626,
                    "end": 627,
                    "fullWidth": 3,
                    "width": 1,
                    "text": ";",
                    "value": ";",
                    "valueText": ";",
                    "hasTrailingTrivia": true,
                    "hasTrailingNewLine": true,
                    "trailingTrivia": [
                        {
                            "kind": "NewLineTrivia",
                            "fullStart": 627,
                            "fullEnd": 629,
                            "text": "\r\n"
                        }
                    ]
                }
            },
            {
                "kind": "ThrowStatement",
                "fullStart": 629,
                "fullEnd": 651,
                "start": 629,
                "end": 649,
                "fullWidth": 22,
                "width": 20,
                "parsedInStrictMode": true,
                "throwKeyword": {
                    "kind": "ThrowKeyword",
                    "fullStart": 629,
                    "fullEnd": 635,
                    "start": 629,
                    "end": 634,
                    "fullWidth": 6,
                    "width": 5,
                    "text": "throw",
                    "value": "throw",
                    "valueText": "throw",
                    "hasTrailingTrivia": true,
                    "trailingTrivia": [
                        {
                            "kind": "WhitespaceTrivia",
                            "fullStart": 634,
                            "fullEnd": 635,
                            "text": " "
                        }
                    ]
                },
                "expression": {
                    "kind": "IdentifierName",
                    "fullStart": 635,
                    "fullEnd": 648,
                    "start": 635,
                    "end": 648,
                    "fullWidth": 13,
                    "width": 13,
                    "text": "NotEarlyError",
                    "value": "NotEarlyError",
                    "valueText": "NotEarlyError"
                },
                "semicolonToken": {
                    "kind": "SemicolonToken",
                    "fullStart": 648,
                    "fullEnd": 651,
                    "start": 648,
                    "end": 649,
                    "fullWidth": 3,
                    "width": 1,
                    "text": ";",
                    "value": ";",
                    "valueText": ";",
                    "hasTrailingTrivia": true,
                    "hasTrailingNewLine": true,
                    "trailingTrivia": [
                        {
                            "kind": "NewLineTrivia",
                            "fullStart": 649,
                            "fullEnd": 651,
                            "text": "\r\n"
                        }
                    ]
                }
            },
            {
                "kind": "ExpressionStatement",
                "fullStart": 651,
                "fullEnd": 665,
                "start": 651,
                "end": 663,
                "fullWidth": 14,
                "width": 12,
                "parsedInStrictMode": true,
                "expression": {
                    "kind": "PostIncrementExpression",
                    "fullStart": 651,
                    "fullEnd": 662,
                    "start": 651,
                    "end": 662,
                    "fullWidth": 11,
                    "width": 11,
                    "parsedInStrictMode": true,
                    "operand": {
                        "kind": "IdentifierName",
                        "fullStart": 651,
                        "fullEnd": 660,
                        "start": 651,
                        "end": 660,
                        "fullWidth": 9,
                        "width": 9,
                        "text": "arguments",
                        "value": "arguments",
                        "valueText": "arguments"
                    },
                    "operatorToken": {
                        "kind": "PlusPlusToken",
                        "fullStart": 660,
                        "fullEnd": 662,
                        "start": 660,
                        "end": 662,
                        "fullWidth": 2,
                        "width": 2,
                        "text": "++",
                        "value": "++",
                        "valueText": "++"
                    }
                },
                "semicolonToken": {
                    "kind": "SemicolonToken",
                    "fullStart": 662,
                    "fullEnd": 665,
                    "start": 662,
                    "end": 663,
                    "fullWidth": 3,
                    "width": 1,
                    "text": ";",
                    "value": ";",
                    "valueText": ";",
                    "hasTrailingTrivia": true,
                    "hasTrailingNewLine": true,
                    "trailingTrivia": [
                        {
                            "kind": "NewLineTrivia",
                            "fullStart": 663,
                            "fullEnd": 665,
                            "text": "\r\n"
                        }
                    ]
                }
            }
        ],
        "endOfFileToken": {
            "kind": "EndOfFileToken",
            "fullStart": 665,
            "fullEnd": 665,
            "start": 665,
            "end": 665,
            "fullWidth": 0,
            "width": 0,
            "text": ""
        }
    },
    "lineMap": {
        "lineStarts": [
            0,
            67,
            152,
            232,
            308,
            380,
            382,
            387,
            430,
            553,
            569,
            607,
            612,
            614,
            629,
            651,
            665
        ],
        "length": 665
    }
}