{
    "isDeclaration": false,
    "languageVersion": "EcmaScript5",
    "sourceUnit": {
        "kind": "SourceUnit",
        "fullStart": 0,
        "fullEnd": 493,
        "start": 325,
        "end": 493,
        "fullWidth": 493,
        "width": 168,
        "moduleElements": [
            {
                "kind": "IfStatement",
                "fullStart": 0,
                "fullEnd": 492,
                "start": 325,
                "end": 491,
                "fullWidth": 492,
                "width": 166,
                "ifKeyword": {
                    "kind": "IfKeyword",
                    "fullStart": 0,
                    "fullEnd": 328,
                    "start": 325,
                    "end": 327,
                    "fullWidth": 328,
                    "width": 2,
                    "text": "if",
                    "value": "if",
                    "valueText": "if",
                    "hasLeadingTrivia": true,
                    "hasLeadingComment": true,
                    "hasLeadingNewLine": true,
                    "hasTrailingTrivia": true,
                    "leadingTrivia": [
                        {
                            "kind": "SingleLineCommentTrivia",
                            "fullStart": 0,
                            "fullEnd": 60,
                            "text": "// Copyright 2009 the Sputnik authors.  All rights reserved."
                        },
                        {
                            "kind": "NewLineTrivia",
                            "fullStart": 60,
                            "fullEnd": 61,
                            "text": "\n"
                        },
                        {
                            "kind": "SingleLineCommentTrivia",
                            "fullStart": 61,
                            "fullEnd": 131,
                            "text": "// This code is governed by the BSD license found in the LICENSE file."
                        },
                        {
                            "kind": "NewLineTrivia",
                            "fullStart": 131,
                            "fullEnd": 132,
                            "text": "\n"
                        },
                        {
                            "kind": "NewLineTrivia",
                            "fullStart": 132,
                            "fullEnd": 133,
                            "text": "\n"
                        },
                        {
                            "kind": "MultiLineCommentTrivia",
                            "fullStart": 133,
                            "fullEnd": 313,
                            "text": "/**\n * The concat property of Array has not prototype property\n *\n * @path ch15/15.4/15.4.4/15.4.4.4/S15.4.4.4_A4.6.js\n * @description Checking Array.prototype.concat.prototype\n */"
                        },
                        {
                            "kind": "NewLineTrivia",
                            "fullStart": 313,
                            "fullEnd": 314,
                            "text": "\n"
                        },
                        {
                            "kind": "NewLineTrivia",
                            "fullStart": 314,
                            "fullEnd": 315,
                            "text": "\n"
                        },
                        {
                            "kind": "SingleLineCommentTrivia",
                            "fullStart": 315,
                            "fullEnd": 324,
                            "text": "//CHECK#1"
                        },
                        {
                            "kind": "NewLineTrivia",
                            "fullStart": 324,
                            "fullEnd": 325,
                            "text": "\n"
                        }
                    ],
                    "trailingTrivia": [
                        {
                            "kind": "WhitespaceTrivia",
                            "fullStart": 327,
                            "fullEnd": 328,
                            "text": " "
                        }
                    ]
                },
                "openParenToken": {
                    "kind": "OpenParenToken",
                    "fullStart": 328,
                    "fullEnd": 329,
                    "start": 328,
                    "end": 329,
                    "fullWidth": 1,
                    "width": 1,
                    "text": "(",
                    "value": "(",
                    "valueText": "("
                },
                "condition": {
                    "kind": "NotEqualsExpression",
                    "fullStart": 329,
                    "fullEnd": 375,
                    "start": 329,
                    "end": 375,
                    "fullWidth": 46,
                    "width": 46,
                    "left": {
                        "kind": "MemberAccessExpression",
                        "fullStart": 329,
                        "fullEnd": 362,
                        "start": 329,
                        "end": 361,
                        "fullWidth": 33,
                        "width": 32,
                        "expression": {
                            "kind": "MemberAccessExpression",
                            "fullStart": 329,
                            "fullEnd": 351,
                            "start": 329,
                            "end": 351,
                            "fullWidth": 22,
                            "width": 22,
                            "expression": {
                                "kind": "MemberAccessExpression",
                                "fullStart": 329,
                                "fullEnd": 344,
                                "start": 329,
                                "end": 344,
                                "fullWidth": 15,
                                "width": 15,
                                "expression": {
                                    "kind": "IdentifierName",
                                    "fullStart": 329,
                                    "fullEnd": 334,
                                    "start": 329,
                                    "end": 334,
                                    "fullWidth": 5,
                                    "width": 5,
                                    "text": "Array",
                                    "value": "Array",
                                    "valueText": "Array"
                                },
                                "dotToken": {
                                    "kind": "DotToken",
                                    "fullStart": 334,
                                    "fullEnd": 335,
                                    "start": 334,
                                    "end": 335,
                                    "fullWidth": 1,
                                    "width": 1,
                                    "text": ".",
                                    "value": ".",
                                    "valueText": "."
                                },
                                "name": {
                                    "kind": "IdentifierName",
                                    "fullStart": 335,
                                    "fullEnd": 344,
                                    "start": 335,
                                    "end": 344,
                                    "fullWidth": 9,
                                    "width": 9,
                                    "text": "prototype",
                                    "value": "prototype",
                                    "valueText": "prototype"
                                }
                            },
                            "dotToken": {
                                "kind": "DotToken",
                                "fullStart": 344,
                                "fullEnd": 345,
                                "start": 344,
                                "end": 345,
                                "fullWidth": 1,
                                "width": 1,
                                "text": ".",
                                "value": ".",
                                "valueText": "."
                            },
                            "name": {
                                "kind": "IdentifierName",
                                "fullStart": 345,
                                "fullEnd": 351,
                                "start": 345,
                                "end": 351,
                                "fullWidth": 6,
                                "width": 6,
                                "text": "concat",
                                "value": "concat",
                                "valueText": "concat"
                            }
                        },
                        "dotToken": {
                            "kind": "DotToken",
                            "fullStart": 351,
                            "fullEnd": 352,
                            "start": 351,
                            "end": 352,
                            "fullWidth": 1,
                            "width": 1,
                            "text": ".",
                            "value": ".",
                            "valueText": "."
                        },
                        "name": {
                            "kind": "IdentifierName",
                            "fullStart": 352,
                            "fullEnd": 362,
                            "start": 352,
                            "end": 361,
                            "fullWidth": 10,
                            "width": 9,
                            "text": "prototype",
                            "value": "prototype",
                            "valueText": "prototype",
                            "hasTrailingTrivia": true,
                            "trailingTrivia": [
                                {
                                    "kind": "WhitespaceTrivia",
                                    "fullStart": 361,
                                    "fullEnd": 362,
                                    "text": " "
                                }
                            ]
                        }
                    },
                    "operatorToken": {
                        "kind": "ExclamationEqualsEqualsToken",
                        "fullStart": 362,
                        "fullEnd": 366,
                        "start": 362,
                        "end": 365,
                        "fullWidth": 4,
                        "width": 3,
                        "text": "!==",
                        "value": "!==",
                        "valueText": "!==",
                        "hasTrailingTrivia": true,
                        "trailingTrivia": [
                            {
                                "kind": "WhitespaceTrivia",
                                "fullStart": 365,
                                "fullEnd": 366,
                                "text": " "
                            }
                        ]
                    },
                    "right": {
                        "kind": "IdentifierName",
                        "fullStart": 366,
                        "fullEnd": 375,
                        "start": 366,
                        "end": 375,
                        "fullWidth": 9,
                        "width": 9,
                        "text": "undefined",
                        "value": "undefined",
                        "valueText": "undefined"
                    }
                },
                "closeParenToken": {
                    "kind": "CloseParenToken",
                    "fullStart": 375,
                    "fullEnd": 377,
                    "start": 375,
                    "end": 376,
                    "fullWidth": 2,
                    "width": 1,
                    "text": ")",
                    "value": ")",
                    "valueText": ")",
                    "hasTrailingTrivia": true,
                    "trailingTrivia": [
                        {
                            "kind": "WhitespaceTrivia",
                            "fullStart": 376,
                            "fullEnd": 377,
                            "text": " "
                        }
                    ]
                },
                "statement": {
                    "kind": "Block",
                    "fullStart": 377,
                    "fullEnd": 492,
                    "start": 377,
                    "end": 491,
                    "fullWidth": 115,
                    "width": 114,
                    "openBraceToken": {
                        "kind": "OpenBraceToken",
                        "fullStart": 377,
                        "fullEnd": 379,
                        "start": 377,
                        "end": 378,
                        "fullWidth": 2,
                        "width": 1,
                        "text": "{",
                        "value": "{",
                        "valueText": "{",
                        "hasTrailingTrivia": true,
                        "hasTrailingNewLine": true,
                        "trailingTrivia": [
                            {
                                "kind": "NewLineTrivia",
                                "fullStart": 378,
                                "fullEnd": 379,
                                "text": "\n"
                            }
                        ]
                    },
                    "statements": [
                        {
                            "kind": "ExpressionStatement",
                            "fullStart": 379,
                            "fullEnd": 490,
                            "start": 381,
                            "end": 489,
                            "fullWidth": 111,
                            "width": 108,
                            "expression": {
                                "kind": "InvocationExpression",
                                "fullStart": 379,
                                "fullEnd": 488,
                                "start": 381,
                                "end": 488,
                                "fullWidth": 109,
                                "width": 107,
                                "expression": {
                                    "kind": "IdentifierName",
                                    "fullStart": 379,
                                    "fullEnd": 387,
                                    "start": 381,
                                    "end": 387,
                                    "fullWidth": 8,
                                    "width": 6,
                                    "text": "$ERROR",
                                    "value": "$ERROR",
                                    "valueText": "$ERROR",
                                    "hasLeadingTrivia": true,
                                    "leadingTrivia": [
                                        {
                                            "kind": "WhitespaceTrivia",
                                            "fullStart": 379,
                                            "fullEnd": 381,
                                            "text": "  "
                                        }
                                    ]
                                },
                                "argumentList": {
                                    "kind": "ArgumentList",
                                    "fullStart": 387,
                                    "fullEnd": 488,
                                    "start": 387,
                                    "end": 488,
                                    "fullWidth": 101,
                                    "width": 101,
                                    "openParenToken": {
                                        "kind": "OpenParenToken",
                                        "fullStart": 387,
                                        "fullEnd": 388,
                                        "start": 387,
                                        "end": 388,
                                        "fullWidth": 1,
                                        "width": 1,
                                        "text": "(",
                                        "value": "(",
                                        "valueText": "("
                                    },
                                    "arguments": [
                                        {
                                            "kind": "AddExpression",
                                            "fullStart": 388,
                                            "fullEnd": 487,
                                            "start": 388,
                                            "end": 487,
                                            "fullWidth": 99,
                                            "width": 99,
                                            "left": {
                                                "kind": "StringLiteral",
                                                "fullStart": 388,
                                                "fullEnd": 451,
                                                "start": 388,
                                                "end": 450,
                                                "fullWidth": 63,
                                                "width": 62,
                                                "text": "'#1: Array.prototype.concat.prototype === undefined. Actual: '",
                                                "value": "#1: Array.prototype.concat.prototype === undefined. Actual: ",
                                                "valueText": "#1: Array.prototype.concat.prototype === undefined. Actual: ",
                                                "hasTrailingTrivia": true,
                                                "trailingTrivia": [
                                                    {
                                                        "kind": "WhitespaceTrivia",
                                                        "fullStart": 450,
                                                        "fullEnd": 451,
                                                        "text": " "
                                                    }
                                                ]
                                            },
                                            "operatorToken": {
                                                "kind": "PlusToken",
                                                "fullStart": 451,
                                                "fullEnd": 453,
                                                "start": 451,
                                                "end": 452,
                                                "fullWidth": 2,
                                                "width": 1,
                                                "text": "+",
                                                "value": "+",
                                                "valueText": "+",
                                                "hasTrailingTrivia": true,
                                                "trailingTrivia": [
                                                    {
                                                        "kind": "WhitespaceTrivia",
                                                        "fullStart": 452,
                                                        "fullEnd": 453,
                                                        "text": " "
                                                    }
                                                ]
                                            },
                                            "right": {
                                                "kind": "ParenthesizedExpression",
                                                "fullStart": 453,
                                                "fullEnd": 487,
                                                "start": 453,
                                                "end": 487,
                                                "fullWidth": 34,
                                                "width": 34,
                                                "openParenToken": {
                                                    "kind": "OpenParenToken",
                                                    "fullStart": 453,
                                                    "fullEnd": 454,
                                                    "start": 453,
                                                    "end": 454,
                                                    "fullWidth": 1,
                                                    "width": 1,
                                                    "text": "(",
                                                    "value": "(",
                                                    "valueText": "("
                                                },
                                                "expression": {
                                                    "kind": "MemberAccessExpression",
                                                    "fullStart": 454,
                                                    "fullEnd": 486,
                                                    "start": 454,
                                                    "end": 486,
                                                    "fullWidth": 32,
                                                    "width": 32,
                                                    "expression": {
                                                        "kind": "MemberAccessExpression",
                                                        "fullStart": 454,
                                                        "fullEnd": 476,
                                                        "start": 454,
                                                        "end": 476,
                                                        "fullWidth": 22,
                                                        "width": 22,
                                                        "expression": {
                                                            "kind": "MemberAccessExpression",
                                                            "fullStart": 454,
                                                            "fullEnd": 469,
                                                            "start": 454,
                                                            "end": 469,
                                                            "fullWidth": 15,
                                                            "width": 15,
                                                            "expression": {
                                                                "kind": "IdentifierName",
                                                                "fullStart": 454,
                                                                "fullEnd": 459,
                                                                "start": 454,
                                                                "end": 459,
                                                                "fullWidth": 5,
                                                                "width": 5,
                                                                "text": "Array",
                                                                "value": "Array",
                                                                "valueText": "Array"
                                                            },
                                                            "dotToken": {
                                                                "kind": "DotToken",
                                                                "fullStart": 459,
                                                                "fullEnd": 460,
                                                                "start": 459,
                                                                "end": 460,
                                                                "fullWidth": 1,
                                                                "width": 1,
                                                                "text": ".",
                                                                "value": ".",
                                                                "valueText": "."
                                                            },
                                                            "name": {
                                                                "kind": "IdentifierName",
                                                                "fullStart": 460,
                                                                "fullEnd": 469,
                                                                "start": 460,
                                                                "end": 469,
                                                                "fullWidth": 9,
                                                                "width": 9,
                                                                "text": "prototype",
                                                                "value": "prototype",
                                                                "valueText": "prototype"
                                                            }
                                                        },
                                                        "dotToken": {
                                                            "kind": "DotToken",
                                                            "fullStart": 469,
                                                            "fullEnd": 470,
                                                            "start": 469,
                                                            "end": 470,
                                                            "fullWidth": 1,
                                                            "width": 1,
                                                            "text": ".",
                                                            "value": ".",
                                                            "valueText": "."
                                                        },
                                                        "name": {
                                                            "kind": "IdentifierName",
                                                            "fullStart": 470,
                                                            "fullEnd": 476,
                                                            "start": 470,
                                                            "end": 476,
                                                            "fullWidth": 6,
                                                            "width": 6,
                                                            "text": "concat",
                                                            "value": "concat",
                                                            "valueText": "concat"
                                                        }
                                                    },
                                                    "dotToken": {
                                                        "kind": "DotToken",
                                                        "fullStart": 476,
                                                        "fullEnd": 477,
                                                        "start": 476,
                                                        "end": 477,
                                                        "fullWidth": 1,
                                                        "width": 1,
                                                        "text": ".",
                                                        "value": ".",
                                                        "valueText": "."
                                                    },
                                                    "name": {
                                                        "kind": "IdentifierName",
                                                        "fullStart": 477,
                                                        "fullEnd": 486,
                                                        "start": 477,
                                                        "end": 486,
                                                        "fullWidth": 9,
                                                        "width": 9,
                                                        "text": "prototype",
                                                        "value": "prototype",
                                                        "valueText": "prototype"
                                                    }
                                                },
                                                "closeParenToken": {
                                                    "kind": "CloseParenToken",
                                                    "fullStart": 486,
                                                    "fullEnd": 487,
                                                    "start": 486,
                                                    "end": 487,
                                                    "fullWidth": 1,
                                                    "width": 1,
                                                    "text": ")",
                                                    "value": ")",
                                                    "valueText": ")"
                                                }
                                            }
                                        }
                                    ],
                                    "closeParenToken": {
                                        "kind": "CloseParenToken",
                                        "fullStart": 487,
                                        "fullEnd": 488,
                                        "start": 487,
                                        "end": 488,
                                        "fullWidth": 1,
                                        "width": 1,
                                        "text": ")",
                                        "value": ")",
                                        "valueText": ")"
                                    }
                                }
                            },
                            "semicolonToken": {
                                "kind": "SemicolonToken",
                                "fullStart": 488,
                                "fullEnd": 490,
                                "start": 488,
                                "end": 489,
                                "fullWidth": 2,
                                "width": 1,
                                "text": ";",
                                "value": ";",
                                "valueText": ";",
                                "hasTrailingTrivia": true,
                                "hasTrailingNewLine": true,
                                "trailingTrivia": [
                                    {
                                        "kind": "NewLineTrivia",
                                        "fullStart": 489,
                                        "fullEnd": 490,
                                        "text": "\n"
                                    }
                                ]
                            }
                        }
                    ],
                    "closeBraceToken": {
                        "kind": "CloseBraceToken",
                        "fullStart": 490,
                        "fullEnd": 492,
                        "start": 490,
                        "end": 491,
                        "fullWidth": 2,
                        "width": 1,
                        "text": "}",
                        "value": "}",
                        "valueText": "}",
                        "hasTrailingTrivia": true,
                        "hasTrailingNewLine": true,
                        "trailingTrivia": [
                            {
                                "kind": "NewLineTrivia",
                                "fullStart": 491,
                                "fullEnd": 492,
                                "text": "\n"
                            }
                        ]
                    }
                }
            }
        ],
        "endOfFileToken": {
            "kind": "EndOfFileToken",
            "fullStart": 492,
            "fullEnd": 493,
            "start": 493,
            "end": 493,
            "fullWidth": 1,
            "width": 0,
            "text": "",
            "hasLeadingTrivia": true,
            "hasLeadingNewLine": true,
            "leadingTrivia": [
                {
                    "kind": "NewLineTrivia",
                    "fullStart": 492,
                    "fullEnd": 493,
                    "text": "\n"
                }
            ]
        }
    },
    "lineMap": {
        "lineStarts": [
            0,
            61,
            132,
            133,
            137,
            196,
            199,
            252,
            310,
            314,
            315,
            325,
            379,
            490,
            492,
            493
        ],
        "length": 493
    }
}