{
    "isDeclaration": false,
    "languageVersion": "EcmaScript5",
    "parseOptions": {
        "allowAutomaticSemicolonInsertion": true
    },
    "sourceUnit": {
        "kind": "SourceUnit",
        "fullStart": 0,
        "fullEnd": 491,
        "start": 391,
        "end": 491,
        "fullWidth": 491,
        "width": 100,
        "isIncrementallyUnusable": true,
        "moduleElements": [
            {
                "kind": "VariableStatement",
                "fullStart": 0,
                "fullEnd": 408,
                "start": 391,
                "end": 407,
                "fullWidth": 408,
                "width": 16,
                "modifiers": [],
                "variableDeclaration": {
                    "kind": "VariableDeclaration",
                    "fullStart": 0,
                    "fullEnd": 406,
                    "start": 391,
                    "end": 406,
                    "fullWidth": 406,
                    "width": 15,
                    "varKeyword": {
                        "kind": "VarKeyword",
                        "fullStart": 0,
                        "fullEnd": 395,
                        "start": 391,
                        "end": 394,
                        "fullWidth": 395,
                        "width": 3,
                        "text": "var",
                        "value": "var",
                        "valueText": "var",
                        "hasLeadingTrivia": true,
                        "hasLeadingComment": true,
                        "hasLeadingNewLine": true,
                        "hasTrailingTrivia": true,
                        "leadingTrivia": [
                            {
                                "kind": "SingleLineCommentTrivia",
                                "fullStart": 0,
                                "fullEnd": 60,
                                "text": "// Copyright 2009 the Sputnik authors.  All rights reserved."
                            },
                            {
                                "kind": "NewLineTrivia",
                                "fullStart": 60,
                                "fullEnd": 61,
                                "text": "\n"
                            },
                            {
                                "kind": "SingleLineCommentTrivia",
                                "fullStart": 61,
                                "fullEnd": 131,
                                "text": "// This code is governed by the BSD license found in the LICENSE file."
                            },
                            {
                                "kind": "NewLineTrivia",
                                "fullStart": 131,
                                "fullEnd": 132,
                                "text": "\n"
                            },
                            {
                                "kind": "NewLineTrivia",
                                "fullStart": 132,
                                "fullEnd": 133,
                                "text": "\n"
                            },
                            {
                                "kind": "MultiLineCommentTrivia",
                                "fullStart": 133,
                                "fullEnd": 379,
                                "text": "/**\n * Check examples for automatic semicolon insertion from the Standart\n *\n * @path ch07/7.9/7.9.2/S7.9.2_A1_T5.js\n * @description a=b \\n ++c is a valid sentence in the ECMAScript grammar\n *  with automatic semicolon insertion, but a!==b++c\n */"
                            },
                            {
                                "kind": "NewLineTrivia",
                                "fullStart": 379,
                                "fullEnd": 380,
                                "text": "\n"
                            },
                            {
                                "kind": "NewLineTrivia",
                                "fullStart": 380,
                                "fullEnd": 381,
                                "text": "\n"
                            },
                            {
                                "kind": "SingleLineCommentTrivia",
                                "fullStart": 381,
                                "fullEnd": 390,
                                "text": "//CHECK#1"
                            },
                            {
                                "kind": "NewLineTrivia",
                                "fullStart": 390,
                                "fullEnd": 391,
                                "text": "\n"
                            }
                        ],
                        "trailingTrivia": [
                            {
                                "kind": "WhitespaceTrivia",
                                "fullStart": 394,
                                "fullEnd": 395,
                                "text": " "
                            }
                        ]
                    },
                    "variableDeclarators": [
                        {
                            "kind": "VariableDeclarator",
                            "fullStart": 395,
                            "fullEnd": 398,
                            "start": 395,
                            "end": 398,
                            "fullWidth": 3,
                            "width": 3,
                            "propertyName": {
                                "kind": "IdentifierName",
                                "fullStart": 395,
                                "fullEnd": 396,
                                "start": 395,
                                "end": 396,
                                "fullWidth": 1,
                                "width": 1,
                                "text": "a",
                                "value": "a",
                                "valueText": "a"
                            },
                            "equalsValueClause": {
                                "kind": "EqualsValueClause",
                                "fullStart": 396,
                                "fullEnd": 398,
                                "start": 396,
                                "end": 398,
                                "fullWidth": 2,
                                "width": 2,
                                "equalsToken": {
                                    "kind": "EqualsToken",
                                    "fullStart": 396,
                                    "fullEnd": 397,
                                    "start": 396,
                                    "end": 397,
                                    "fullWidth": 1,
                                    "width": 1,
                                    "text": "=",
                                    "value": "=",
                                    "valueText": "="
                                },
                                "value": {
                                    "kind": "NumericLiteral",
                                    "fullStart": 397,
                                    "fullEnd": 398,
                                    "start": 397,
                                    "end": 398,
                                    "fullWidth": 1,
                                    "width": 1,
                                    "text": "1",
                                    "value": 1,
                                    "valueText": "1"
                                }
                            }
                        },
                        {
                            "kind": "CommaToken",
                            "fullStart": 398,
                            "fullEnd": 399,
                            "start": 398,
                            "end": 399,
                            "fullWidth": 1,
                            "width": 1,
                            "text": ",",
                            "value": ",",
                            "valueText": ","
                        },
                        {
                            "kind": "VariableDeclarator",
                            "fullStart": 399,
                            "fullEnd": 402,
                            "start": 399,
                            "end": 402,
                            "fullWidth": 3,
                            "width": 3,
                            "propertyName": {
                                "kind": "IdentifierName",
                                "fullStart": 399,
                                "fullEnd": 400,
                                "start": 399,
                                "end": 400,
                                "fullWidth": 1,
                                "width": 1,
                                "text": "b",
                                "value": "b",
                                "valueText": "b"
                            },
                            "equalsValueClause": {
                                "kind": "EqualsValueClause",
                                "fullStart": 400,
                                "fullEnd": 402,
                                "start": 400,
                                "end": 402,
                                "fullWidth": 2,
                                "width": 2,
                                "equalsToken": {
                                    "kind": "EqualsToken",
                                    "fullStart": 400,
                                    "fullEnd": 401,
                                    "start": 400,
                                    "end": 401,
                                    "fullWidth": 1,
                                    "width": 1,
                                    "text": "=",
                                    "value": "=",
                                    "valueText": "="
                                },
                                "value": {
                                    "kind": "NumericLiteral",
                                    "fullStart": 401,
                                    "fullEnd": 402,
                                    "start": 401,
                                    "end": 402,
                                    "fullWidth": 1,
                                    "width": 1,
                                    "text": "2",
                                    "value": 2,
                                    "valueText": "2"
                                }
                            }
                        },
                        {
                            "kind": "CommaToken",
                            "fullStart": 402,
                            "fullEnd": 403,
                            "start": 402,
                            "end": 403,
                            "fullWidth": 1,
                            "width": 1,
                            "text": ",",
                            "value": ",",
                            "valueText": ","
                        },
                        {
                            "kind": "VariableDeclarator",
                            "fullStart": 403,
                            "fullEnd": 406,
                            "start": 403,
                            "end": 406,
                            "fullWidth": 3,
                            "width": 3,
                            "propertyName": {
                                "kind": "IdentifierName",
                                "fullStart": 403,
                                "fullEnd": 404,
                                "start": 403,
                                "end": 404,
                                "fullWidth": 1,
                                "width": 1,
                                "text": "c",
                                "value": "c",
                                "valueText": "c"
                            },
                            "equalsValueClause": {
                                "kind": "EqualsValueClause",
                                "fullStart": 404,
                                "fullEnd": 406,
                                "start": 404,
                                "end": 406,
                                "fullWidth": 2,
                                "width": 2,
                                "equalsToken": {
                                    "kind": "EqualsToken",
                                    "fullStart": 404,
                                    "fullEnd": 405,
                                    "start": 404,
                                    "end": 405,
                                    "fullWidth": 1,
                                    "width": 1,
                                    "text": "=",
                                    "value": "=",
                                    "valueText": "="
                                },
                                "value": {
                                    "kind": "NumericLiteral",
                                    "fullStart": 405,
                                    "fullEnd": 406,
                                    "start": 405,
                                    "end": 406,
                                    "fullWidth": 1,
                                    "width": 1,
                                    "text": "3",
                                    "value": 3,
                                    "valueText": "3"
                                }
                            }
                        }
                    ]
                },
                "semicolonToken": {
                    "kind": "SemicolonToken",
                    "fullStart": 406,
                    "fullEnd": 408,
                    "start": 406,
                    "end": 407,
                    "fullWidth": 2,
                    "width": 1,
                    "text": ";",
                    "value": ";",
                    "valueText": ";",
                    "hasTrailingTrivia": true,
                    "hasTrailingNewLine": true,
                    "trailingTrivia": [
                        {
                            "kind": "NewLineTrivia",
                            "fullStart": 407,
                            "fullEnd": 408,
                            "text": "\n"
                        }
                    ]
                }
            },
            {
                "kind": "ExpressionStatement",
                "fullStart": 408,
                "fullEnd": 412,
                "start": 408,
                "end": 411,
                "fullWidth": 4,
                "width": 3,
                "isIncrementallyUnusable": true,
                "expression": {
                    "kind": "AssignmentExpression",
                    "fullStart": 408,
                    "fullEnd": 412,
                    "start": 408,
                    "end": 411,
                    "fullWidth": 4,
                    "width": 3,
                    "left": {
                        "kind": "IdentifierName",
                        "fullStart": 408,
                        "fullEnd": 409,
                        "start": 408,
                        "end": 409,
                        "fullWidth": 1,
                        "width": 1,
                        "text": "a",
                        "value": "a",
                        "valueText": "a"
                    },
                    "operatorToken": {
                        "kind": "EqualsToken",
                        "fullStart": 409,
                        "fullEnd": 410,
                        "start": 409,
                        "end": 410,
                        "fullWidth": 1,
                        "width": 1,
                        "text": "=",
                        "value": "=",
                        "valueText": "="
                    },
                    "right": {
                        "kind": "IdentifierName",
                        "fullStart": 410,
                        "fullEnd": 412,
                        "start": 410,
                        "end": 411,
                        "fullWidth": 2,
                        "width": 1,
                        "text": "b",
                        "value": "b",
                        "valueText": "b",
                        "hasTrailingTrivia": true,
                        "hasTrailingNewLine": true,
                        "trailingTrivia": [
                            {
                                "kind": "NewLineTrivia",
                                "fullStart": 411,
                                "fullEnd": 412,
                                "text": "\n"
                            }
                        ]
                    }
                },
                "semicolonToken": {
                    "kind": "SemicolonToken",
                    "fullStart": 412,
                    "fullEnd": 412,
                    "start": 412,
                    "end": 412,
                    "fullWidth": 0,
                    "width": 0,
                    "text": ""
                }
            },
            {
                "kind": "ExpressionStatement",
                "fullStart": 412,
                "fullEnd": 416,
                "start": 412,
                "end": 415,
                "fullWidth": 4,
                "width": 3,
                "isIncrementallyUnusable": true,
                "expression": {
                    "kind": "PreIncrementExpression",
                    "fullStart": 412,
                    "fullEnd": 416,
                    "start": 412,
                    "end": 415,
                    "fullWidth": 4,
                    "width": 3,
                    "operatorToken": {
                        "kind": "PlusPlusToken",
                        "fullStart": 412,
                        "fullEnd": 414,
                        "start": 412,
                        "end": 414,
                        "fullWidth": 2,
                        "width": 2,
                        "text": "++",
                        "value": "++",
                        "valueText": "++"
                    },
                    "operand": {
                        "kind": "IdentifierName",
                        "fullStart": 414,
                        "fullEnd": 416,
                        "start": 414,
                        "end": 415,
                        "fullWidth": 2,
                        "width": 1,
                        "text": "c",
                        "value": "c",
                        "valueText": "c",
                        "hasTrailingTrivia": true,
                        "hasTrailingNewLine": true,
                        "trailingTrivia": [
                            {
                                "kind": "NewLineTrivia",
                                "fullStart": 415,
                                "fullEnd": 416,
                                "text": "\n"
                            }
                        ]
                    }
                },
                "semicolonToken": {
                    "kind": "SemicolonToken",
                    "fullStart": 416,
                    "fullEnd": 416,
                    "start": 416,
                    "end": 416,
                    "fullWidth": 0,
                    "width": 0,
                    "text": ""
                }
            },
            {
                "kind": "IfStatement",
                "fullStart": 416,
                "fullEnd": 490,
                "start": 417,
                "end": 489,
                "fullWidth": 74,
                "width": 72,
                "ifKeyword": {
                    "kind": "IfKeyword",
                    "fullStart": 416,
                    "fullEnd": 420,
                    "start": 417,
                    "end": 419,
                    "fullWidth": 4,
                    "width": 2,
                    "text": "if",
                    "value": "if",
                    "valueText": "if",
                    "hasLeadingTrivia": true,
                    "hasLeadingNewLine": true,
                    "hasTrailingTrivia": true,
                    "leadingTrivia": [
                        {
                            "kind": "NewLineTrivia",
                            "fullStart": 416,
                            "fullEnd": 417,
                            "text": "\n"
                        }
                    ],
                    "trailingTrivia": [
                        {
                            "kind": "WhitespaceTrivia",
                            "fullStart": 419,
                            "fullEnd": 420,
                            "text": " "
                        }
                    ]
                },
                "openParenToken": {
                    "kind": "OpenParenToken",
                    "fullStart": 420,
                    "fullEnd": 421,
                    "start": 420,
                    "end": 421,
                    "fullWidth": 1,
                    "width": 1,
                    "text": "(",
                    "value": "(",
                    "valueText": "("
                },
                "condition": {
                    "kind": "NotEqualsExpression",
                    "fullStart": 421,
                    "fullEnd": 426,
                    "start": 421,
                    "end": 426,
                    "fullWidth": 5,
                    "width": 5,
                    "left": {
                        "kind": "IdentifierName",
                        "fullStart": 421,
                        "fullEnd": 422,
                        "start": 421,
                        "end": 422,
                        "fullWidth": 1,
                        "width": 1,
                        "text": "a",
                        "value": "a",
                        "valueText": "a"
                    },
                    "operatorToken": {
                        "kind": "ExclamationEqualsEqualsToken",
                        "fullStart": 422,
                        "fullEnd": 425,
                        "start": 422,
                        "end": 425,
                        "fullWidth": 3,
                        "width": 3,
                        "text": "!==",
                        "value": "!==",
                        "valueText": "!=="
                    },
                    "right": {
                        "kind": "IdentifierName",
                        "fullStart": 425,
                        "fullEnd": 426,
                        "start": 425,
                        "end": 426,
                        "fullWidth": 1,
                        "width": 1,
                        "text": "b",
                        "value": "b",
                        "valueText": "b"
                    }
                },
                "closeParenToken": {
                    "kind": "CloseParenToken",
                    "fullStart": 426,
                    "fullEnd": 428,
                    "start": 426,
                    "end": 427,
                    "fullWidth": 2,
                    "width": 1,
                    "text": ")",
                    "value": ")",
                    "valueText": ")",
                    "hasTrailingTrivia": true,
                    "trailingTrivia": [
                        {
                            "kind": "WhitespaceTrivia",
                            "fullStart": 427,
                            "fullEnd": 428,
                            "text": " "
                        }
                    ]
                },
                "statement": {
                    "kind": "ExpressionStatement",
                    "fullStart": 428,
                    "fullEnd": 490,
                    "start": 428,
                    "end": 489,
                    "fullWidth": 62,
                    "width": 61,
                    "expression": {
                        "kind": "InvocationExpression",
                        "fullStart": 428,
                        "fullEnd": 488,
                        "start": 428,
                        "end": 488,
                        "fullWidth": 60,
                        "width": 60,
                        "expression": {
                            "kind": "IdentifierName",
                            "fullStart": 428,
                            "fullEnd": 434,
                            "start": 428,
                            "end": 434,
                            "fullWidth": 6,
                            "width": 6,
                            "text": "$ERROR",
                            "value": "$ERROR",
                            "valueText": "$ERROR"
                        },
                        "argumentList": {
                            "kind": "ArgumentList",
                            "fullStart": 434,
                            "fullEnd": 488,
                            "start": 434,
                            "end": 488,
                            "fullWidth": 54,
                            "width": 54,
                            "openParenToken": {
                                "kind": "OpenParenToken",
                                "fullStart": 434,
                                "fullEnd": 435,
                                "start": 434,
                                "end": 435,
                                "fullWidth": 1,
                                "width": 1,
                                "text": "(",
                                "value": "(",
                                "valueText": "("
                            },
                            "arguments": [
                                {
                                    "kind": "StringLiteral",
                                    "fullStart": 435,
                                    "fullEnd": 487,
                                    "start": 435,
                                    "end": 487,
                                    "fullWidth": 52,
                                    "width": 52,
                                    "text": "'#1: Automatic semicolon insertion not work with ++'",
                                    "value": "#1: Automatic semicolon insertion not work with ++",
                                    "valueText": "#1: Automatic semicolon insertion not work with ++"
                                }
                            ],
                            "closeParenToken": {
                                "kind": "CloseParenToken",
                                "fullStart": 487,
                                "fullEnd": 488,
                                "start": 487,
                                "end": 488,
                                "fullWidth": 1,
                                "width": 1,
                                "text": ")",
                                "value": ")",
                                "valueText": ")"
                            }
                        }
                    },
                    "semicolonToken": {
                        "kind": "SemicolonToken",
                        "fullStart": 488,
                        "fullEnd": 490,
                        "start": 488,
                        "end": 489,
                        "fullWidth": 2,
                        "width": 1,
                        "text": ";",
                        "value": ";",
                        "valueText": ";",
                        "hasTrailingTrivia": true,
                        "hasTrailingNewLine": true,
                        "trailingTrivia": [
                            {
                                "kind": "NewLineTrivia",
                                "fullStart": 489,
                                "fullEnd": 490,
                                "text": "\n"
                            }
                        ]
                    }
                }
            }
        ],
        "endOfFileToken": {
            "kind": "EndOfFileToken",
            "fullStart": 490,
            "fullEnd": 491,
            "start": 491,
            "end": 491,
            "fullWidth": 1,
            "width": 0,
            "text": "",
            "hasLeadingTrivia": true,
            "hasLeadingNewLine": true,
            "leadingTrivia": [
                {
                    "kind": "NewLineTrivia",
                    "fullStart": 490,
                    "fullEnd": 491,
                    "text": "\n"
                }
            ]
        }
    },
    "lineMap": {
        "lineStarts": [
            0,
            61,
            132,
            133,
            137,
            207,
            210,
            250,
            323,
            376,
            380,
            381,
            391,
            408,
            412,
            416,
            417,
            490,
            491
        ],
        "length": 491
    }
}