{
    "isDeclaration": false,
    "languageVersion": "EcmaScript5",
    "parseOptions": {
        "allowAutomaticSemicolonInsertion": true
    },
    "diagnostics": [
        {
            "start": 434,
            "length": 2,
            "diagnosticCode": "'{0}' expected.",
            "arguments": [
                ","
            ]
        }
    ],
    "sourceUnit": {
        "kind": "SourceUnit",
        "fullStart": 0,
        "fullEnd": 528,
        "start": 326,
        "end": 528,
        "fullWidth": 528,
        "width": 202,
        "isIncrementallyUnusable": true,
        "moduleElements": [
            {
                "kind": "ExpressionStatement",
                "fullStart": 0,
                "fullEnd": 338,
                "start": 326,
                "end": 337,
                "fullWidth": 338,
                "width": 11,
                "expression": {
                    "kind": "AssignmentExpression",
                    "fullStart": 0,
                    "fullEnd": 336,
                    "start": 326,
                    "end": 336,
                    "fullWidth": 336,
                    "width": 10,
                    "left": {
                        "kind": "IdentifierName",
                        "fullStart": 0,
                        "fullEnd": 332,
                        "start": 326,
                        "end": 331,
                        "fullWidth": 332,
                        "width": 5,
                        "text": "__arr",
                        "value": "__arr",
                        "valueText": "__arr",
                        "hasLeadingTrivia": true,
                        "hasLeadingComment": true,
                        "hasLeadingNewLine": true,
                        "hasTrailingTrivia": true,
                        "leadingTrivia": [
                            {
                                "kind": "SingleLineCommentTrivia",
                                "fullStart": 0,
                                "fullEnd": 60,
                                "text": "// Copyright 2009 the Sputnik authors.  All rights reserved."
                            },
                            {
                                "kind": "NewLineTrivia",
                                "fullStart": 60,
                                "fullEnd": 61,
                                "text": "\n"
                            },
                            {
                                "kind": "SingleLineCommentTrivia",
                                "fullStart": 61,
                                "fullEnd": 131,
                                "text": "// This code is governed by the BSD license found in the LICENSE file."
                            },
                            {
                                "kind": "NewLineTrivia",
                                "fullStart": 131,
                                "fullEnd": 132,
                                "text": "\n"
                            },
                            {
                                "kind": "NewLineTrivia",
                                "fullStart": 132,
                                "fullEnd": 133,
                                "text": "\n"
                            },
                            {
                                "kind": "MultiLineCommentTrivia",
                                "fullStart": 133,
                                "fullEnd": 324,
                                "text": "/**\n * Only AssignmentExpression is admitted when variable is initialized\n *\n * @path ch12/12.2/S12.2_A8_T8.js\n * @description Checking if execution of \"var x in __arr\" fails\n * @negative\n */"
                            },
                            {
                                "kind": "NewLineTrivia",
                                "fullStart": 324,
                                "fullEnd": 325,
                                "text": "\n"
                            },
                            {
                                "kind": "NewLineTrivia",
                                "fullStart": 325,
                                "fullEnd": 326,
                                "text": "\n"
                            }
                        ],
                        "trailingTrivia": [
                            {
                                "kind": "WhitespaceTrivia",
                                "fullStart": 331,
                                "fullEnd": 332,
                                "text": " "
                            }
                        ]
                    },
                    "operatorToken": {
                        "kind": "EqualsToken",
                        "fullStart": 332,
                        "fullEnd": 334,
                        "start": 332,
                        "end": 333,
                        "fullWidth": 2,
                        "width": 1,
                        "text": "=",
                        "value": "=",
                        "valueText": "=",
                        "hasTrailingTrivia": true,
                        "trailingTrivia": [
                            {
                                "kind": "WhitespaceTrivia",
                                "fullStart": 333,
                                "fullEnd": 334,
                                "text": " "
                            }
                        ]
                    },
                    "right": {
                        "kind": "ArrayLiteralExpression",
                        "fullStart": 334,
                        "fullEnd": 336,
                        "start": 334,
                        "end": 336,
                        "fullWidth": 2,
                        "width": 2,
                        "openBracketToken": {
                            "kind": "OpenBracketToken",
                            "fullStart": 334,
                            "fullEnd": 335,
                            "start": 334,
                            "end": 335,
                            "fullWidth": 1,
                            "width": 1,
                            "text": "[",
                            "value": "[",
                            "valueText": "["
                        },
                        "expressions": [],
                        "closeBracketToken": {
                            "kind": "CloseBracketToken",
                            "fullStart": 335,
                            "fullEnd": 336,
                            "start": 335,
                            "end": 336,
                            "fullWidth": 1,
                            "width": 1,
                            "text": "]",
                            "value": "]",
                            "valueText": "]"
                        }
                    }
                },
                "semicolonToken": {
                    "kind": "SemicolonToken",
                    "fullStart": 336,
                    "fullEnd": 338,
                    "start": 336,
                    "end": 337,
                    "fullWidth": 2,
                    "width": 1,
                    "text": ";",
                    "value": ";",
                    "valueText": ";",
                    "hasTrailingTrivia": true,
                    "hasTrailingNewLine": true,
                    "trailingTrivia": [
                        {
                            "kind": "NewLineTrivia",
                            "fullStart": 337,
                            "fullEnd": 338,
                            "text": "\n"
                        }
                    ]
                }
            },
            {
                "kind": "VariableStatement",
                "fullStart": 338,
                "fullEnd": 444,
                "start": 428,
                "end": 443,
                "fullWidth": 106,
                "width": 15,
                "isIncrementallyUnusable": true,
                "modifiers": [],
                "variableDeclaration": {
                    "kind": "VariableDeclaration",
                    "fullStart": 338,
                    "fullEnd": 442,
                    "start": 428,
                    "end": 442,
                    "fullWidth": 104,
                    "width": 14,
                    "isIncrementallyUnusable": true,
                    "varKeyword": {
                        "kind": "VarKeyword",
                        "fullStart": 338,
                        "fullEnd": 432,
                        "start": 428,
                        "end": 431,
                        "fullWidth": 94,
                        "width": 3,
                        "text": "var",
                        "value": "var",
                        "valueText": "var",
                        "hasLeadingTrivia": true,
                        "hasLeadingComment": true,
                        "hasLeadingNewLine": true,
                        "hasTrailingTrivia": true,
                        "leadingTrivia": [
                            {
                                "kind": "NewLineTrivia",
                                "fullStart": 338,
                                "fullEnd": 339,
                                "text": "\n"
                            },
                            {
                                "kind": "SingleLineCommentTrivia",
                                "fullStart": 339,
                                "fullEnd": 417,
                                "text": "//////////////////////////////////////////////////////////////////////////////"
                            },
                            {
                                "kind": "NewLineTrivia",
                                "fullStart": 417,
                                "fullEnd": 418,
                                "text": "\n"
                            },
                            {
                                "kind": "SingleLineCommentTrivia",
                                "fullStart": 418,
                                "fullEnd": 427,
                                "text": "//CHECK#1"
                            },
                            {
                                "kind": "NewLineTrivia",
                                "fullStart": 427,
                                "fullEnd": 428,
                                "text": "\n"
                            }
                        ],
                        "trailingTrivia": [
                            {
                                "kind": "WhitespaceTrivia",
                                "fullStart": 431,
                                "fullEnd": 432,
                                "text": " "
                            }
                        ]
                    },
                    "variableDeclarators": [
                        {
                            "kind": "VariableDeclarator",
                            "fullStart": 432,
                            "fullEnd": 437,
                            "start": 432,
                            "end": 433,
                            "fullWidth": 5,
                            "width": 1,
                            "isIncrementallyUnusable": true,
                            "propertyName": {
                                "kind": "IdentifierName",
                                "fullStart": 432,
                                "fullEnd": 437,
                                "start": 432,
                                "end": 433,
                                "fullWidth": 5,
                                "width": 1,
                                "text": "x",
                                "value": "x",
                                "valueText": "x",
                                "hasTrailingTrivia": true,
                                "hasTrailingSkippedText": true,
                                "trailingTrivia": [
                                    {
                                        "kind": "WhitespaceTrivia",
                                        "fullStart": 433,
                                        "fullEnd": 434,
                                        "text": " "
                                    },
                                    {
                                        "kind": "SkippedTokenTrivia",
                                        "skippedToken": {
                                            "kind": "InKeyword",
                                            "fullStart": 434,
                                            "fullEnd": 436,
                                            "start": 434,
                                            "end": 436,
                                            "fullWidth": 2,
                                            "width": 2,
                                            "text": "in",
                                            "value": "in",
                                            "valueText": "in"
                                        }
                                    },
                                    {
                                        "kind": "WhitespaceTrivia",
                                        "fullStart": 436,
                                        "fullEnd": 437,
                                        "text": " "
                                    }
                                ]
                            }
                        },
                        {
                            "kind": "CommaToken",
                            "fullStart": 437,
                            "fullEnd": 437,
                            "start": 437,
                            "end": 437,
                            "fullWidth": 0,
                            "width": 0,
                            "text": ""
                        },
                        {
                            "kind": "VariableDeclarator",
                            "fullStart": 437,
                            "fullEnd": 442,
                            "start": 437,
                            "end": 442,
                            "fullWidth": 5,
                            "width": 5,
                            "propertyName": {
                                "kind": "IdentifierName",
                                "fullStart": 437,
                                "fullEnd": 442,
                                "start": 437,
                                "end": 442,
                                "fullWidth": 5,
                                "width": 5,
                                "text": "__arr",
                                "value": "__arr",
                                "valueText": "__arr"
                            }
                        }
                    ]
                },
                "semicolonToken": {
                    "kind": "SemicolonToken",
                    "fullStart": 442,
                    "fullEnd": 444,
                    "start": 442,
                    "end": 443,
                    "fullWidth": 2,
                    "width": 1,
                    "text": ";",
                    "value": ";",
                    "valueText": ";",
                    "hasTrailingTrivia": true,
                    "hasTrailingNewLine": true,
                    "trailingTrivia": [
                        {
                            "kind": "NewLineTrivia",
                            "fullStart": 443,
                            "fullEnd": 444,
                            "text": "\n"
                        }
                    ]
                }
            }
        ],
        "endOfFileToken": {
            "kind": "EndOfFileToken",
            "fullStart": 444,
            "fullEnd": 528,
            "start": 528,
            "end": 528,
            "fullWidth": 84,
            "width": 0,
            "text": "",
            "hasLeadingTrivia": true,
            "hasLeadingComment": true,
            "hasLeadingNewLine": true,
            "leadingTrivia": [
                {
                    "kind": "SingleLineCommentTrivia",
                    "fullStart": 444,
                    "fullEnd": 446,
                    "text": "//"
                },
                {
                    "kind": "NewLineTrivia",
                    "fullStart": 446,
                    "fullEnd": 447,
                    "text": "\n"
                },
                {
                    "kind": "SingleLineCommentTrivia",
                    "fullStart": 447,
                    "fullEnd": 525,
                    "text": "//////////////////////////////////////////////////////////////////////////////"
                },
                {
                    "kind": "NewLineTrivia",
                    "fullStart": 525,
                    "fullEnd": 526,
                    "text": "\n"
                },
                {
                    "kind": "NewLineTrivia",
                    "fullStart": 526,
                    "fullEnd": 527,
                    "text": "\n"
                },
                {
                    "kind": "NewLineTrivia",
                    "fullStart": 527,
                    "fullEnd": 528,
                    "text": "\n"
                }
            ]
        }
    },
    "lineMap": {
        "lineStarts": [
            0,
            61,
            132,
            133,
            137,
            207,
            210,
            244,
            308,
            321,
            325,
            326,
            338,
            339,
            418,
            428,
            444,
            447,
            526,
            527,
            528
        ],
        "length": 528
    }
}