{
    "isDeclaration": false,
    "languageVersion": "EcmaScript5",
    "parseOptions": {
        "allowAutomaticSemicolonInsertion": true
    },
    "diagnostics": [
        {
            "start": 417,
            "length": 2,
            "diagnosticCode": "'{0}' expected.",
            "arguments": [
                ","
            ]
        },
        {
            "start": 420,
            "length": 1,
            "diagnosticCode": "Unexpected token; '{0}' expected.",
            "arguments": [
                "identifier"
            ]
        }
    ],
    "sourceUnit": {
        "kind": "SourceUnit",
        "fullStart": 0,
        "fullEnd": 506,
        "start": 411,
        "end": 506,
        "fullWidth": 506,
        "width": 95,
        "isIncrementallyUnusable": true,
        "moduleElements": [
            {
                "kind": "VariableStatement",
                "fullStart": 0,
                "fullEnd": 420,
                "start": 411,
                "end": 416,
                "fullWidth": 420,
                "width": 5,
                "isIncrementallyUnusable": true,
                "modifiers": [],
                "variableDeclaration": {
                    "kind": "VariableDeclaration",
                    "fullStart": 0,
                    "fullEnd": 420,
                    "start": 411,
                    "end": 416,
                    "fullWidth": 420,
                    "width": 5,
                    "isIncrementallyUnusable": true,
                    "varKeyword": {
                        "kind": "VarKeyword",
                        "fullStart": 0,
                        "fullEnd": 415,
                        "start": 411,
                        "end": 414,
                        "fullWidth": 415,
                        "width": 3,
                        "text": "var",
                        "value": "var",
                        "valueText": "var",
                        "hasLeadingTrivia": true,
                        "hasLeadingComment": true,
                        "hasLeadingNewLine": true,
                        "hasTrailingTrivia": true,
                        "leadingTrivia": [
                            {
                                "kind": "SingleLineCommentTrivia",
                                "text": "// Copyright 2009 the Sputnik authors.  All rights reserved."
                            },
                            {
                                "kind": "NewLineTrivia",
                                "text": "\n"
                            },
                            {
                                "kind": "SingleLineCommentTrivia",
                                "text": "// This code is governed by the BSD license found in the LICENSE file."
                            },
                            {
                                "kind": "NewLineTrivia",
                                "text": "\n"
                            },
                            {
                                "kind": "NewLineTrivia",
                                "text": "\n"
                            },
                            {
                                "kind": "MultiLineCommentTrivia",
                                "text": "/**\n * Only AssignmentExpression is admitted when variable is initialized\n *\n * @path ch12/12.2/S12.2_A8_T3.js\n * @description Checking if execution of \"var x && 1\" fails\n * @negative\n */"
                            },
                            {
                                "kind": "NewLineTrivia",
                                "text": "\n"
                            },
                            {
                                "kind": "NewLineTrivia",
                                "text": "\n"
                            },
                            {
                                "kind": "SingleLineCommentTrivia",
                                "text": "//////////////////////////////////////////////////////////////////////////////"
                            },
                            {
                                "kind": "NewLineTrivia",
                                "text": "\n"
                            },
                            {
                                "kind": "SingleLineCommentTrivia",
                                "text": "//CHECK#1"
                            },
                            {
                                "kind": "NewLineTrivia",
                                "text": "\n"
                            }
                        ],
                        "trailingTrivia": [
                            {
                                "kind": "WhitespaceTrivia",
                                "text": " "
                            }
                        ]
                    },
                    "variableDeclarators": [
                        {
                            "kind": "VariableDeclarator",
                            "fullStart": 415,
                            "fullEnd": 420,
                            "start": 415,
                            "end": 416,
                            "fullWidth": 5,
                            "width": 1,
                            "isIncrementallyUnusable": true,
                            "propertyName": {
                                "kind": "IdentifierName",
                                "fullStart": 415,
                                "fullEnd": 420,
                                "start": 415,
                                "end": 416,
                                "fullWidth": 5,
                                "width": 1,
                                "text": "x",
                                "value": "x",
                                "valueText": "x",
                                "hasTrailingTrivia": true,
                                "hasTrailingSkippedText": true,
                                "trailingTrivia": [
                                    {
                                        "kind": "WhitespaceTrivia",
                                        "text": " "
                                    },
                                    {
                                        "kind": "SkippedTokenTrivia",
                                        "skippedToken": {
                                            "kind": "AmpersandAmpersandToken",
                                            "fullStart": 417,
                                            "fullEnd": 419,
                                            "start": 417,
                                            "end": 419,
                                            "fullWidth": 2,
                                            "width": 2,
                                            "text": "&&",
                                            "value": "&&",
                                            "valueText": "&&"
                                        }
                                    },
                                    {
                                        "kind": "WhitespaceTrivia",
                                        "text": " "
                                    }
                                ]
                            }
                        },
                        {
                            "kind": "CommaToken",
                            "fullStart": -1,
                            "fullEnd": -1,
                            "start": -1,
                            "end": -1,
                            "fullWidth": 0,
                            "width": 0,
                            "text": ""
                        }
                    ]
                },
                "semicolonToken": {
                    "kind": "SemicolonToken",
                    "fullStart": -1,
                    "fullEnd": -1,
                    "start": -1,
                    "end": -1,
                    "fullWidth": 0,
                    "width": 0,
                    "text": ""
                }
            },
            {
                "kind": "ExpressionStatement",
                "fullStart": 420,
                "fullEnd": 423,
                "start": 420,
                "end": 422,
                "fullWidth": 3,
                "width": 2,
                "expression": {
                    "kind": "NumericLiteral",
                    "fullStart": 420,
                    "fullEnd": 421,
                    "start": 420,
                    "end": 421,
                    "fullWidth": 1,
                    "width": 1,
                    "text": "1",
                    "value": 1,
                    "valueText": "1"
                },
                "semicolonToken": {
                    "kind": "SemicolonToken",
                    "fullStart": 421,
                    "fullEnd": 423,
                    "start": 421,
                    "end": 422,
                    "fullWidth": 2,
                    "width": 1,
                    "text": ";",
                    "value": ";",
                    "valueText": ";",
                    "hasTrailingTrivia": true,
                    "hasTrailingNewLine": true,
                    "trailingTrivia": [
                        {
                            "kind": "NewLineTrivia",
                            "text": "\n"
                        }
                    ]
                }
            }
        ],
        "endOfFileToken": {
            "kind": "EndOfFileToken",
            "fullStart": 423,
            "fullEnd": 506,
            "start": 506,
            "end": 506,
            "fullWidth": 83,
            "width": 0,
            "text": "",
            "hasLeadingTrivia": true,
            "hasLeadingComment": true,
            "hasLeadingNewLine": true,
            "leadingTrivia": [
                {
                    "kind": "SingleLineCommentTrivia",
                    "text": "//"
                },
                {
                    "kind": "NewLineTrivia",
                    "text": "\n"
                },
                {
                    "kind": "SingleLineCommentTrivia",
                    "text": "//////////////////////////////////////////////////////////////////////////////"
                },
                {
                    "kind": "NewLineTrivia",
                    "text": "\n"
                },
                {
                    "kind": "NewLineTrivia",
                    "text": "\n"
                }
            ]
        }
    },
    "lineMap": {
        "lineStarts": [
            0,
            61,
            132,
            133,
            137,
            207,
            210,
            244,
            304,
            317,
            321,
            322,
            401,
            411,
            423,
            426,
            505,
            506
        ],
        "length": 506
    }
}