{
    "isDeclaration": false,
    "languageVersion": "EcmaScript5",
    "diagnostics": [
        {
            "start": 30,
            "length": 6,
            "diagnosticCode": "Identifier expected; '{0}' is a keyword.",
            "arguments": [
                "return"
            ]
        }
    ],
    "sourceUnit": {
        "kind": "SourceUnit",
        "fullStart": 0,
        "fullEnd": 40,
        "start": 0,
        "end": 40,
        "fullWidth": 40,
        "width": 40,
        "isIncrementallyUnusable": true,
        "moduleElements": [
            {
                "kind": "FunctionDeclaration",
                "fullStart": 0,
                "fullEnd": 40,
                "start": 0,
                "end": 40,
                "fullWidth": 40,
                "width": 40,
                "isIncrementallyUnusable": true,
                "modifiers": [],
                "functionKeyword": {
                    "kind": "FunctionKeyword",
                    "fullStart": 0,
                    "fullEnd": 9,
                    "start": 0,
                    "end": 8,
                    "fullWidth": 9,
                    "width": 8,
                    "text": "function",
                    "value": "function",
                    "valueText": "function",
                    "hasTrailingTrivia": true,
                    "trailingTrivia": [
                        {
                            "kind": "WhitespaceTrivia",
                            "fullStart": 8,
                            "fullEnd": 9,
                            "text": " "
                        }
                    ]
                },
                "identifier": {
                    "kind": "IdentifierName",
                    "fullStart": 9,
                    "fullEnd": 10,
                    "start": 9,
                    "end": 10,
                    "fullWidth": 1,
                    "width": 1,
                    "text": "f",
                    "value": "f",
                    "valueText": "f"
                },
                "callSignature": {
                    "kind": "CallSignature",
                    "fullStart": 10,
                    "fullEnd": 13,
                    "start": 10,
                    "end": 12,
                    "fullWidth": 3,
                    "width": 2,
                    "parameterList": {
                        "kind": "ParameterList",
                        "fullStart": 10,
                        "fullEnd": 13,
                        "start": 10,
                        "end": 12,
                        "fullWidth": 3,
                        "width": 2,
                        "openParenToken": {
                            "kind": "OpenParenToken",
                            "fullStart": 10,
                            "fullEnd": 11,
                            "start": 10,
                            "end": 11,
                            "fullWidth": 1,
                            "width": 1,
                            "text": "(",
                            "value": "(",
                            "valueText": "("
                        },
                        "parameters": [],
                        "closeParenToken": {
                            "kind": "CloseParenToken",
                            "fullStart": 11,
                            "fullEnd": 13,
                            "start": 11,
                            "end": 12,
                            "fullWidth": 2,
                            "width": 1,
                            "text": ")",
                            "value": ")",
                            "valueText": ")",
                            "hasTrailingTrivia": true,
                            "trailingTrivia": [
                                {
                                    "kind": "WhitespaceTrivia",
                                    "fullStart": 12,
                                    "fullEnd": 13,
                                    "text": " "
                                }
                            ]
                        }
                    }
                },
                "block": {
                    "kind": "Block",
                    "fullStart": 13,
                    "fullEnd": 40,
                    "start": 13,
                    "end": 40,
                    "fullWidth": 27,
                    "width": 27,
                    "isIncrementallyUnusable": true,
                    "openBraceToken": {
                        "kind": "OpenBraceToken",
                        "fullStart": 13,
                        "fullEnd": 16,
                        "start": 13,
                        "end": 14,
                        "fullWidth": 3,
                        "width": 1,
                        "text": "{",
                        "value": "{",
                        "valueText": "{",
                        "hasTrailingTrivia": true,
                        "hasTrailingNewLine": true,
                        "trailingTrivia": [
                            {
                                "kind": "NewLineTrivia",
                                "fullStart": 14,
                                "fullEnd": 16,
                                "text": "\r\n"
                            }
                        ]
                    },
                    "statements": [
                        {
                            "kind": "ExpressionStatement",
                            "fullStart": 16,
                            "fullEnd": 26,
                            "start": 20,
                            "end": 23,
                            "fullWidth": 10,
                            "width": 3,
                            "isIncrementallyUnusable": true,
                            "expression": {
                                "kind": "AddExpression",
                                "fullStart": 16,
                                "fullEnd": 26,
                                "start": 20,
                                "end": 23,
                                "fullWidth": 10,
                                "width": 3,
                                "isIncrementallyUnusable": true,
                                "left": {
                                    "kind": "NumericLiteral",
                                    "fullStart": 16,
                                    "fullEnd": 22,
                                    "start": 20,
                                    "end": 21,
                                    "fullWidth": 6,
                                    "width": 1,
                                    "text": "1",
                                    "value": 1,
                                    "valueText": "1",
                                    "hasLeadingTrivia": true,
                                    "hasTrailingTrivia": true,
                                    "leadingTrivia": [
                                        {
                                            "kind": "WhitespaceTrivia",
                                            "fullStart": 16,
                                            "fullEnd": 20,
                                            "text": "    "
                                        }
                                    ],
                                    "trailingTrivia": [
                                        {
                                            "kind": "WhitespaceTrivia",
                                            "fullStart": 21,
                                            "fullEnd": 22,
                                            "text": " "
                                        }
                                    ]
                                },
                                "operatorToken": {
                                    "kind": "PlusToken",
                                    "fullStart": 22,
                                    "fullEnd": 26,
                                    "start": 22,
                                    "end": 23,
                                    "fullWidth": 4,
                                    "width": 1,
                                    "text": "+",
                                    "value": "+",
                                    "valueText": "+",
                                    "hasTrailingTrivia": true,
                                    "hasTrailingNewLine": true,
                                    "trailingTrivia": [
                                        {
                                            "kind": "WhitespaceTrivia",
                                            "fullStart": 23,
                                            "fullEnd": 24,
                                            "text": " "
                                        },
                                        {
                                            "kind": "NewLineTrivia",
                                            "fullStart": 24,
                                            "fullEnd": 26,
                                            "text": "\r\n"
                                        }
                                    ]
                                },
                                "right": {
                                    "kind": "IdentifierName",
                                    "fullStart": 26,
                                    "fullEnd": 26,
                                    "start": 26,
                                    "end": 26,
                                    "fullWidth": 0,
                                    "width": 0,
                                    "text": ""
                                }
                            }
                        },
                        {
                            "kind": "ReturnStatement",
                            "fullStart": 26,
                            "fullEnd": 39,
                            "start": 30,
                            "end": 37,
                            "fullWidth": 13,
                            "width": 7,
                            "returnKeyword": {
                                "kind": "ReturnKeyword",
                                "fullStart": 26,
                                "fullEnd": 36,
                                "start": 30,
                                "end": 36,
                                "fullWidth": 10,
                                "width": 6,
                                "text": "return",
                                "value": "return",
                                "valueText": "return",
                                "hasLeadingTrivia": true,
                                "leadingTrivia": [
                                    {
                                        "kind": "WhitespaceTrivia",
                                        "fullStart": 26,
                                        "fullEnd": 30,
                                        "text": "    "
                                    }
                                ]
                            },
                            "semicolonToken": {
                                "kind": "SemicolonToken",
                                "fullStart": 36,
                                "fullEnd": 39,
                                "start": 36,
                                "end": 37,
                                "fullWidth": 3,
                                "width": 1,
                                "text": ";",
                                "value": ";",
                                "valueText": ";",
                                "hasTrailingTrivia": true,
                                "hasTrailingNewLine": true,
                                "trailingTrivia": [
                                    {
                                        "kind": "NewLineTrivia",
                                        "fullStart": 37,
                                        "fullEnd": 39,
                                        "text": "\r\n"
                                    }
                                ]
                            }
                        }
                    ],
                    "closeBraceToken": {
                        "kind": "CloseBraceToken",
                        "fullStart": 39,
                        "fullEnd": 40,
                        "start": 39,
                        "end": 40,
                        "fullWidth": 1,
                        "width": 1,
                        "text": "}",
                        "value": "}",
                        "valueText": "}"
                    }
                }
            }
        ],
        "endOfFileToken": {
            "kind": "EndOfFileToken",
            "fullStart": 40,
            "fullEnd": 40,
            "start": 40,
            "end": 40,
            "fullWidth": 0,
            "width": 0,
            "text": ""
        }
    },
    "lineMap": {
        "lineStarts": [
            0,
            16,
            26,
            39
        ],
        "length": 40
    }
}