{
    "isDeclaration": false,
    "languageVersion": "EcmaScript5",
    "parseOptions": {
        "allowAutomaticSemicolonInsertion": true
    },
    "sourceUnit": {
        "kind": "SourceUnit",
        "fullStart": 0,
        "fullEnd": 545,
        "start": 267,
        "end": 545,
        "fullWidth": 545,
        "width": 278,
        "moduleElements": [
            {
                "kind": "IfStatement",
                "fullStart": 0,
                "fullEnd": 433,
                "start": 267,
                "end": 432,
                "fullWidth": 433,
                "width": 165,
                "ifKeyword": {
                    "kind": "IfKeyword",
                    "fullStart": 0,
                    "fullEnd": 270,
                    "start": 267,
                    "end": 269,
                    "fullWidth": 270,
                    "width": 2,
                    "text": "if",
                    "value": "if",
                    "valueText": "if",
                    "hasLeadingTrivia": true,
                    "hasLeadingComment": true,
                    "hasLeadingNewLine": true,
                    "hasTrailingTrivia": true,
                    "leadingTrivia": [
                        {
                            "kind": "SingleLineCommentTrivia",
                            "fullStart": 0,
                            "fullEnd": 60,
                            "text": "// Copyright 2009 the Sputnik authors.  All rights reserved."
                        },
                        {
                            "kind": "NewLineTrivia",
                            "fullStart": 60,
                            "fullEnd": 61,
                            "text": "\n"
                        },
                        {
                            "kind": "SingleLineCommentTrivia",
                            "fullStart": 61,
                            "fullEnd": 131,
                            "text": "// This code is governed by the BSD license found in the LICENSE file."
                        },
                        {
                            "kind": "NewLineTrivia",
                            "fullStart": 131,
                            "fullEnd": 132,
                            "text": "\n"
                        },
                        {
                            "kind": "NewLineTrivia",
                            "fullStart": 132,
                            "fullEnd": 133,
                            "text": "\n"
                        },
                        {
                            "kind": "MultiLineCommentTrivia",
                            "fullStart": 133,
                            "fullEnd": 254,
                            "text": "/**\n * SPACE (U+0020) may occur within strings\n *\n * @path ch07/7.2/S7.2_A2.4_T1.js\n * @description Use SPACE(\\u0020)\n */"
                        },
                        {
                            "kind": "NewLineTrivia",
                            "fullStart": 254,
                            "fullEnd": 255,
                            "text": "\n"
                        },
                        {
                            "kind": "NewLineTrivia",
                            "fullStart": 255,
                            "fullEnd": 256,
                            "text": "\n"
                        },
                        {
                            "kind": "SingleLineCommentTrivia",
                            "fullStart": 256,
                            "fullEnd": 266,
                            "text": "// CHECK#1"
                        },
                        {
                            "kind": "NewLineTrivia",
                            "fullStart": 266,
                            "fullEnd": 267,
                            "text": "\n"
                        }
                    ],
                    "trailingTrivia": [
                        {
                            "kind": "WhitespaceTrivia",
                            "fullStart": 269,
                            "fullEnd": 270,
                            "text": " "
                        }
                    ]
                },
                "openParenToken": {
                    "kind": "OpenParenToken",
                    "fullStart": 270,
                    "fullEnd": 271,
                    "start": 270,
                    "end": 271,
                    "fullWidth": 1,
                    "width": 1,
                    "text": "(",
                    "value": "(",
                    "valueText": "("
                },
                "condition": {
                    "kind": "NotEqualsExpression",
                    "fullStart": 271,
                    "fullEnd": 336,
                    "start": 271,
                    "end": 336,
                    "fullWidth": 65,
                    "width": 65,
                    "left": {
                        "kind": "InvocationExpression",
                        "fullStart": 271,
                        "fullEnd": 306,
                        "start": 271,
                        "end": 305,
                        "fullWidth": 35,
                        "width": 34,
                        "expression": {
                            "kind": "IdentifierName",
                            "fullStart": 271,
                            "fullEnd": 275,
                            "start": 271,
                            "end": 275,
                            "fullWidth": 4,
                            "width": 4,
                            "text": "eval",
                            "value": "eval",
                            "valueText": "eval"
                        },
                        "argumentList": {
                            "kind": "ArgumentList",
                            "fullStart": 275,
                            "fullEnd": 306,
                            "start": 275,
                            "end": 305,
                            "fullWidth": 31,
                            "width": 30,
                            "openParenToken": {
                                "kind": "OpenParenToken",
                                "fullStart": 275,
                                "fullEnd": 276,
                                "start": 275,
                                "end": 276,
                                "fullWidth": 1,
                                "width": 1,
                                "text": "(",
                                "value": "(",
                                "valueText": "("
                            },
                            "arguments": [
                                {
                                    "kind": "StringLiteral",
                                    "fullStart": 276,
                                    "fullEnd": 304,
                                    "start": 276,
                                    "end": 304,
                                    "fullWidth": 28,
                                    "width": 28,
                                    "text": "\"'\\u0020str\\u0020ing\\u0020'\"",
                                    "value": "' str ing '",
                                    "valueText": "' str ing '"
                                }
                            ],
                            "closeParenToken": {
                                "kind": "CloseParenToken",
                                "fullStart": 304,
                                "fullEnd": 306,
                                "start": 304,
                                "end": 305,
                                "fullWidth": 2,
                                "width": 1,
                                "text": ")",
                                "value": ")",
                                "valueText": ")",
                                "hasTrailingTrivia": true,
                                "trailingTrivia": [
                                    {
                                        "kind": "WhitespaceTrivia",
                                        "fullStart": 305,
                                        "fullEnd": 306,
                                        "text": " "
                                    }
                                ]
                            }
                        }
                    },
                    "operatorToken": {
                        "kind": "ExclamationEqualsEqualsToken",
                        "fullStart": 306,
                        "fullEnd": 310,
                        "start": 306,
                        "end": 309,
                        "fullWidth": 4,
                        "width": 3,
                        "text": "!==",
                        "value": "!==",
                        "valueText": "!==",
                        "hasTrailingTrivia": true,
                        "trailingTrivia": [
                            {
                                "kind": "WhitespaceTrivia",
                                "fullStart": 309,
                                "fullEnd": 310,
                                "text": " "
                            }
                        ]
                    },
                    "right": {
                        "kind": "StringLiteral",
                        "fullStart": 310,
                        "fullEnd": 336,
                        "start": 310,
                        "end": 336,
                        "fullWidth": 26,
                        "width": 26,
                        "text": "\"\\u0020str\\u0020ing\\u0020\"",
                        "value": " str ing ",
                        "valueText": " str ing "
                    }
                },
                "closeParenToken": {
                    "kind": "CloseParenToken",
                    "fullStart": 336,
                    "fullEnd": 338,
                    "start": 336,
                    "end": 337,
                    "fullWidth": 2,
                    "width": 1,
                    "text": ")",
                    "value": ")",
                    "valueText": ")",
                    "hasTrailingTrivia": true,
                    "trailingTrivia": [
                        {
                            "kind": "WhitespaceTrivia",
                            "fullStart": 337,
                            "fullEnd": 338,
                            "text": " "
                        }
                    ]
                },
                "statement": {
                    "kind": "Block",
                    "fullStart": 338,
                    "fullEnd": 433,
                    "start": 338,
                    "end": 432,
                    "fullWidth": 95,
                    "width": 94,
                    "openBraceToken": {
                        "kind": "OpenBraceToken",
                        "fullStart": 338,
                        "fullEnd": 340,
                        "start": 338,
                        "end": 339,
                        "fullWidth": 2,
                        "width": 1,
                        "text": "{",
                        "value": "{",
                        "valueText": "{",
                        "hasTrailingTrivia": true,
                        "hasTrailingNewLine": true,
                        "trailingTrivia": [
                            {
                                "kind": "NewLineTrivia",
                                "fullStart": 339,
                                "fullEnd": 340,
                                "text": "\n"
                            }
                        ]
                    },
                    "statements": [
                        {
                            "kind": "ExpressionStatement",
                            "fullStart": 340,
                            "fullEnd": 431,
                            "start": 342,
                            "end": 430,
                            "fullWidth": 91,
                            "width": 88,
                            "expression": {
                                "kind": "InvocationExpression",
                                "fullStart": 340,
                                "fullEnd": 429,
                                "start": 342,
                                "end": 429,
                                "fullWidth": 89,
                                "width": 87,
                                "expression": {
                                    "kind": "IdentifierName",
                                    "fullStart": 340,
                                    "fullEnd": 348,
                                    "start": 342,
                                    "end": 348,
                                    "fullWidth": 8,
                                    "width": 6,
                                    "text": "$ERROR",
                                    "value": "$ERROR",
                                    "valueText": "$ERROR",
                                    "hasLeadingTrivia": true,
                                    "leadingTrivia": [
                                        {
                                            "kind": "WhitespaceTrivia",
                                            "fullStart": 340,
                                            "fullEnd": 342,
                                            "text": "  "
                                        }
                                    ]
                                },
                                "argumentList": {
                                    "kind": "ArgumentList",
                                    "fullStart": 348,
                                    "fullEnd": 429,
                                    "start": 348,
                                    "end": 429,
                                    "fullWidth": 81,
                                    "width": 81,
                                    "openParenToken": {
                                        "kind": "OpenParenToken",
                                        "fullStart": 348,
                                        "fullEnd": 349,
                                        "start": 348,
                                        "end": 349,
                                        "fullWidth": 1,
                                        "width": 1,
                                        "text": "(",
                                        "value": "(",
                                        "valueText": "("
                                    },
                                    "arguments": [
                                        {
                                            "kind": "StringLiteral",
                                            "fullStart": 349,
                                            "fullEnd": 428,
                                            "start": 349,
                                            "end": 428,
                                            "fullWidth": 79,
                                            "width": 79,
                                            "text": "'#1: eval(\"\\'\\\\u0020str\\\\u0020ing\\\\u0020\\'\") === \"\\\\u0020str\\\\u0020ing\\\\u0020\"'",
                                            "value": "#1: eval(\"'\\u0020str\\u0020ing\\u0020'\") === \"\\u0020str\\u0020ing\\u0020\"",
                                            "valueText": "#1: eval(\"'\\u0020str\\u0020ing\\u0020'\") === \"\\u0020str\\u0020ing\\u0020\""
                                        }
                                    ],
                                    "closeParenToken": {
                                        "kind": "CloseParenToken",
                                        "fullStart": 428,
                                        "fullEnd": 429,
                                        "start": 428,
                                        "end": 429,
                                        "fullWidth": 1,
                                        "width": 1,
                                        "text": ")",
                                        "value": ")",
                                        "valueText": ")"
                                    }
                                }
                            },
                            "semicolonToken": {
                                "kind": "SemicolonToken",
                                "fullStart": 429,
                                "fullEnd": 431,
                                "start": 429,
                                "end": 430,
                                "fullWidth": 2,
                                "width": 1,
                                "text": ";",
                                "value": ";",
                                "valueText": ";",
                                "hasTrailingTrivia": true,
                                "hasTrailingNewLine": true,
                                "trailingTrivia": [
                                    {
                                        "kind": "NewLineTrivia",
                                        "fullStart": 430,
                                        "fullEnd": 431,
                                        "text": "\n"
                                    }
                                ]
                            }
                        }
                    ],
                    "closeBraceToken": {
                        "kind": "CloseBraceToken",
                        "fullStart": 431,
                        "fullEnd": 433,
                        "start": 431,
                        "end": 432,
                        "fullWidth": 2,
                        "width": 1,
                        "text": "}",
                        "value": "}",
                        "valueText": "}",
                        "hasTrailingTrivia": true,
                        "hasTrailingNewLine": true,
                        "trailingTrivia": [
                            {
                                "kind": "NewLineTrivia",
                                "fullStart": 432,
                                "fullEnd": 433,
                                "text": "\n"
                            }
                        ]
                    }
                }
            },
            {
                "kind": "IfStatement",
                "fullStart": 433,
                "fullEnd": 544,
                "start": 444,
                "end": 543,
                "fullWidth": 111,
                "width": 99,
                "ifKeyword": {
                    "kind": "IfKeyword",
                    "fullStart": 433,
                    "fullEnd": 447,
                    "start": 444,
                    "end": 446,
                    "fullWidth": 14,
                    "width": 2,
                    "text": "if",
                    "value": "if",
                    "valueText": "if",
                    "hasLeadingTrivia": true,
                    "hasLeadingComment": true,
                    "hasLeadingNewLine": true,
                    "hasTrailingTrivia": true,
                    "leadingTrivia": [
                        {
                            "kind": "NewLineTrivia",
                            "fullStart": 433,
                            "fullEnd": 434,
                            "text": "\n"
                        },
                        {
                            "kind": "SingleLineCommentTrivia",
                            "fullStart": 434,
                            "fullEnd": 443,
                            "text": "//CHECK#2"
                        },
                        {
                            "kind": "NewLineTrivia",
                            "fullStart": 443,
                            "fullEnd": 444,
                            "text": "\n"
                        }
                    ],
                    "trailingTrivia": [
                        {
                            "kind": "WhitespaceTrivia",
                            "fullStart": 446,
                            "fullEnd": 447,
                            "text": " "
                        }
                    ]
                },
                "openParenToken": {
                    "kind": "OpenParenToken",
                    "fullStart": 447,
                    "fullEnd": 448,
                    "start": 447,
                    "end": 448,
                    "fullWidth": 1,
                    "width": 1,
                    "text": "(",
                    "value": "(",
                    "valueText": "("
                },
                "condition": {
                    "kind": "NotEqualsExpression",
                    "fullStart": 448,
                    "fullEnd": 483,
                    "start": 448,
                    "end": 483,
                    "fullWidth": 35,
                    "width": 35,
                    "left": {
                        "kind": "InvocationExpression",
                        "fullStart": 448,
                        "fullEnd": 468,
                        "start": 448,
                        "end": 467,
                        "fullWidth": 20,
                        "width": 19,
                        "expression": {
                            "kind": "IdentifierName",
                            "fullStart": 448,
                            "fullEnd": 452,
                            "start": 448,
                            "end": 452,
                            "fullWidth": 4,
                            "width": 4,
                            "text": "eval",
                            "value": "eval",
                            "valueText": "eval"
                        },
                        "argumentList": {
                            "kind": "ArgumentList",
                            "fullStart": 452,
                            "fullEnd": 468,
                            "start": 452,
                            "end": 467,
                            "fullWidth": 16,
                            "width": 15,
                            "openParenToken": {
                                "kind": "OpenParenToken",
                                "fullStart": 452,
                                "fullEnd": 453,
                                "start": 452,
                                "end": 453,
                                "fullWidth": 1,
                                "width": 1,
                                "text": "(",
                                "value": "(",
                                "valueText": "("
                            },
                            "arguments": [
                                {
                                    "kind": "StringLiteral",
                                    "fullStart": 453,
                                    "fullEnd": 466,
                                    "start": 453,
                                    "end": 466,
                                    "fullWidth": 13,
                                    "width": 13,
                                    "text": "\"' str ing '\"",
                                    "value": "' str ing '",
                                    "valueText": "' str ing '"
                                }
                            ],
                            "closeParenToken": {
                                "kind": "CloseParenToken",
                                "fullStart": 466,
                                "fullEnd": 468,
                                "start": 466,
                                "end": 467,
                                "fullWidth": 2,
                                "width": 1,
                                "text": ")",
                                "value": ")",
                                "valueText": ")",
                                "hasTrailingTrivia": true,
                                "trailingTrivia": [
                                    {
                                        "kind": "WhitespaceTrivia",
                                        "fullStart": 467,
                                        "fullEnd": 468,
                                        "text": " "
                                    }
                                ]
                            }
                        }
                    },
                    "operatorToken": {
                        "kind": "ExclamationEqualsEqualsToken",
                        "fullStart": 468,
                        "fullEnd": 472,
                        "start": 468,
                        "end": 471,
                        "fullWidth": 4,
                        "width": 3,
                        "text": "!==",
                        "value": "!==",
                        "valueText": "!==",
                        "hasTrailingTrivia": true,
                        "trailingTrivia": [
                            {
                                "kind": "WhitespaceTrivia",
                                "fullStart": 471,
                                "fullEnd": 472,
                                "text": " "
                            }
                        ]
                    },
                    "right": {
                        "kind": "StringLiteral",
                        "fullStart": 472,
                        "fullEnd": 483,
                        "start": 472,
                        "end": 483,
                        "fullWidth": 11,
                        "width": 11,
                        "text": "\" str ing \"",
                        "value": " str ing ",
                        "valueText": " str ing "
                    }
                },
                "closeParenToken": {
                    "kind": "CloseParenToken",
                    "fullStart": 483,
                    "fullEnd": 485,
                    "start": 483,
                    "end": 484,
                    "fullWidth": 2,
                    "width": 1,
                    "text": ")",
                    "value": ")",
                    "valueText": ")",
                    "hasTrailingTrivia": true,
                    "trailingTrivia": [
                        {
                            "kind": "WhitespaceTrivia",
                            "fullStart": 484,
                            "fullEnd": 485,
                            "text": " "
                        }
                    ]
                },
                "statement": {
                    "kind": "Block",
                    "fullStart": 485,
                    "fullEnd": 544,
                    "start": 485,
                    "end": 543,
                    "fullWidth": 59,
                    "width": 58,
                    "openBraceToken": {
                        "kind": "OpenBraceToken",
                        "fullStart": 485,
                        "fullEnd": 487,
                        "start": 485,
                        "end": 486,
                        "fullWidth": 2,
                        "width": 1,
                        "text": "{",
                        "value": "{",
                        "valueText": "{",
                        "hasTrailingTrivia": true,
                        "hasTrailingNewLine": true,
                        "trailingTrivia": [
                            {
                                "kind": "NewLineTrivia",
                                "fullStart": 486,
                                "fullEnd": 487,
                                "text": "\n"
                            }
                        ]
                    },
                    "statements": [
                        {
                            "kind": "ExpressionStatement",
                            "fullStart": 487,
                            "fullEnd": 542,
                            "start": 489,
                            "end": 541,
                            "fullWidth": 55,
                            "width": 52,
                            "expression": {
                                "kind": "InvocationExpression",
                                "fullStart": 487,
                                "fullEnd": 540,
                                "start": 489,
                                "end": 540,
                                "fullWidth": 53,
                                "width": 51,
                                "expression": {
                                    "kind": "IdentifierName",
                                    "fullStart": 487,
                                    "fullEnd": 495,
                                    "start": 489,
                                    "end": 495,
                                    "fullWidth": 8,
                                    "width": 6,
                                    "text": "$ERROR",
                                    "value": "$ERROR",
                                    "valueText": "$ERROR",
                                    "hasLeadingTrivia": true,
                                    "leadingTrivia": [
                                        {
                                            "kind": "WhitespaceTrivia",
                                            "fullStart": 487,
                                            "fullEnd": 489,
                                            "text": "  "
                                        }
                                    ]
                                },
                                "argumentList": {
                                    "kind": "ArgumentList",
                                    "fullStart": 495,
                                    "fullEnd": 540,
                                    "start": 495,
                                    "end": 540,
                                    "fullWidth": 45,
                                    "width": 45,
                                    "openParenToken": {
                                        "kind": "OpenParenToken",
                                        "fullStart": 495,
                                        "fullEnd": 496,
                                        "start": 495,
                                        "end": 496,
                                        "fullWidth": 1,
                                        "width": 1,
                                        "text": "(",
                                        "value": "(",
                                        "valueText": "("
                                    },
                                    "arguments": [
                                        {
                                            "kind": "StringLiteral",
                                            "fullStart": 496,
                                            "fullEnd": 539,
                                            "start": 496,
                                            "end": 539,
                                            "fullWidth": 43,
                                            "width": 43,
                                            "text": "'#2: eval(\"\\' str ing \\'\") === \" str ing \"'",
                                            "value": "#2: eval(\"' str ing '\") === \" str ing \"",
                                            "valueText": "#2: eval(\"' str ing '\") === \" str ing \""
                                        }
                                    ],
                                    "closeParenToken": {
                                        "kind": "CloseParenToken",
                                        "fullStart": 539,
                                        "fullEnd": 540,
                                        "start": 539,
                                        "end": 540,
                                        "fullWidth": 1,
                                        "width": 1,
                                        "text": ")",
                                        "value": ")",
                                        "valueText": ")"
                                    }
                                }
                            },
                            "semicolonToken": {
                                "kind": "SemicolonToken",
                                "fullStart": 540,
                                "fullEnd": 542,
                                "start": 540,
                                "end": 541,
                                "fullWidth": 2,
                                "width": 1,
                                "text": ";",
                                "value": ";",
                                "valueText": ";",
                                "hasTrailingTrivia": true,
                                "hasTrailingNewLine": true,
                                "trailingTrivia": [
                                    {
                                        "kind": "NewLineTrivia",
                                        "fullStart": 541,
                                        "fullEnd": 542,
                                        "text": "\n"
                                    }
                                ]
                            }
                        }
                    ],
                    "closeBraceToken": {
                        "kind": "CloseBraceToken",
                        "fullStart": 542,
                        "fullEnd": 544,
                        "start": 542,
                        "end": 543,
                        "fullWidth": 2,
                        "width": 1,
                        "text": "}",
                        "value": "}",
                        "valueText": "}",
                        "hasTrailingTrivia": true,
                        "hasTrailingNewLine": true,
                        "trailingTrivia": [
                            {
                                "kind": "NewLineTrivia",
                                "fullStart": 543,
                                "fullEnd": 544,
                                "text": "\n"
                            }
                        ]
                    }
                }
            }
        ],
        "endOfFileToken": {
            "kind": "EndOfFileToken",
            "fullStart": 544,
            "fullEnd": 545,
            "start": 545,
            "end": 545,
            "fullWidth": 1,
            "width": 0,
            "text": "",
            "hasLeadingTrivia": true,
            "hasLeadingNewLine": true,
            "leadingTrivia": [
                {
                    "kind": "NewLineTrivia",
                    "fullStart": 544,
                    "fullEnd": 545,
                    "text": "\n"
                }
            ]
        }
    },
    "lineMap": {
        "lineStarts": [
            0,
            61,
            132,
            133,
            137,
            180,
            183,
            217,
            251,
            255,
            256,
            267,
            340,
            431,
            433,
            434,
            444,
            487,
            542,
            544,
            545
        ],
        "length": 545
    }
}