{
    "isDeclaration": false,
    "languageVersion": "EcmaScript5",
    "diagnostics": [
        {
            "start": 2,
            "length": 1,
            "diagnosticCode": "Unexpected character {0}.",
            "arguments": [
                "\"\\\""
            ]
        },
        {
            "start": 2,
            "length": 1,
            "diagnosticCode": "Unexpected token; '{0}' expected.",
            "arguments": [
                "module, class, interface, enum, import or statement"
            ]
        },
        {
            "start": 4,
            "length": 1,
            "diagnosticCode": "Unexpected character {0}.",
            "arguments": [
                "\"\\\""
            ]
        },
        {
            "start": 4,
            "length": 1,
            "diagnosticCode": "Unexpected token; '{0}' expected.",
            "arguments": [
                "module, class, interface, enum, import or statement"
            ]
        },
        {
            "start": 6,
            "length": 1,
            "diagnosticCode": "Unexpected character {0}.",
            "arguments": [
                "\"\\\""
            ]
        },
        {
            "start": 6,
            "length": 1,
            "diagnosticCode": "Unexpected token; '{0}' expected.",
            "arguments": [
                "module, class, interface, enum, import or statement"
            ]
        }
    ],
    "sourceUnit": {
        "kind": "SourceUnit",
        "fullStart": 0,
        "fullEnd": 8,
        "start": 0,
        "end": 8,
        "fullWidth": 8,
        "width": 8,
        "isIncrementallyUnusable": true,
        "moduleElements": [
            {
                "kind": "EmptyStatement",
                "fullStart": 0,
                "fullEnd": 8,
                "start": 0,
                "end": 1,
                "fullWidth": 8,
                "width": 1,
                "isIncrementallyUnusable": true,
                "semicolonToken": {
                    "kind": "SemicolonToken",
                    "fullStart": 0,
                    "fullEnd": 8,
                    "start": 0,
                    "end": 1,
                    "fullWidth": 8,
                    "width": 1,
                    "text": ";",
                    "value": ";",
                    "valueText": ";",
                    "hasTrailingTrivia": true,
                    "hasTrailingSkippedText": true,
                    "trailingTrivia": [
                        {
                            "kind": "WhitespaceTrivia",
                            "fullStart": 1,
                            "fullEnd": 2,
                            "text": " "
                        },
                        {
                            "kind": "SkippedTokenTrivia",
                            "skippedToken": {
                                "kind": "ErrorToken",
                                "fullStart": 2,
                                "fullEnd": 3,
                                "start": 2,
                                "end": 3,
                                "fullWidth": 1,
                                "width": 1,
                                "text": "\\"
                            }
                        },
                        {
                            "kind": "WhitespaceTrivia",
                            "fullStart": 3,
                            "fullEnd": 4,
                            "text": " "
                        },
                        {
                            "kind": "SkippedTokenTrivia",
                            "skippedToken": {
                                "kind": "ErrorToken",
                                "fullStart": 4,
                                "fullEnd": 5,
                                "start": 4,
                                "end": 5,
                                "fullWidth": 1,
                                "width": 1,
                                "text": "\\"
                            }
                        },
                        {
                            "kind": "WhitespaceTrivia",
                            "fullStart": 5,
                            "fullEnd": 6,
                            "text": " "
                        },
                        {
                            "kind": "SkippedTokenTrivia",
                            "skippedToken": {
                                "kind": "ErrorToken",
                                "fullStart": 6,
                                "fullEnd": 7,
                                "start": 6,
                                "end": 7,
                                "fullWidth": 1,
                                "width": 1,
                                "text": "\\"
                            }
                        },
                        {
                            "kind": "WhitespaceTrivia",
                            "fullStart": 7,
                            "fullEnd": 8,
                            "text": " "
                        }
                    ]
                }
            }
        ],
        "endOfFileToken": {
            "kind": "EndOfFileToken",
            "fullStart": 8,
            "fullEnd": 8,
            "start": 8,
            "end": 8,
            "fullWidth": 0,
            "width": 0,
            "text": ""
        }
    },
    "lineMap": {
        "lineStarts": [
            0
        ],
        "length": 8
    }
}