{
    "isDeclaration": false,
    "languageVersion": "EcmaScript5",
    "sourceUnit": {
        "kind": "SourceUnit",
        "fullStart": 0,
        "fullEnd": 549,
        "start": 445,
        "end": 549,
        "fullWidth": 549,
        "width": 104,
        "moduleElements": [
            {
                "kind": "VariableStatement",
                "fullStart": 0,
                "fullEnd": 466,
                "start": 445,
                "end": 465,
                "fullWidth": 466,
                "width": 20,
                "modifiers": [],
                "variableDeclaration": {
                    "kind": "VariableDeclaration",
                    "fullStart": 0,
                    "fullEnd": 464,
                    "start": 445,
                    "end": 464,
                    "fullWidth": 464,
                    "width": 19,
                    "varKeyword": {
                        "kind": "VarKeyword",
                        "fullStart": 0,
                        "fullEnd": 449,
                        "start": 445,
                        "end": 448,
                        "fullWidth": 449,
                        "width": 3,
                        "text": "var",
                        "value": "var",
                        "valueText": "var",
                        "hasLeadingTrivia": true,
                        "hasLeadingComment": true,
                        "hasLeadingNewLine": true,
                        "hasTrailingTrivia": true,
                        "leadingTrivia": [
                            {
                                "kind": "SingleLineCommentTrivia",
                                "fullStart": 0,
                                "fullEnd": 60,
                                "text": "// Copyright 2009 the Sputnik authors.  All rights reserved."
                            },
                            {
                                "kind": "NewLineTrivia",
                                "fullStart": 60,
                                "fullEnd": 61,
                                "text": "\n"
                            },
                            {
                                "kind": "SingleLineCommentTrivia",
                                "fullStart": 61,
                                "fullEnd": 131,
                                "text": "// This code is governed by the BSD license found in the LICENSE file."
                            },
                            {
                                "kind": "NewLineTrivia",
                                "fullStart": 131,
                                "fullEnd": 132,
                                "text": "\n"
                            },
                            {
                                "kind": "NewLineTrivia",
                                "fullStart": 132,
                                "fullEnd": 133,
                                "text": "\n"
                            },
                            {
                                "kind": "MultiLineCommentTrivia",
                                "fullStart": 133,
                                "fullEnd": 354,
                                "text": "/**\n * String.prototype.search (regexp) without arguments behaves like with argument \"undefined\"\n *\n * @path ch15/15.5/15.5.4/15.5.4.12/S15.5.4.12_A1.1_T1.js\n * @description Call search() is the same search(undefined)\n */"
                            },
                            {
                                "kind": "NewLineTrivia",
                                "fullStart": 354,
                                "fullEnd": 355,
                                "text": "\n"
                            },
                            {
                                "kind": "NewLineTrivia",
                                "fullStart": 355,
                                "fullEnd": 356,
                                "text": "\n"
                            },
                            {
                                "kind": "SingleLineCommentTrivia",
                                "fullStart": 356,
                                "fullEnd": 434,
                                "text": "//////////////////////////////////////////////////////////////////////////////"
                            },
                            {
                                "kind": "NewLineTrivia",
                                "fullStart": 434,
                                "fullEnd": 435,
                                "text": "\n"
                            },
                            {
                                "kind": "SingleLineCommentTrivia",
                                "fullStart": 435,
                                "fullEnd": 444,
                                "text": "//CHECK#1"
                            },
                            {
                                "kind": "NewLineTrivia",
                                "fullStart": 444,
                                "fullEnd": 445,
                                "text": "\n"
                            }
                        ],
                        "trailingTrivia": [
                            {
                                "kind": "WhitespaceTrivia",
                                "fullStart": 448,
                                "fullEnd": 449,
                                "text": " "
                            }
                        ]
                    },
                    "variableDeclarators": [
                        {
                            "kind": "VariableDeclarator",
                            "fullStart": 449,
                            "fullEnd": 464,
                            "start": 449,
                            "end": 464,
                            "fullWidth": 15,
                            "width": 15,
                            "propertyName": {
                                "kind": "IdentifierName",
                                "fullStart": 449,
                                "fullEnd": 451,
                                "start": 449,
                                "end": 450,
                                "fullWidth": 2,
                                "width": 1,
                                "text": "x",
                                "value": "x",
                                "valueText": "x",
                                "hasTrailingTrivia": true,
                                "trailingTrivia": [
                                    {
                                        "kind": "WhitespaceTrivia",
                                        "fullStart": 450,
                                        "fullEnd": 451,
                                        "text": " "
                                    }
                                ]
                            },
                            "equalsValueClause": {
                                "kind": "EqualsValueClause",
                                "fullStart": 451,
                                "fullEnd": 464,
                                "start": 451,
                                "end": 464,
                                "fullWidth": 13,
                                "width": 13,
                                "equalsToken": {
                                    "kind": "EqualsToken",
                                    "fullStart": 451,
                                    "fullEnd": 453,
                                    "start": 451,
                                    "end": 452,
                                    "fullWidth": 2,
                                    "width": 1,
                                    "text": "=",
                                    "value": "=",
                                    "valueText": "=",
                                    "hasTrailingTrivia": true,
                                    "trailingTrivia": [
                                        {
                                            "kind": "WhitespaceTrivia",
                                            "fullStart": 452,
                                            "fullEnd": 453,
                                            "text": " "
                                        }
                                    ]
                                },
                                "value": {
                                    "kind": "InvocationExpression",
                                    "fullStart": 453,
                                    "fullEnd": 464,
                                    "start": 453,
                                    "end": 464,
                                    "fullWidth": 11,
                                    "width": 11,
                                    "expression": {
                                        "kind": "MemberAccessExpression",
                                        "fullStart": 453,
                                        "fullEnd": 462,
                                        "start": 453,
                                        "end": 462,
                                        "fullWidth": 9,
                                        "width": 9,
                                        "expression": {
                                            "kind": "StringLiteral",
                                            "fullStart": 453,
                                            "fullEnd": 455,
                                            "start": 453,
                                            "end": 455,
                                            "fullWidth": 2,
                                            "width": 2,
                                            "text": "\"\"",
                                            "value": "",
                                            "valueText": ""
                                        },
                                        "dotToken": {
                                            "kind": "DotToken",
                                            "fullStart": 455,
                                            "fullEnd": 456,
                                            "start": 455,
                                            "end": 456,
                                            "fullWidth": 1,
                                            "width": 1,
                                            "text": ".",
                                            "value": ".",
                                            "valueText": "."
                                        },
                                        "name": {
                                            "kind": "IdentifierName",
                                            "fullStart": 456,
                                            "fullEnd": 462,
                                            "start": 456,
                                            "end": 462,
                                            "fullWidth": 6,
                                            "width": 6,
                                            "text": "search",
                                            "value": "search",
                                            "valueText": "search"
                                        }
                                    },
                                    "argumentList": {
                                        "kind": "ArgumentList",
                                        "fullStart": 462,
                                        "fullEnd": 464,
                                        "start": 462,
                                        "end": 464,
                                        "fullWidth": 2,
                                        "width": 2,
                                        "openParenToken": {
                                            "kind": "OpenParenToken",
                                            "fullStart": 462,
                                            "fullEnd": 463,
                                            "start": 462,
                                            "end": 463,
                                            "fullWidth": 1,
                                            "width": 1,
                                            "text": "(",
                                            "value": "(",
                                            "valueText": "("
                                        },
                                        "arguments": [],
                                        "closeParenToken": {
                                            "kind": "CloseParenToken",
                                            "fullStart": 463,
                                            "fullEnd": 464,
                                            "start": 463,
                                            "end": 464,
                                            "fullWidth": 1,
                                            "width": 1,
                                            "text": ")",
                                            "value": ")",
                                            "valueText": ")"
                                        }
                                    }
                                }
                            }
                        }
                    ]
                },
                "semicolonToken": {
                    "kind": "SemicolonToken",
                    "fullStart": 464,
                    "fullEnd": 466,
                    "start": 464,
                    "end": 465,
                    "fullWidth": 2,
                    "width": 1,
                    "text": ";",
                    "value": ";",
                    "valueText": ";",
                    "hasTrailingTrivia": true,
                    "hasTrailingNewLine": true,
                    "trailingTrivia": [
                        {
                            "kind": "NewLineTrivia",
                            "fullStart": 465,
                            "fullEnd": 466,
                            "text": "\n"
                        }
                    ]
                }
            }
        ],
        "endOfFileToken": {
            "kind": "EndOfFileToken",
            "fullStart": 466,
            "fullEnd": 549,
            "start": 549,
            "end": 549,
            "fullWidth": 83,
            "width": 0,
            "text": "",
            "hasLeadingTrivia": true,
            "hasLeadingComment": true,
            "hasLeadingNewLine": true,
            "leadingTrivia": [
                {
                    "kind": "SingleLineCommentTrivia",
                    "fullStart": 466,
                    "fullEnd": 468,
                    "text": "//"
                },
                {
                    "kind": "NewLineTrivia",
                    "fullStart": 468,
                    "fullEnd": 469,
                    "text": "\n"
                },
                {
                    "kind": "SingleLineCommentTrivia",
                    "fullStart": 469,
                    "fullEnd": 547,
                    "text": "//////////////////////////////////////////////////////////////////////////////"
                },
                {
                    "kind": "NewLineTrivia",
                    "fullStart": 547,
                    "fullEnd": 548,
                    "text": "\n"
                },
                {
                    "kind": "NewLineTrivia",
                    "fullStart": 548,
                    "fullEnd": 549,
                    "text": "\n"
                }
            ]
        }
    },
    "lineMap": {
        "lineStarts": [
            0,
            61,
            132,
            133,
            137,
            230,
            233,
            291,
            351,
            355,
            356,
            435,
            445,
            466,
            469,
            548,
            549
        ],
        "length": 549
    }
}