{
    "isDeclaration": false,
    "languageVersion": "EcmaScript5",
    "parseOptions": {
        "allowAutomaticSemicolonInsertion": true
    },
    "sourceUnit": {
        "kind": "SourceUnit",
        "fullStart": 0,
        "fullEnd": 559,
        "start": 337,
        "end": 559,
        "fullWidth": 559,
        "width": 222,
        "moduleElements": [
            {
                "kind": "ExpressionStatement",
                "fullStart": 0,
                "fullEnd": 375,
                "start": 337,
                "end": 374,
                "fullWidth": 375,
                "width": 37,
                "expression": {
                    "kind": "InvocationExpression",
                    "fullStart": 0,
                    "fullEnd": 373,
                    "start": 337,
                    "end": 373,
                    "fullWidth": 373,
                    "width": 36,
                    "expression": {
                        "kind": "IdentifierName",
                        "fullStart": 0,
                        "fullEnd": 341,
                        "start": 337,
                        "end": 341,
                        "fullWidth": 341,
                        "width": 4,
                        "text": "eval",
                        "value": "eval",
                        "valueText": "eval",
                        "hasLeadingTrivia": true,
                        "hasLeadingComment": true,
                        "hasLeadingNewLine": true,
                        "leadingTrivia": [
                            {
                                "kind": "SingleLineCommentTrivia",
                                "fullStart": 0,
                                "fullEnd": 60,
                                "text": "// Copyright 2009 the Sputnik authors.  All rights reserved."
                            },
                            {
                                "kind": "NewLineTrivia",
                                "fullStart": 60,
                                "fullEnd": 61,
                                "text": "\n"
                            },
                            {
                                "kind": "SingleLineCommentTrivia",
                                "fullStart": 61,
                                "fullEnd": 131,
                                "text": "// This code is governed by the BSD license found in the LICENSE file."
                            },
                            {
                                "kind": "NewLineTrivia",
                                "fullStart": 131,
                                "fullEnd": 132,
                                "text": "\n"
                            },
                            {
                                "kind": "NewLineTrivia",
                                "fullStart": 132,
                                "fullEnd": 133,
                                "text": "\n"
                            },
                            {
                                "kind": "MultiLineCommentTrivia",
                                "fullStart": 133,
                                "fullEnd": 324,
                                "text": "/**\n * Single line comments can contain Line Terminator at the end of line\n *\n * @path ch07/7.3/S7.3_A4_T1.js\n * @description Insert LINE FEED (U+000A) into the end of single line comment\n */"
                            },
                            {
                                "kind": "NewLineTrivia",
                                "fullStart": 324,
                                "fullEnd": 325,
                                "text": "\n"
                            },
                            {
                                "kind": "NewLineTrivia",
                                "fullStart": 325,
                                "fullEnd": 326,
                                "text": "\n"
                            },
                            {
                                "kind": "SingleLineCommentTrivia",
                                "fullStart": 326,
                                "fullEnd": 336,
                                "text": "// CHECK#1"
                            },
                            {
                                "kind": "NewLineTrivia",
                                "fullStart": 336,
                                "fullEnd": 337,
                                "text": "\n"
                            }
                        ]
                    },
                    "argumentList": {
                        "kind": "ArgumentList",
                        "fullStart": 341,
                        "fullEnd": 373,
                        "start": 341,
                        "end": 373,
                        "fullWidth": 32,
                        "width": 32,
                        "openParenToken": {
                            "kind": "OpenParenToken",
                            "fullStart": 341,
                            "fullEnd": 342,
                            "start": 341,
                            "end": 342,
                            "fullWidth": 1,
                            "width": 1,
                            "text": "(",
                            "value": "(",
                            "valueText": "("
                        },
                        "arguments": [
                            {
                                "kind": "StringLiteral",
                                "fullStart": 342,
                                "fullEnd": 372,
                                "start": 342,
                                "end": 372,
                                "fullWidth": 30,
                                "width": 30,
                                "text": "\"// single line comment\\u000A\"",
                                "value": "// single line comment\n",
                                "valueText": "// single line comment\n"
                            }
                        ],
                        "closeParenToken": {
                            "kind": "CloseParenToken",
                            "fullStart": 372,
                            "fullEnd": 373,
                            "start": 372,
                            "end": 373,
                            "fullWidth": 1,
                            "width": 1,
                            "text": ")",
                            "value": ")",
                            "valueText": ")"
                        }
                    }
                },
                "semicolonToken": {
                    "kind": "SemicolonToken",
                    "fullStart": 373,
                    "fullEnd": 375,
                    "start": 373,
                    "end": 374,
                    "fullWidth": 2,
                    "width": 1,
                    "text": ";",
                    "value": ";",
                    "valueText": ";",
                    "hasTrailingTrivia": true,
                    "hasTrailingNewLine": true,
                    "trailingTrivia": [
                        {
                            "kind": "NewLineTrivia",
                            "fullStart": 374,
                            "fullEnd": 375,
                            "text": "\n"
                        }
                    ]
                }
            },
            {
                "kind": "VariableStatement",
                "fullStart": 375,
                "fullEnd": 398,
                "start": 387,
                "end": 397,
                "fullWidth": 23,
                "width": 10,
                "modifiers": [],
                "variableDeclaration": {
                    "kind": "VariableDeclaration",
                    "fullStart": 375,
                    "fullEnd": 396,
                    "start": 387,
                    "end": 396,
                    "fullWidth": 21,
                    "width": 9,
                    "varKeyword": {
                        "kind": "VarKeyword",
                        "fullStart": 375,
                        "fullEnd": 391,
                        "start": 387,
                        "end": 390,
                        "fullWidth": 16,
                        "width": 3,
                        "text": "var",
                        "value": "var",
                        "valueText": "var",
                        "hasLeadingTrivia": true,
                        "hasLeadingComment": true,
                        "hasLeadingNewLine": true,
                        "hasTrailingTrivia": true,
                        "leadingTrivia": [
                            {
                                "kind": "NewLineTrivia",
                                "fullStart": 375,
                                "fullEnd": 376,
                                "text": "\n"
                            },
                            {
                                "kind": "SingleLineCommentTrivia",
                                "fullStart": 376,
                                "fullEnd": 386,
                                "text": "// CHECK#2"
                            },
                            {
                                "kind": "NewLineTrivia",
                                "fullStart": 386,
                                "fullEnd": 387,
                                "text": "\n"
                            }
                        ],
                        "trailingTrivia": [
                            {
                                "kind": "WhitespaceTrivia",
                                "fullStart": 390,
                                "fullEnd": 391,
                                "text": " "
                            }
                        ]
                    },
                    "variableDeclarators": [
                        {
                            "kind": "VariableDeclarator",
                            "fullStart": 391,
                            "fullEnd": 396,
                            "start": 391,
                            "end": 396,
                            "fullWidth": 5,
                            "width": 5,
                            "propertyName": {
                                "kind": "IdentifierName",
                                "fullStart": 391,
                                "fullEnd": 393,
                                "start": 391,
                                "end": 392,
                                "fullWidth": 2,
                                "width": 1,
                                "text": "x",
                                "value": "x",
                                "valueText": "x",
                                "hasTrailingTrivia": true,
                                "trailingTrivia": [
                                    {
                                        "kind": "WhitespaceTrivia",
                                        "fullStart": 392,
                                        "fullEnd": 393,
                                        "text": " "
                                    }
                                ]
                            },
                            "equalsValueClause": {
                                "kind": "EqualsValueClause",
                                "fullStart": 393,
                                "fullEnd": 396,
                                "start": 393,
                                "end": 396,
                                "fullWidth": 3,
                                "width": 3,
                                "equalsToken": {
                                    "kind": "EqualsToken",
                                    "fullStart": 393,
                                    "fullEnd": 395,
                                    "start": 393,
                                    "end": 394,
                                    "fullWidth": 2,
                                    "width": 1,
                                    "text": "=",
                                    "value": "=",
                                    "valueText": "=",
                                    "hasTrailingTrivia": true,
                                    "trailingTrivia": [
                                        {
                                            "kind": "WhitespaceTrivia",
                                            "fullStart": 394,
                                            "fullEnd": 395,
                                            "text": " "
                                        }
                                    ]
                                },
                                "value": {
                                    "kind": "NumericLiteral",
                                    "fullStart": 395,
                                    "fullEnd": 396,
                                    "start": 395,
                                    "end": 396,
                                    "fullWidth": 1,
                                    "width": 1,
                                    "text": "0",
                                    "value": 0,
                                    "valueText": "0"
                                }
                            }
                        }
                    ]
                },
                "semicolonToken": {
                    "kind": "SemicolonToken",
                    "fullStart": 396,
                    "fullEnd": 398,
                    "start": 396,
                    "end": 397,
                    "fullWidth": 2,
                    "width": 1,
                    "text": ";",
                    "value": ";",
                    "valueText": ";",
                    "hasTrailingTrivia": true,
                    "hasTrailingNewLine": true,
                    "trailingTrivia": [
                        {
                            "kind": "NewLineTrivia",
                            "fullStart": 397,
                            "fullEnd": 398,
                            "text": "\n"
                        }
                    ]
                }
            },
            {
                "kind": "ExpressionStatement",
                "fullStart": 398,
                "fullEnd": 443,
                "start": 398,
                "end": 442,
                "fullWidth": 45,
                "width": 44,
                "expression": {
                    "kind": "InvocationExpression",
                    "fullStart": 398,
                    "fullEnd": 441,
                    "start": 398,
                    "end": 441,
                    "fullWidth": 43,
                    "width": 43,
                    "expression": {
                        "kind": "IdentifierName",
                        "fullStart": 398,
                        "fullEnd": 402,
                        "start": 398,
                        "end": 402,
                        "fullWidth": 4,
                        "width": 4,
                        "text": "eval",
                        "value": "eval",
                        "valueText": "eval"
                    },
                    "argumentList": {
                        "kind": "ArgumentList",
                        "fullStart": 402,
                        "fullEnd": 441,
                        "start": 402,
                        "end": 441,
                        "fullWidth": 39,
                        "width": 39,
                        "openParenToken": {
                            "kind": "OpenParenToken",
                            "fullStart": 402,
                            "fullEnd": 403,
                            "start": 402,
                            "end": 403,
                            "fullWidth": 1,
                            "width": 1,
                            "text": "(",
                            "value": "(",
                            "valueText": "("
                        },
                        "arguments": [
                            {
                                "kind": "StringLiteral",
                                "fullStart": 403,
                                "fullEnd": 440,
                                "start": 403,
                                "end": 440,
                                "fullWidth": 37,
                                "width": 37,
                                "text": "\"// single line comment\\u000A x = 1;\"",
                                "value": "// single line comment\n x = 1;",
                                "valueText": "// single line comment\n x = 1;"
                            }
                        ],
                        "closeParenToken": {
                            "kind": "CloseParenToken",
                            "fullStart": 440,
                            "fullEnd": 441,
                            "start": 440,
                            "end": 441,
                            "fullWidth": 1,
                            "width": 1,
                            "text": ")",
                            "value": ")",
                            "valueText": ")"
                        }
                    }
                },
                "semicolonToken": {
                    "kind": "SemicolonToken",
                    "fullStart": 441,
                    "fullEnd": 443,
                    "start": 441,
                    "end": 442,
                    "fullWidth": 2,
                    "width": 1,
                    "text": ";",
                    "value": ";",
                    "valueText": ";",
                    "hasTrailingTrivia": true,
                    "hasTrailingNewLine": true,
                    "trailingTrivia": [
                        {
                            "kind": "NewLineTrivia",
                            "fullStart": 442,
                            "fullEnd": 443,
                            "text": "\n"
                        }
                    ]
                }
            },
            {
                "kind": "IfStatement",
                "fullStart": 443,
                "fullEnd": 558,
                "start": 443,
                "end": 557,
                "fullWidth": 115,
                "width": 114,
                "ifKeyword": {
                    "kind": "IfKeyword",
                    "fullStart": 443,
                    "fullEnd": 446,
                    "start": 443,
                    "end": 445,
                    "fullWidth": 3,
                    "width": 2,
                    "text": "if",
                    "value": "if",
                    "valueText": "if",
                    "hasTrailingTrivia": true,
                    "trailingTrivia": [
                        {
                            "kind": "WhitespaceTrivia",
                            "fullStart": 445,
                            "fullEnd": 446,
                            "text": " "
                        }
                    ]
                },
                "openParenToken": {
                    "kind": "OpenParenToken",
                    "fullStart": 446,
                    "fullEnd": 447,
                    "start": 446,
                    "end": 447,
                    "fullWidth": 1,
                    "width": 1,
                    "text": "(",
                    "value": "(",
                    "valueText": "("
                },
                "condition": {
                    "kind": "NotEqualsExpression",
                    "fullStart": 447,
                    "fullEnd": 454,
                    "start": 447,
                    "end": 454,
                    "fullWidth": 7,
                    "width": 7,
                    "left": {
                        "kind": "IdentifierName",
                        "fullStart": 447,
                        "fullEnd": 449,
                        "start": 447,
                        "end": 448,
                        "fullWidth": 2,
                        "width": 1,
                        "text": "x",
                        "value": "x",
                        "valueText": "x",
                        "hasTrailingTrivia": true,
                        "trailingTrivia": [
                            {
                                "kind": "WhitespaceTrivia",
                                "fullStart": 448,
                                "fullEnd": 449,
                                "text": " "
                            }
                        ]
                    },
                    "operatorToken": {
                        "kind": "ExclamationEqualsEqualsToken",
                        "fullStart": 449,
                        "fullEnd": 453,
                        "start": 449,
                        "end": 452,
                        "fullWidth": 4,
                        "width": 3,
                        "text": "!==",
                        "value": "!==",
                        "valueText": "!==",
                        "hasTrailingTrivia": true,
                        "trailingTrivia": [
                            {
                                "kind": "WhitespaceTrivia",
                                "fullStart": 452,
                                "fullEnd": 453,
                                "text": " "
                            }
                        ]
                    },
                    "right": {
                        "kind": "NumericLiteral",
                        "fullStart": 453,
                        "fullEnd": 454,
                        "start": 453,
                        "end": 454,
                        "fullWidth": 1,
                        "width": 1,
                        "text": "1",
                        "value": 1,
                        "valueText": "1"
                    }
                },
                "closeParenToken": {
                    "kind": "CloseParenToken",
                    "fullStart": 454,
                    "fullEnd": 456,
                    "start": 454,
                    "end": 455,
                    "fullWidth": 2,
                    "width": 1,
                    "text": ")",
                    "value": ")",
                    "valueText": ")",
                    "hasTrailingTrivia": true,
                    "trailingTrivia": [
                        {
                            "kind": "WhitespaceTrivia",
                            "fullStart": 455,
                            "fullEnd": 456,
                            "text": " "
                        }
                    ]
                },
                "statement": {
                    "kind": "Block",
                    "fullStart": 456,
                    "fullEnd": 558,
                    "start": 456,
                    "end": 557,
                    "fullWidth": 102,
                    "width": 101,
                    "openBraceToken": {
                        "kind": "OpenBraceToken",
                        "fullStart": 456,
                        "fullEnd": 458,
                        "start": 456,
                        "end": 457,
                        "fullWidth": 2,
                        "width": 1,
                        "text": "{",
                        "value": "{",
                        "valueText": "{",
                        "hasTrailingTrivia": true,
                        "hasTrailingNewLine": true,
                        "trailingTrivia": [
                            {
                                "kind": "NewLineTrivia",
                                "fullStart": 457,
                                "fullEnd": 458,
                                "text": "\n"
                            }
                        ]
                    },
                    "statements": [
                        {
                            "kind": "ExpressionStatement",
                            "fullStart": 458,
                            "fullEnd": 556,
                            "start": 460,
                            "end": 555,
                            "fullWidth": 98,
                            "width": 95,
                            "expression": {
                                "kind": "InvocationExpression",
                                "fullStart": 458,
                                "fullEnd": 554,
                                "start": 460,
                                "end": 554,
                                "fullWidth": 96,
                                "width": 94,
                                "expression": {
                                    "kind": "IdentifierName",
                                    "fullStart": 458,
                                    "fullEnd": 466,
                                    "start": 460,
                                    "end": 466,
                                    "fullWidth": 8,
                                    "width": 6,
                                    "text": "$ERROR",
                                    "value": "$ERROR",
                                    "valueText": "$ERROR",
                                    "hasLeadingTrivia": true,
                                    "leadingTrivia": [
                                        {
                                            "kind": "WhitespaceTrivia",
                                            "fullStart": 458,
                                            "fullEnd": 460,
                                            "text": "  "
                                        }
                                    ]
                                },
                                "argumentList": {
                                    "kind": "ArgumentList",
                                    "fullStart": 466,
                                    "fullEnd": 554,
                                    "start": 466,
                                    "end": 554,
                                    "fullWidth": 88,
                                    "width": 88,
                                    "openParenToken": {
                                        "kind": "OpenParenToken",
                                        "fullStart": 466,
                                        "fullEnd": 467,
                                        "start": 466,
                                        "end": 467,
                                        "fullWidth": 1,
                                        "width": 1,
                                        "text": "(",
                                        "value": "(",
                                        "valueText": "("
                                    },
                                    "arguments": [
                                        {
                                            "kind": "AddExpression",
                                            "fullStart": 467,
                                            "fullEnd": 553,
                                            "start": 467,
                                            "end": 553,
                                            "fullWidth": 86,
                                            "width": 86,
                                            "left": {
                                                "kind": "StringLiteral",
                                                "fullStart": 467,
                                                "fullEnd": 548,
                                                "start": 467,
                                                "end": 547,
                                                "fullWidth": 81,
                                                "width": 80,
                                                "text": "'#1: var x = 0; eval(\"// single line comment\\\\u000A x = 1;\"); x === 1. Actual: '",
                                                "value": "#1: var x = 0; eval(\"// single line comment\\u000A x = 1;\"); x === 1. Actual: ",
                                                "valueText": "#1: var x = 0; eval(\"// single line comment\\u000A x = 1;\"); x === 1. Actual: ",
                                                "hasTrailingTrivia": true,
                                                "trailingTrivia": [
                                                    {
                                                        "kind": "WhitespaceTrivia",
                                                        "fullStart": 547,
                                                        "fullEnd": 548,
                                                        "text": " "
                                                    }
                                                ]
                                            },
                                            "operatorToken": {
                                                "kind": "PlusToken",
                                                "fullStart": 548,
                                                "fullEnd": 550,
                                                "start": 548,
                                                "end": 549,
                                                "fullWidth": 2,
                                                "width": 1,
                                                "text": "+",
                                                "value": "+",
                                                "valueText": "+",
                                                "hasTrailingTrivia": true,
                                                "trailingTrivia": [
                                                    {
                                                        "kind": "WhitespaceTrivia",
                                                        "fullStart": 549,
                                                        "fullEnd": 550,
                                                        "text": " "
                                                    }
                                                ]
                                            },
                                            "right": {
                                                "kind": "ParenthesizedExpression",
                                                "fullStart": 550,
                                                "fullEnd": 553,
                                                "start": 550,
                                                "end": 553,
                                                "fullWidth": 3,
                                                "width": 3,
                                                "openParenToken": {
                                                    "kind": "OpenParenToken",
                                                    "fullStart": 550,
                                                    "fullEnd": 551,
                                                    "start": 550,
                                                    "end": 551,
                                                    "fullWidth": 1,
                                                    "width": 1,
                                                    "text": "(",
                                                    "value": "(",
                                                    "valueText": "("
                                                },
                                                "expression": {
                                                    "kind": "IdentifierName",
                                                    "fullStart": 551,
                                                    "fullEnd": 552,
                                                    "start": 551,
                                                    "end": 552,
                                                    "fullWidth": 1,
                                                    "width": 1,
                                                    "text": "x",
                                                    "value": "x",
                                                    "valueText": "x"
                                                },
                                                "closeParenToken": {
                                                    "kind": "CloseParenToken",
                                                    "fullStart": 552,
                                                    "fullEnd": 553,
                                                    "start": 552,
                                                    "end": 553,
                                                    "fullWidth": 1,
                                                    "width": 1,
                                                    "text": ")",
                                                    "value": ")",
                                                    "valueText": ")"
                                                }
                                            }
                                        }
                                    ],
                                    "closeParenToken": {
                                        "kind": "CloseParenToken",
                                        "fullStart": 553,
                                        "fullEnd": 554,
                                        "start": 553,
                                        "end": 554,
                                        "fullWidth": 1,
                                        "width": 1,
                                        "text": ")",
                                        "value": ")",
                                        "valueText": ")"
                                    }
                                }
                            },
                            "semicolonToken": {
                                "kind": "SemicolonToken",
                                "fullStart": 554,
                                "fullEnd": 556,
                                "start": 554,
                                "end": 555,
                                "fullWidth": 2,
                                "width": 1,
                                "text": ";",
                                "value": ";",
                                "valueText": ";",
                                "hasTrailingTrivia": true,
                                "hasTrailingNewLine": true,
                                "trailingTrivia": [
                                    {
                                        "kind": "NewLineTrivia",
                                        "fullStart": 555,
                                        "fullEnd": 556,
                                        "text": "\n"
                                    }
                                ]
                            }
                        }
                    ],
                    "closeBraceToken": {
                        "kind": "CloseBraceToken",
                        "fullStart": 556,
                        "fullEnd": 558,
                        "start": 556,
                        "end": 557,
                        "fullWidth": 2,
                        "width": 1,
                        "text": "}",
                        "value": "}",
                        "valueText": "}",
                        "hasTrailingTrivia": true,
                        "hasTrailingNewLine": true,
                        "trailingTrivia": [
                            {
                                "kind": "NewLineTrivia",
                                "fullStart": 557,
                                "fullEnd": 558,
                                "text": "\n"
                            }
                        ]
                    }
                }
            }
        ],
        "endOfFileToken": {
            "kind": "EndOfFileToken",
            "fullStart": 558,
            "fullEnd": 559,
            "start": 559,
            "end": 559,
            "fullWidth": 1,
            "width": 0,
            "text": "",
            "hasLeadingTrivia": true,
            "hasLeadingNewLine": true,
            "leadingTrivia": [
                {
                    "kind": "NewLineTrivia",
                    "fullStart": 558,
                    "fullEnd": 559,
                    "text": "\n"
                }
            ]
        }
    },
    "lineMap": {
        "lineStarts": [
            0,
            61,
            132,
            133,
            137,
            208,
            211,
            243,
            321,
            325,
            326,
            337,
            375,
            376,
            387,
            398,
            443,
            458,
            556,
            558,
            559
        ],
        "length": 559
    }
}