{
    "fullText": [
        "function f(a, b) {",
        "    if (typeof a === \"undefined\") { a = 1 }",
        "}"
    ],
    "sourceUnit": {
        "kind": "SourceUnit",
        "fullStart": 0,
        "fullEnd": 25,
        "start": 0,
        "end": 25,
        "fullWidth": 66,
        "width": 66,
        "isIncrementallyUnusable": true,
        "moduleElements": [
            {
                "kind": "FunctionDeclaration",
                "fullStart": 0,
                "fullEnd": 25,
                "start": 0,
                "end": 25,
                "fullWidth": 66,
                "width": 66,
                "isIncrementallyUnusable": true,
                "modifiers": [],
                "functionKeyword": {
                    "kind": "FunctionKeyword",
                    "fullStart": 0,
                    "fullEnd": 9,
                    "start": 0,
                    "end": 8,
                    "fullWidth": 9,
                    "width": 8,
                    "text": "function",
                    "value": "function",
                    "valueText": "function",
                    "hasTrailingTrivia": true,
                    "trailingTrivia": [
                        {
                            "kind": "WhitespaceTrivia",
                            "fullStart": 8,
                            "fullEnd": 9,
                            "text": " "
                        }
                    ]
                },
                "identifier": {
                    "kind": "IdentifierName",
                    "fullStart": 9,
                    "fullEnd": 10,
                    "start": 9,
                    "end": 10,
                    "fullWidth": 1,
                    "width": 1,
                    "text": "f",
                    "value": "f",
                    "valueText": "f"
                },
                "callSignature": {
                    "kind": "CallSignature",
                    "fullStart": 10,
                    "fullEnd": 21,
                    "start": 10,
                    "end": 20,
                    "fullWidth": 7,
                    "width": 6,
                    "isIncrementallyUnusable": true,
                    "parameterList": {
                        "kind": "ParameterList",
                        "fullStart": 10,
                        "fullEnd": 21,
                        "start": 10,
                        "end": 20,
                        "fullWidth": 7,
                        "width": 6,
                        "isIncrementallyUnusable": true,
                        "openParenToken": {
                            "kind": "OpenParenToken",
                            "fullStart": 10,
                            "fullEnd": 11,
                            "start": 10,
                            "end": 11,
                            "fullWidth": 1,
                            "width": 1,
                            "text": "(",
                            "value": "(",
                            "valueText": "("
                        },
                        "parameters": [
                            {
                                "kind": "Parameter",
                                "fullStart": 11,
                                "fullEnd": 12,
                                "start": 11,
                                "end": 12,
                                "fullWidth": 1,
                                "width": 1,
                                "isIncrementallyUnusable": true,
                                "modifiers": [],
                                "identifier": {
                                    "kind": "IdentifierName",
                                    "fullStart": 11,
                                    "fullEnd": 12,
                                    "start": 11,
                                    "end": 12,
                                    "fullWidth": 1,
                                    "width": 1,
                                    "text": "a",
                                    "value": "a",
                                    "valueText": "a"
                                }
                            },
                            {
                                "kind": "CommaToken",
                                "fullStart": 16,
                                "fullEnd": 18,
                                "start": 16,
                                "end": 17,
                                "fullWidth": 2,
                                "width": 1,
                                "text": ",",
                                "value": ",",
                                "valueText": ",",
                                "hasTrailingTrivia": true,
                                "trailingTrivia": [
                                    {
                                        "kind": "WhitespaceTrivia",
                                        "fullStart": 17,
                                        "fullEnd": 18,
                                        "text": " "
                                    }
                                ]
                            },
                            {
                                "kind": "Parameter",
                                "fullStart": 18,
                                "fullEnd": 19,
                                "start": 18,
                                "end": 19,
                                "fullWidth": 1,
                                "width": 1,
                                "isIncrementallyUnusable": true,
                                "modifiers": [],
                                "identifier": {
                                    "kind": "IdentifierName",
                                    "fullStart": 18,
                                    "fullEnd": 19,
                                    "start": 18,
                                    "end": 19,
                                    "fullWidth": 1,
                                    "width": 1,
                                    "text": "b",
                                    "value": "b",
                                    "valueText": "b"
                                }
                            }
                        ],
                        "closeParenToken": {
                            "kind": "CloseParenToken",
                            "fullStart": 19,
                            "fullEnd": 21,
                            "start": 19,
                            "end": 20,
                            "fullWidth": 2,
                            "width": 1,
                            "text": ")",
                            "value": ")",
                            "valueText": ")",
                            "hasTrailingTrivia": true,
                            "trailingTrivia": [
                                {
                                    "kind": "WhitespaceTrivia",
                                    "fullStart": 20,
                                    "fullEnd": 21,
                                    "text": " "
                                }
                            ]
                        }
                    }
                },
                "block": {
                    "kind": "Block",
                    "fullStart": 21,
                    "fullEnd": 25,
                    "start": 21,
                    "end": 25,
                    "fullWidth": 49,
                    "width": 49,
                    "isIncrementallyUnusable": true,
                    "openBraceToken": {
                        "kind": "OpenBraceToken",
                        "fullStart": 21,
                        "fullEnd": 24,
                        "start": 21,
                        "end": 22,
                        "fullWidth": 3,
                        "width": 1,
                        "text": "{",
                        "value": "{",
                        "valueText": "{",
                        "hasTrailingTrivia": true,
                        "hasTrailingNewLine": true,
                        "trailingTrivia": [
                            {
                                "kind": "NewLineTrivia",
                                "fullStart": 22,
                                "fullEnd": 24,
                                "text": "\r\n"
                            }
                        ]
                    },
                    "statements": [
                        {
                            "kind": "IfStatement",
                            "fullStart": -1,
                            "fullEnd": 2,
                            "start": 3,
                            "end": 0,
                            "fullWidth": 45,
                            "width": 39,
                            "isIncrementallyUnusable": true,
                            "ifKeyword": {
                                "kind": "IfKeyword",
                                "fullStart": -1,
                                "fullEnd": 6,
                                "start": 3,
                                "end": 5,
                                "fullWidth": 7,
                                "width": 2,
                                "text": "if",
                                "value": "if",
                                "valueText": "if",
                                "hasLeadingTrivia": true,
                                "hasTrailingTrivia": true,
                                "leadingTrivia": [
                                    {
                                        "kind": "WhitespaceTrivia",
                                        "fullStart": -1,
                                        "fullEnd": 3,
                                        "text": "    "
                                    }
                                ],
                                "trailingTrivia": [
                                    {
                                        "kind": "WhitespaceTrivia",
                                        "fullStart": -1,
                                        "fullEnd": 0,
                                        "text": " "
                                    }
                                ]
                            },
                            "openParenToken": {
                                "kind": "OpenParenToken",
                                "fullStart": -1,
                                "fullEnd": 0,
                                "start": -1,
                                "end": 0,
                                "fullWidth": 1,
                                "width": 1,
                                "text": "(",
                                "value": "(",
                                "valueText": "("
                            },
                            "condition": {
                                "kind": "EqualsExpression",
                                "fullStart": -1,
                                "fullEnd": 10,
                                "start": -1,
                                "end": 10,
                                "fullWidth": 24,
                                "width": 24,
                                "isIncrementallyUnusable": true,
                                "left": {
                                    "kind": "TypeOfExpression",
                                    "fullStart": -1,
                                    "fullEnd": 13,
                                    "start": -1,
                                    "end": 12,
                                    "fullWidth": 9,
                                    "width": 8,
                                    "isIncrementallyUnusable": true,
                                    "typeOfKeyword": {
                                        "kind": "TypeOfKeyword",
                                        "fullStart": -1,
                                        "fullEnd": 6,
                                        "start": -1,
                                        "end": 5,
                                        "fullWidth": 7,
                                        "width": 6,
                                        "text": "typeof",
                                        "value": "typeof",
                                        "valueText": "typeof",
                                        "hasTrailingTrivia": true,
                                        "trailingTrivia": [
                                            {
                                                "kind": "WhitespaceTrivia",
                                                "fullStart": -1,
                                                "fullEnd": 0,
                                                "text": " "
                                            }
                                        ]
                                    },
                                    "expression": {
                                        "kind": "IdentifierName",
                                        "fullStart": 11,
                                        "fullEnd": 13,
                                        "start": 11,
                                        "end": 12,
                                        "fullWidth": 2,
                                        "width": 1,
                                        "text": "a",
                                        "value": "a",
                                        "valueText": "a",
                                        "hasTrailingTrivia": true,
                                        "trailingTrivia": [
                                            {
                                                "kind": "WhitespaceTrivia",
                                                "fullStart": -1,
                                                "fullEnd": 0,
                                                "text": " "
                                            }
                                        ]
                                    }
                                },
                                "operatorToken": {
                                    "kind": "EqualsEqualsEqualsToken",
                                    "fullStart": -1,
                                    "fullEnd": 3,
                                    "start": -1,
                                    "end": 2,
                                    "fullWidth": 4,
                                    "width": 3,
                                    "text": "===",
                                    "value": "===",
                                    "valueText": "===",
                                    "hasTrailingTrivia": true,
                                    "trailingTrivia": [
                                        {
                                            "kind": "WhitespaceTrivia",
                                            "fullStart": -1,
                                            "fullEnd": 0,
                                            "text": " "
                                        }
                                    ]
                                },
                                "right": {
                                    "kind": "StringLiteral",
                                    "fullStart": -1,
                                    "fullEnd": 10,
                                    "start": -1,
                                    "end": 10,
                                    "fullWidth": 11,
                                    "width": 11,
                                    "text": "\"undefined\"",
                                    "value": "undefined",
                                    "valueText": "undefined"
                                }
                            },
                            "closeParenToken": {
                                "kind": "CloseParenToken",
                                "fullStart": -1,
                                "fullEnd": 1,
                                "start": -1,
                                "end": 0,
                                "fullWidth": 2,
                                "width": 1,
                                "text": ")",
                                "value": ")",
                                "valueText": ")",
                                "hasTrailingTrivia": true,
                                "trailingTrivia": [
                                    {
                                        "kind": "WhitespaceTrivia",
                                        "fullStart": -1,
                                        "fullEnd": 0,
                                        "text": " "
                                    }
                                ]
                            },
                            "statement": {
                                "kind": "Block",
                                "fullStart": -1,
                                "fullEnd": 2,
                                "start": -1,
                                "end": 0,
                                "fullWidth": 11,
                                "width": 9,
                                "isIncrementallyUnusable": true,
                                "openBraceToken": {
                                    "kind": "OpenBraceToken",
                                    "fullStart": -1,
                                    "fullEnd": 1,
                                    "start": -1,
                                    "end": 0,
                                    "fullWidth": 2,
                                    "width": 1,
                                    "text": "{",
                                    "value": "{",
                                    "valueText": "{",
                                    "hasTrailingTrivia": true,
                                    "trailingTrivia": [
                                        {
                                            "kind": "WhitespaceTrivia",
                                            "fullStart": -1,
                                            "fullEnd": 0,
                                            "text": " "
                                        }
                                    ]
                                },
                                "statements": [
                                    {
                                        "kind": "ExpressionStatement",
                                        "fullStart": 11,
                                        "fullEnd": 17,
                                        "start": 11,
                                        "end": 16,
                                        "fullWidth": 6,
                                        "width": 5,
                                        "isIncrementallyUnusable": true,
                                        "expression": {
                                            "kind": "AssignmentExpression",
                                            "fullStart": 11,
                                            "fullEnd": 17,
                                            "start": 11,
                                            "end": 16,
                                            "fullWidth": 6,
                                            "width": 5,
                                            "isIncrementallyUnusable": true,
                                            "left": {
                                                "kind": "IdentifierName",
                                                "fullStart": 11,
                                                "fullEnd": 13,
                                                "start": 11,
                                                "end": 12,
                                                "fullWidth": 2,
                                                "width": 1,
                                                "text": "a",
                                                "value": "a",
                                                "valueText": "a",
                                                "hasTrailingTrivia": true,
                                                "trailingTrivia": [
                                                    {
                                                        "kind": "WhitespaceTrivia",
                                                        "fullStart": -1,
                                                        "fullEnd": 0,
                                                        "text": " "
                                                    }
                                                ]
                                            },
                                            "operatorToken": {
                                                "kind": "EqualsToken",
                                                "fullStart": -1,
                                                "fullEnd": 1,
                                                "start": -1,
                                                "end": 0,
                                                "fullWidth": 2,
                                                "width": 1,
                                                "text": "=",
                                                "value": "=",
                                                "valueText": "=",
                                                "hasTrailingTrivia": true,
                                                "trailingTrivia": [
                                                    {
                                                        "kind": "WhitespaceTrivia",
                                                        "fullStart": -1,
                                                        "fullEnd": 0,
                                                        "text": " "
                                                    }
                                                ]
                                            },
                                            "right": {
                                                "kind": "NumericLiteral",
                                                "fullStart": 15,
                                                "fullEnd": 17,
                                                "start": 15,
                                                "end": 16,
                                                "fullWidth": 2,
                                                "width": 1,
                                                "text": "1",
                                                "value": 1,
                                                "valueText": "1",
                                                "hasTrailingTrivia": true,
                                                "trailingTrivia": [
                                                    {
                                                        "kind": "WhitespaceTrivia",
                                                        "fullStart": -1,
                                                        "fullEnd": 0,
                                                        "text": " "
                                                    }
                                                ]
                                            }
                                        }
                                    }
                                ],
                                "closeBraceToken": {
                                    "kind": "CloseBraceToken",
                                    "fullStart": -1,
                                    "fullEnd": 2,
                                    "start": -1,
                                    "end": 0,
                                    "fullWidth": 3,
                                    "width": 1,
                                    "text": "}",
                                    "value": "}",
                                    "valueText": "}",
                                    "hasTrailingTrivia": true,
                                    "hasTrailingNewLine": true,
                                    "trailingTrivia": [
                                        {
                                            "kind": "NewLineTrivia",
                                            "fullStart": -1,
                                            "fullEnd": 1,
                                            "text": "\r\n"
                                        }
                                    ]
                                }
                            }
                        }
                    ],
                    "closeBraceToken": {
                        "kind": "CloseBraceToken",
                        "fullStart": 24,
                        "fullEnd": 25,
                        "start": 24,
                        "end": 25,
                        "fullWidth": 1,
                        "width": 1,
                        "text": "}",
                        "value": "}",
                        "valueText": "}"
                    }
                }
            }
        ],
        "endOfFileToken": {
            "kind": "EndOfFileToken",
            "fullStart": 25,
            "fullEnd": 25,
            "start": 25,
            "end": 25,
            "fullWidth": 0,
            "width": 0,
            "text": ""
        }
    }
}