{
    "isDeclaration": false,
    "languageVersion": "EcmaScript5",
    "sourceUnit": {
        "kind": "SourceUnit",
        "fullStart": 0,
        "fullEnd": 618,
        "start": 330,
        "end": 618,
        "fullWidth": 618,
        "width": 288,
        "moduleElements": [
            {
                "kind": "IfStatement",
                "fullStart": 0,
                "fullEnd": 473,
                "start": 330,
                "end": 472,
                "fullWidth": 473,
                "width": 142,
                "ifKeyword": {
                    "kind": "IfKeyword",
                    "fullStart": 0,
                    "fullEnd": 333,
                    "start": 330,
                    "end": 332,
                    "fullWidth": 333,
                    "width": 2,
                    "text": "if",
                    "value": "if",
                    "valueText": "if",
                    "hasLeadingTrivia": true,
                    "hasLeadingComment": true,
                    "hasLeadingNewLine": true,
                    "hasTrailingTrivia": true,
                    "leadingTrivia": [
                        {
                            "kind": "SingleLineCommentTrivia",
                            "fullStart": 0,
                            "fullEnd": 60,
                            "text": "// Copyright 2009 the Sputnik authors.  All rights reserved."
                        },
                        {
                            "kind": "NewLineTrivia",
                            "fullStart": 60,
                            "fullEnd": 61,
                            "text": "\n"
                        },
                        {
                            "kind": "SingleLineCommentTrivia",
                            "fullStart": 61,
                            "fullEnd": 131,
                            "text": "// This code is governed by the BSD license found in the LICENSE file."
                        },
                        {
                            "kind": "NewLineTrivia",
                            "fullStart": 131,
                            "fullEnd": 132,
                            "text": "\n"
                        },
                        {
                            "kind": "NewLineTrivia",
                            "fullStart": 132,
                            "fullEnd": 133,
                            "text": "\n"
                        },
                        {
                            "kind": "MultiLineCommentTrivia",
                            "fullStart": 133,
                            "fullEnd": 328,
                            "text": "/**\n * The Date.prototype property \"getSeconds\" has { DontEnum } attributes\n *\n * @path ch15/15.9/15.9.5/15.9.5.22/S15.9.5.22_A1_T2.js\n * @description Checking absence of DontDelete attribute\n */"
                        },
                        {
                            "kind": "NewLineTrivia",
                            "fullStart": 328,
                            "fullEnd": 329,
                            "text": "\n"
                        },
                        {
                            "kind": "NewLineTrivia",
                            "fullStart": 329,
                            "fullEnd": 330,
                            "text": "\n"
                        }
                    ],
                    "trailingTrivia": [
                        {
                            "kind": "WhitespaceTrivia",
                            "fullStart": 332,
                            "fullEnd": 333,
                            "text": " "
                        }
                    ]
                },
                "openParenToken": {
                    "kind": "OpenParenToken",
                    "fullStart": 333,
                    "fullEnd": 334,
                    "start": 333,
                    "end": 334,
                    "fullWidth": 1,
                    "width": 1,
                    "text": "(",
                    "value": "(",
                    "valueText": "("
                },
                "condition": {
                    "kind": "EqualsExpression",
                    "fullStart": 334,
                    "fullEnd": 377,
                    "start": 334,
                    "end": 377,
                    "fullWidth": 43,
                    "width": 43,
                    "left": {
                        "kind": "DeleteExpression",
                        "fullStart": 334,
                        "fullEnd": 368,
                        "start": 334,
                        "end": 366,
                        "fullWidth": 34,
                        "width": 32,
                        "deleteKeyword": {
                            "kind": "DeleteKeyword",
                            "fullStart": 334,
                            "fullEnd": 341,
                            "start": 334,
                            "end": 340,
                            "fullWidth": 7,
                            "width": 6,
                            "text": "delete",
                            "value": "delete",
                            "valueText": "delete",
                            "hasTrailingTrivia": true,
                            "trailingTrivia": [
                                {
                                    "kind": "WhitespaceTrivia",
                                    "fullStart": 340,
                                    "fullEnd": 341,
                                    "text": " "
                                }
                            ]
                        },
                        "expression": {
                            "kind": "MemberAccessExpression",
                            "fullStart": 341,
                            "fullEnd": 368,
                            "start": 341,
                            "end": 366,
                            "fullWidth": 27,
                            "width": 25,
                            "expression": {
                                "kind": "MemberAccessExpression",
                                "fullStart": 341,
                                "fullEnd": 355,
                                "start": 341,
                                "end": 355,
                                "fullWidth": 14,
                                "width": 14,
                                "expression": {
                                    "kind": "IdentifierName",
                                    "fullStart": 341,
                                    "fullEnd": 345,
                                    "start": 341,
                                    "end": 345,
                                    "fullWidth": 4,
                                    "width": 4,
                                    "text": "Date",
                                    "value": "Date",
                                    "valueText": "Date"
                                },
                                "dotToken": {
                                    "kind": "DotToken",
                                    "fullStart": 345,
                                    "fullEnd": 346,
                                    "start": 345,
                                    "end": 346,
                                    "fullWidth": 1,
                                    "width": 1,
                                    "text": ".",
                                    "value": ".",
                                    "valueText": "."
                                },
                                "name": {
                                    "kind": "IdentifierName",
                                    "fullStart": 346,
                                    "fullEnd": 355,
                                    "start": 346,
                                    "end": 355,
                                    "fullWidth": 9,
                                    "width": 9,
                                    "text": "prototype",
                                    "value": "prototype",
                                    "valueText": "prototype"
                                }
                            },
                            "dotToken": {
                                "kind": "DotToken",
                                "fullStart": 355,
                                "fullEnd": 356,
                                "start": 355,
                                "end": 356,
                                "fullWidth": 1,
                                "width": 1,
                                "text": ".",
                                "value": ".",
                                "valueText": "."
                            },
                            "name": {
                                "kind": "IdentifierName",
                                "fullStart": 356,
                                "fullEnd": 368,
                                "start": 356,
                                "end": 366,
                                "fullWidth": 12,
                                "width": 10,
                                "text": "getSeconds",
                                "value": "getSeconds",
                                "valueText": "getSeconds",
                                "hasTrailingTrivia": true,
                                "trailingTrivia": [
                                    {
                                        "kind": "WhitespaceTrivia",
                                        "fullStart": 366,
                                        "fullEnd": 368,
                                        "text": "  "
                                    }
                                ]
                            }
                        }
                    },
                    "operatorToken": {
                        "kind": "EqualsEqualsEqualsToken",
                        "fullStart": 368,
                        "fullEnd": 372,
                        "start": 368,
                        "end": 371,
                        "fullWidth": 4,
                        "width": 3,
                        "text": "===",
                        "value": "===",
                        "valueText": "===",
                        "hasTrailingTrivia": true,
                        "trailingTrivia": [
                            {
                                "kind": "WhitespaceTrivia",
                                "fullStart": 371,
                                "fullEnd": 372,
                                "text": " "
                            }
                        ]
                    },
                    "right": {
                        "kind": "FalseKeyword",
                        "fullStart": 372,
                        "fullEnd": 377,
                        "start": 372,
                        "end": 377,
                        "fullWidth": 5,
                        "width": 5,
                        "text": "false",
                        "value": false,
                        "valueText": "false"
                    }
                },
                "closeParenToken": {
                    "kind": "CloseParenToken",
                    "fullStart": 377,
                    "fullEnd": 379,
                    "start": 377,
                    "end": 378,
                    "fullWidth": 2,
                    "width": 1,
                    "text": ")",
                    "value": ")",
                    "valueText": ")",
                    "hasTrailingTrivia": true,
                    "trailingTrivia": [
                        {
                            "kind": "WhitespaceTrivia",
                            "fullStart": 378,
                            "fullEnd": 379,
                            "text": " "
                        }
                    ]
                },
                "statement": {
                    "kind": "Block",
                    "fullStart": 379,
                    "fullEnd": 473,
                    "start": 379,
                    "end": 472,
                    "fullWidth": 94,
                    "width": 93,
                    "openBraceToken": {
                        "kind": "OpenBraceToken",
                        "fullStart": 379,
                        "fullEnd": 381,
                        "start": 379,
                        "end": 380,
                        "fullWidth": 2,
                        "width": 1,
                        "text": "{",
                        "value": "{",
                        "valueText": "{",
                        "hasTrailingTrivia": true,
                        "hasTrailingNewLine": true,
                        "trailingTrivia": [
                            {
                                "kind": "NewLineTrivia",
                                "fullStart": 380,
                                "fullEnd": 381,
                                "text": "\n"
                            }
                        ]
                    },
                    "statements": [
                        {
                            "kind": "ExpressionStatement",
                            "fullStart": 381,
                            "fullEnd": 471,
                            "start": 383,
                            "end": 470,
                            "fullWidth": 90,
                            "width": 87,
                            "expression": {
                                "kind": "InvocationExpression",
                                "fullStart": 381,
                                "fullEnd": 469,
                                "start": 383,
                                "end": 469,
                                "fullWidth": 88,
                                "width": 86,
                                "expression": {
                                    "kind": "IdentifierName",
                                    "fullStart": 381,
                                    "fullEnd": 389,
                                    "start": 383,
                                    "end": 389,
                                    "fullWidth": 8,
                                    "width": 6,
                                    "text": "$ERROR",
                                    "value": "$ERROR",
                                    "valueText": "$ERROR",
                                    "hasLeadingTrivia": true,
                                    "leadingTrivia": [
                                        {
                                            "kind": "WhitespaceTrivia",
                                            "fullStart": 381,
                                            "fullEnd": 383,
                                            "text": "  "
                                        }
                                    ]
                                },
                                "argumentList": {
                                    "kind": "ArgumentList",
                                    "fullStart": 389,
                                    "fullEnd": 469,
                                    "start": 389,
                                    "end": 469,
                                    "fullWidth": 80,
                                    "width": 80,
                                    "openParenToken": {
                                        "kind": "OpenParenToken",
                                        "fullStart": 389,
                                        "fullEnd": 390,
                                        "start": 389,
                                        "end": 390,
                                        "fullWidth": 1,
                                        "width": 1,
                                        "text": "(",
                                        "value": "(",
                                        "valueText": "("
                                    },
                                    "arguments": [
                                        {
                                            "kind": "StringLiteral",
                                            "fullStart": 390,
                                            "fullEnd": 468,
                                            "start": 390,
                                            "end": 468,
                                            "fullWidth": 78,
                                            "width": 78,
                                            "text": "'#1: The Date.prototype.getSeconds property has not the attributes DontDelete'",
                                            "value": "#1: The Date.prototype.getSeconds property has not the attributes DontDelete",
                                            "valueText": "#1: The Date.prototype.getSeconds property has not the attributes DontDelete"
                                        }
                                    ],
                                    "closeParenToken": {
                                        "kind": "CloseParenToken",
                                        "fullStart": 468,
                                        "fullEnd": 469,
                                        "start": 468,
                                        "end": 469,
                                        "fullWidth": 1,
                                        "width": 1,
                                        "text": ")",
                                        "value": ")",
                                        "valueText": ")"
                                    }
                                }
                            },
                            "semicolonToken": {
                                "kind": "SemicolonToken",
                                "fullStart": 469,
                                "fullEnd": 471,
                                "start": 469,
                                "end": 470,
                                "fullWidth": 2,
                                "width": 1,
                                "text": ";",
                                "value": ";",
                                "valueText": ";",
                                "hasTrailingTrivia": true,
                                "hasTrailingNewLine": true,
                                "trailingTrivia": [
                                    {
                                        "kind": "NewLineTrivia",
                                        "fullStart": 470,
                                        "fullEnd": 471,
                                        "text": "\n"
                                    }
                                ]
                            }
                        }
                    ],
                    "closeBraceToken": {
                        "kind": "CloseBraceToken",
                        "fullStart": 471,
                        "fullEnd": 473,
                        "start": 471,
                        "end": 472,
                        "fullWidth": 2,
                        "width": 1,
                        "text": "}",
                        "value": "}",
                        "valueText": "}",
                        "hasTrailingTrivia": true,
                        "hasTrailingNewLine": true,
                        "trailingTrivia": [
                            {
                                "kind": "NewLineTrivia",
                                "fullStart": 472,
                                "fullEnd": 473,
                                "text": "\n"
                            }
                        ]
                    }
                }
            },
            {
                "kind": "IfStatement",
                "fullStart": 473,
                "fullEnd": 616,
                "start": 474,
                "end": 615,
                "fullWidth": 143,
                "width": 141,
                "ifKeyword": {
                    "kind": "IfKeyword",
                    "fullStart": 473,
                    "fullEnd": 477,
                    "start": 474,
                    "end": 476,
                    "fullWidth": 4,
                    "width": 2,
                    "text": "if",
                    "value": "if",
                    "valueText": "if",
                    "hasLeadingTrivia": true,
                    "hasLeadingNewLine": true,
                    "hasTrailingTrivia": true,
                    "leadingTrivia": [
                        {
                            "kind": "NewLineTrivia",
                            "fullStart": 473,
                            "fullEnd": 474,
                            "text": "\n"
                        }
                    ],
                    "trailingTrivia": [
                        {
                            "kind": "WhitespaceTrivia",
                            "fullStart": 476,
                            "fullEnd": 477,
                            "text": " "
                        }
                    ]
                },
                "openParenToken": {
                    "kind": "OpenParenToken",
                    "fullStart": 477,
                    "fullEnd": 478,
                    "start": 477,
                    "end": 478,
                    "fullWidth": 1,
                    "width": 1,
                    "text": "(",
                    "value": "(",
                    "valueText": "("
                },
                "condition": {
                    "kind": "InvocationExpression",
                    "fullStart": 478,
                    "fullEnd": 521,
                    "start": 478,
                    "end": 521,
                    "fullWidth": 43,
                    "width": 43,
                    "expression": {
                        "kind": "MemberAccessExpression",
                        "fullStart": 478,
                        "fullEnd": 507,
                        "start": 478,
                        "end": 507,
                        "fullWidth": 29,
                        "width": 29,
                        "expression": {
                            "kind": "MemberAccessExpression",
                            "fullStart": 478,
                            "fullEnd": 492,
                            "start": 478,
                            "end": 492,
                            "fullWidth": 14,
                            "width": 14,
                            "expression": {
                                "kind": "IdentifierName",
                                "fullStart": 478,
                                "fullEnd": 482,
                                "start": 478,
                                "end": 482,
                                "fullWidth": 4,
                                "width": 4,
                                "text": "Date",
                                "value": "Date",
                                "valueText": "Date"
                            },
                            "dotToken": {
                                "kind": "DotToken",
                                "fullStart": 482,
                                "fullEnd": 483,
                                "start": 482,
                                "end": 483,
                                "fullWidth": 1,
                                "width": 1,
                                "text": ".",
                                "value": ".",
                                "valueText": "."
                            },
                            "name": {
                                "kind": "IdentifierName",
                                "fullStart": 483,
                                "fullEnd": 492,
                                "start": 483,
                                "end": 492,
                                "fullWidth": 9,
                                "width": 9,
                                "text": "prototype",
                                "value": "prototype",
                                "valueText": "prototype"
                            }
                        },
                        "dotToken": {
                            "kind": "DotToken",
                            "fullStart": 492,
                            "fullEnd": 493,
                            "start": 492,
                            "end": 493,
                            "fullWidth": 1,
                            "width": 1,
                            "text": ".",
                            "value": ".",
                            "valueText": "."
                        },
                        "name": {
                            "kind": "IdentifierName",
                            "fullStart": 493,
                            "fullEnd": 507,
                            "start": 493,
                            "end": 507,
                            "fullWidth": 14,
                            "width": 14,
                            "text": "hasOwnProperty",
                            "value": "hasOwnProperty",
                            "valueText": "hasOwnProperty"
                        }
                    },
                    "argumentList": {
                        "kind": "ArgumentList",
                        "fullStart": 507,
                        "fullEnd": 521,
                        "start": 507,
                        "end": 521,
                        "fullWidth": 14,
                        "width": 14,
                        "openParenToken": {
                            "kind": "OpenParenToken",
                            "fullStart": 507,
                            "fullEnd": 508,
                            "start": 507,
                            "end": 508,
                            "fullWidth": 1,
                            "width": 1,
                            "text": "(",
                            "value": "(",
                            "valueText": "("
                        },
                        "arguments": [
                            {
                                "kind": "StringLiteral",
                                "fullStart": 508,
                                "fullEnd": 520,
                                "start": 508,
                                "end": 520,
                                "fullWidth": 12,
                                "width": 12,
                                "text": "'getSeconds'",
                                "value": "getSeconds",
                                "valueText": "getSeconds"
                            }
                        ],
                        "closeParenToken": {
                            "kind": "CloseParenToken",
                            "fullStart": 520,
                            "fullEnd": 521,
                            "start": 520,
                            "end": 521,
                            "fullWidth": 1,
                            "width": 1,
                            "text": ")",
                            "value": ")",
                            "valueText": ")"
                        }
                    }
                },
                "closeParenToken": {
                    "kind": "CloseParenToken",
                    "fullStart": 521,
                    "fullEnd": 523,
                    "start": 521,
                    "end": 522,
                    "fullWidth": 2,
                    "width": 1,
                    "text": ")",
                    "value": ")",
                    "valueText": ")",
                    "hasTrailingTrivia": true,
                    "trailingTrivia": [
                        {
                            "kind": "WhitespaceTrivia",
                            "fullStart": 522,
                            "fullEnd": 523,
                            "text": " "
                        }
                    ]
                },
                "statement": {
                    "kind": "Block",
                    "fullStart": 523,
                    "fullEnd": 616,
                    "start": 523,
                    "end": 615,
                    "fullWidth": 93,
                    "width": 92,
                    "openBraceToken": {
                        "kind": "OpenBraceToken",
                        "fullStart": 523,
                        "fullEnd": 525,
                        "start": 523,
                        "end": 524,
                        "fullWidth": 2,
                        "width": 1,
                        "text": "{",
                        "value": "{",
                        "valueText": "{",
                        "hasTrailingTrivia": true,
                        "hasTrailingNewLine": true,
                        "trailingTrivia": [
                            {
                                "kind": "NewLineTrivia",
                                "fullStart": 524,
                                "fullEnd": 525,
                                "text": "\n"
                            }
                        ]
                    },
                    "statements": [
                        {
                            "kind": "ExpressionStatement",
                            "fullStart": 525,
                            "fullEnd": 614,
                            "start": 527,
                            "end": 613,
                            "fullWidth": 89,
                            "width": 86,
                            "expression": {
                                "kind": "InvocationExpression",
                                "fullStart": 525,
                                "fullEnd": 612,
                                "start": 527,
                                "end": 612,
                                "fullWidth": 87,
                                "width": 85,
                                "expression": {
                                    "kind": "IdentifierName",
                                    "fullStart": 525,
                                    "fullEnd": 532,
                                    "start": 527,
                                    "end": 532,
                                    "fullWidth": 7,
                                    "width": 5,
                                    "text": "$FAIL",
                                    "value": "$FAIL",
                                    "valueText": "$FAIL",
                                    "hasLeadingTrivia": true,
                                    "leadingTrivia": [
                                        {
                                            "kind": "WhitespaceTrivia",
                                            "fullStart": 525,
                                            "fullEnd": 527,
                                            "text": "  "
                                        }
                                    ]
                                },
                                "argumentList": {
                                    "kind": "ArgumentList",
                                    "fullStart": 532,
                                    "fullEnd": 612,
                                    "start": 532,
                                    "end": 612,
                                    "fullWidth": 80,
                                    "width": 80,
                                    "openParenToken": {
                                        "kind": "OpenParenToken",
                                        "fullStart": 532,
                                        "fullEnd": 533,
                                        "start": 532,
                                        "end": 533,
                                        "fullWidth": 1,
                                        "width": 1,
                                        "text": "(",
                                        "value": "(",
                                        "valueText": "("
                                    },
                                    "arguments": [
                                        {
                                            "kind": "StringLiteral",
                                            "fullStart": 533,
                                            "fullEnd": 611,
                                            "start": 533,
                                            "end": 611,
                                            "fullWidth": 78,
                                            "width": 78,
                                            "text": "'#2: The Date.prototype.getSeconds property has not the attributes DontDelete'",
                                            "value": "#2: The Date.prototype.getSeconds property has not the attributes DontDelete",
                                            "valueText": "#2: The Date.prototype.getSeconds property has not the attributes DontDelete"
                                        }
                                    ],
                                    "closeParenToken": {
                                        "kind": "CloseParenToken",
                                        "fullStart": 611,
                                        "fullEnd": 612,
                                        "start": 611,
                                        "end": 612,
                                        "fullWidth": 1,
                                        "width": 1,
                                        "text": ")",
                                        "value": ")",
                                        "valueText": ")"
                                    }
                                }
                            },
                            "semicolonToken": {
                                "kind": "SemicolonToken",
                                "fullStart": 612,
                                "fullEnd": 614,
                                "start": 612,
                                "end": 613,
                                "fullWidth": 2,
                                "width": 1,
                                "text": ";",
                                "value": ";",
                                "valueText": ";",
                                "hasTrailingTrivia": true,
                                "hasTrailingNewLine": true,
                                "trailingTrivia": [
                                    {
                                        "kind": "NewLineTrivia",
                                        "fullStart": 613,
                                        "fullEnd": 614,
                                        "text": "\n"
                                    }
                                ]
                            }
                        }
                    ],
                    "closeBraceToken": {
                        "kind": "CloseBraceToken",
                        "fullStart": 614,
                        "fullEnd": 616,
                        "start": 614,
                        "end": 615,
                        "fullWidth": 2,
                        "width": 1,
                        "text": "}",
                        "value": "}",
                        "valueText": "}",
                        "hasTrailingTrivia": true,
                        "hasTrailingNewLine": true,
                        "trailingTrivia": [
                            {
                                "kind": "NewLineTrivia",
                                "fullStart": 615,
                                "fullEnd": 616,
                                "text": "\n"
                            }
                        ]
                    }
                }
            }
        ],
        "endOfFileToken": {
            "kind": "EndOfFileToken",
            "fullStart": 616,
            "fullEnd": 618,
            "start": 618,
            "end": 618,
            "fullWidth": 2,
            "width": 0,
            "text": "",
            "hasLeadingTrivia": true,
            "hasLeadingNewLine": true,
            "leadingTrivia": [
                {
                    "kind": "NewLineTrivia",
                    "fullStart": 616,
                    "fullEnd": 617,
                    "text": "\n"
                },
                {
                    "kind": "NewLineTrivia",
                    "fullStart": 617,
                    "fullEnd": 618,
                    "text": "\n"
                }
            ]
        }
    },
    "lineMap": {
        "lineStarts": [
            0,
            61,
            132,
            133,
            137,
            209,
            212,
            268,
            325,
            329,
            330,
            381,
            471,
            473,
            474,
            525,
            614,
            616,
            617,
            618
        ],
        "length": 618
    }
}