{
    "isDeclaration": false,
    "languageVersion": "EcmaScript5",
    "parseOptions": {
        "allowAutomaticSemicolonInsertion": true
    },
    "sourceUnit": {
        "kind": "SourceUnit",
        "fullStart": 0,
        "fullEnd": 434,
        "start": 306,
        "end": 434,
        "fullWidth": 434,
        "width": 128,
        "moduleElements": [
            {
                "kind": "IfStatement",
                "fullStart": 0,
                "fullEnd": 432,
                "start": 306,
                "end": 431,
                "fullWidth": 432,
                "width": 125,
                "ifKeyword": {
                    "kind": "IfKeyword",
                    "fullStart": 0,
                    "fullEnd": 308,
                    "start": 306,
                    "end": 308,
                    "fullWidth": 308,
                    "width": 2,
                    "text": "if",
                    "value": "if",
                    "valueText": "if",
                    "hasLeadingTrivia": true,
                    "hasLeadingComment": true,
                    "hasLeadingNewLine": true,
                    "leadingTrivia": [
                        {
                            "kind": "SingleLineCommentTrivia",
                            "fullStart": 0,
                            "fullEnd": 60,
                            "text": "// Copyright 2009 the Sputnik authors.  All rights reserved."
                        },
                        {
                            "kind": "NewLineTrivia",
                            "fullStart": 60,
                            "fullEnd": 61,
                            "text": "\n"
                        },
                        {
                            "kind": "SingleLineCommentTrivia",
                            "fullStart": 61,
                            "fullEnd": 131,
                            "text": "// This code is governed by the BSD license found in the LICENSE file."
                        },
                        {
                            "kind": "NewLineTrivia",
                            "fullStart": 131,
                            "fullEnd": 132,
                            "text": "\n"
                        },
                        {
                            "kind": "NewLineTrivia",
                            "fullStart": 132,
                            "fullEnd": 133,
                            "text": "\n"
                        },
                        {
                            "kind": "MultiLineCommentTrivia",
                            "fullStart": 133,
                            "fullEnd": 304,
                            "text": "/**\n * The Date.prototype has the property \"getMinutes\"\n *\n * @path ch15/15.9/15.9.5/S15.9.5_A20_T1.js\n * @description The Date.prototype has the property \"getMinutes\"\n */"
                        },
                        {
                            "kind": "NewLineTrivia",
                            "fullStart": 304,
                            "fullEnd": 305,
                            "text": "\n"
                        },
                        {
                            "kind": "NewLineTrivia",
                            "fullStart": 305,
                            "fullEnd": 306,
                            "text": "\n"
                        }
                    ]
                },
                "openParenToken": {
                    "kind": "OpenParenToken",
                    "fullStart": 308,
                    "fullEnd": 309,
                    "start": 308,
                    "end": 309,
                    "fullWidth": 1,
                    "width": 1,
                    "text": "(",
                    "value": "(",
                    "valueText": "("
                },
                "condition": {
                    "kind": "NotEqualsExpression",
                    "fullStart": 309,
                    "fullEnd": 361,
                    "start": 309,
                    "end": 361,
                    "fullWidth": 52,
                    "width": 52,
                    "left": {
                        "kind": "InvocationExpression",
                        "fullStart": 309,
                        "fullEnd": 353,
                        "start": 309,
                        "end": 352,
                        "fullWidth": 44,
                        "width": 43,
                        "expression": {
                            "kind": "MemberAccessExpression",
                            "fullStart": 309,
                            "fullEnd": 338,
                            "start": 309,
                            "end": 338,
                            "fullWidth": 29,
                            "width": 29,
                            "expression": {
                                "kind": "MemberAccessExpression",
                                "fullStart": 309,
                                "fullEnd": 323,
                                "start": 309,
                                "end": 323,
                                "fullWidth": 14,
                                "width": 14,
                                "expression": {
                                    "kind": "IdentifierName",
                                    "fullStart": 309,
                                    "fullEnd": 313,
                                    "start": 309,
                                    "end": 313,
                                    "fullWidth": 4,
                                    "width": 4,
                                    "text": "Date",
                                    "value": "Date",
                                    "valueText": "Date"
                                },
                                "dotToken": {
                                    "kind": "DotToken",
                                    "fullStart": 313,
                                    "fullEnd": 314,
                                    "start": 313,
                                    "end": 314,
                                    "fullWidth": 1,
                                    "width": 1,
                                    "text": ".",
                                    "value": ".",
                                    "valueText": "."
                                },
                                "name": {
                                    "kind": "IdentifierName",
                                    "fullStart": 314,
                                    "fullEnd": 323,
                                    "start": 314,
                                    "end": 323,
                                    "fullWidth": 9,
                                    "width": 9,
                                    "text": "prototype",
                                    "value": "prototype",
                                    "valueText": "prototype"
                                }
                            },
                            "dotToken": {
                                "kind": "DotToken",
                                "fullStart": 323,
                                "fullEnd": 324,
                                "start": 323,
                                "end": 324,
                                "fullWidth": 1,
                                "width": 1,
                                "text": ".",
                                "value": ".",
                                "valueText": "."
                            },
                            "name": {
                                "kind": "IdentifierName",
                                "fullStart": 324,
                                "fullEnd": 338,
                                "start": 324,
                                "end": 338,
                                "fullWidth": 14,
                                "width": 14,
                                "text": "hasOwnProperty",
                                "value": "hasOwnProperty",
                                "valueText": "hasOwnProperty"
                            }
                        },
                        "argumentList": {
                            "kind": "ArgumentList",
                            "fullStart": 338,
                            "fullEnd": 353,
                            "start": 338,
                            "end": 352,
                            "fullWidth": 15,
                            "width": 14,
                            "openParenToken": {
                                "kind": "OpenParenToken",
                                "fullStart": 338,
                                "fullEnd": 339,
                                "start": 338,
                                "end": 339,
                                "fullWidth": 1,
                                "width": 1,
                                "text": "(",
                                "value": "(",
                                "valueText": "("
                            },
                            "arguments": [
                                {
                                    "kind": "StringLiteral",
                                    "fullStart": 339,
                                    "fullEnd": 351,
                                    "start": 339,
                                    "end": 351,
                                    "fullWidth": 12,
                                    "width": 12,
                                    "text": "\"getMinutes\"",
                                    "value": "getMinutes",
                                    "valueText": "getMinutes"
                                }
                            ],
                            "closeParenToken": {
                                "kind": "CloseParenToken",
                                "fullStart": 351,
                                "fullEnd": 353,
                                "start": 351,
                                "end": 352,
                                "fullWidth": 2,
                                "width": 1,
                                "text": ")",
                                "value": ")",
                                "valueText": ")",
                                "hasTrailingTrivia": true,
                                "trailingTrivia": [
                                    {
                                        "kind": "WhitespaceTrivia",
                                        "fullStart": 352,
                                        "fullEnd": 353,
                                        "text": " "
                                    }
                                ]
                            }
                        }
                    },
                    "operatorToken": {
                        "kind": "ExclamationEqualsEqualsToken",
                        "fullStart": 353,
                        "fullEnd": 357,
                        "start": 353,
                        "end": 356,
                        "fullWidth": 4,
                        "width": 3,
                        "text": "!==",
                        "value": "!==",
                        "valueText": "!==",
                        "hasTrailingTrivia": true,
                        "trailingTrivia": [
                            {
                                "kind": "WhitespaceTrivia",
                                "fullStart": 356,
                                "fullEnd": 357,
                                "text": " "
                            }
                        ]
                    },
                    "right": {
                        "kind": "TrueKeyword",
                        "fullStart": 357,
                        "fullEnd": 361,
                        "start": 357,
                        "end": 361,
                        "fullWidth": 4,
                        "width": 4,
                        "text": "true",
                        "value": true,
                        "valueText": "true"
                    }
                },
                "closeParenToken": {
                    "kind": "CloseParenToken",
                    "fullStart": 361,
                    "fullEnd": 362,
                    "start": 361,
                    "end": 362,
                    "fullWidth": 1,
                    "width": 1,
                    "text": ")",
                    "value": ")",
                    "valueText": ")"
                },
                "statement": {
                    "kind": "Block",
                    "fullStart": 362,
                    "fullEnd": 432,
                    "start": 362,
                    "end": 431,
                    "fullWidth": 70,
                    "width": 69,
                    "openBraceToken": {
                        "kind": "OpenBraceToken",
                        "fullStart": 362,
                        "fullEnd": 364,
                        "start": 362,
                        "end": 363,
                        "fullWidth": 2,
                        "width": 1,
                        "text": "{",
                        "value": "{",
                        "valueText": "{",
                        "hasTrailingTrivia": true,
                        "hasTrailingNewLine": true,
                        "trailingTrivia": [
                            {
                                "kind": "NewLineTrivia",
                                "fullStart": 363,
                                "fullEnd": 364,
                                "text": "\n"
                            }
                        ]
                    },
                    "statements": [
                        {
                            "kind": "ExpressionStatement",
                            "fullStart": 364,
                            "fullEnd": 430,
                            "start": 366,
                            "end": 429,
                            "fullWidth": 66,
                            "width": 63,
                            "expression": {
                                "kind": "InvocationExpression",
                                "fullStart": 364,
                                "fullEnd": 428,
                                "start": 366,
                                "end": 428,
                                "fullWidth": 64,
                                "width": 62,
                                "expression": {
                                    "kind": "IdentifierName",
                                    "fullStart": 364,
                                    "fullEnd": 372,
                                    "start": 366,
                                    "end": 372,
                                    "fullWidth": 8,
                                    "width": 6,
                                    "text": "$ERROR",
                                    "value": "$ERROR",
                                    "valueText": "$ERROR",
                                    "hasLeadingTrivia": true,
                                    "leadingTrivia": [
                                        {
                                            "kind": "WhitespaceTrivia",
                                            "fullStart": 364,
                                            "fullEnd": 366,
                                            "text": "  "
                                        }
                                    ]
                                },
                                "argumentList": {
                                    "kind": "ArgumentList",
                                    "fullStart": 372,
                                    "fullEnd": 428,
                                    "start": 372,
                                    "end": 428,
                                    "fullWidth": 56,
                                    "width": 56,
                                    "openParenToken": {
                                        "kind": "OpenParenToken",
                                        "fullStart": 372,
                                        "fullEnd": 373,
                                        "start": 372,
                                        "end": 373,
                                        "fullWidth": 1,
                                        "width": 1,
                                        "text": "(",
                                        "value": "(",
                                        "valueText": "("
                                    },
                                    "arguments": [
                                        {
                                            "kind": "StringLiteral",
                                            "fullStart": 373,
                                            "fullEnd": 427,
                                            "start": 373,
                                            "end": 427,
                                            "fullWidth": 54,
                                            "width": 54,
                                            "text": "'#1: The Date.prototype has the property \"getMinutes\"'",
                                            "value": "#1: The Date.prototype has the property \"getMinutes\"",
                                            "valueText": "#1: The Date.prototype has the property \"getMinutes\""
                                        }
                                    ],
                                    "closeParenToken": {
                                        "kind": "CloseParenToken",
                                        "fullStart": 427,
                                        "fullEnd": 428,
                                        "start": 427,
                                        "end": 428,
                                        "fullWidth": 1,
                                        "width": 1,
                                        "text": ")",
                                        "value": ")",
                                        "valueText": ")"
                                    }
                                }
                            },
                            "semicolonToken": {
                                "kind": "SemicolonToken",
                                "fullStart": 428,
                                "fullEnd": 430,
                                "start": 428,
                                "end": 429,
                                "fullWidth": 2,
                                "width": 1,
                                "text": ";",
                                "value": ";",
                                "valueText": ";",
                                "hasTrailingTrivia": true,
                                "hasTrailingNewLine": true,
                                "trailingTrivia": [
                                    {
                                        "kind": "NewLineTrivia",
                                        "fullStart": 429,
                                        "fullEnd": 430,
                                        "text": "\n"
                                    }
                                ]
                            }
                        }
                    ],
                    "closeBraceToken": {
                        "kind": "CloseBraceToken",
                        "fullStart": 430,
                        "fullEnd": 432,
                        "start": 430,
                        "end": 431,
                        "fullWidth": 2,
                        "width": 1,
                        "text": "}",
                        "value": "}",
                        "valueText": "}",
                        "hasTrailingTrivia": true,
                        "hasTrailingNewLine": true,
                        "trailingTrivia": [
                            {
                                "kind": "NewLineTrivia",
                                "fullStart": 431,
                                "fullEnd": 432,
                                "text": "\n"
                            }
                        ]
                    }
                }
            }
        ],
        "endOfFileToken": {
            "kind": "EndOfFileToken",
            "fullStart": 432,
            "fullEnd": 434,
            "start": 434,
            "end": 434,
            "fullWidth": 2,
            "width": 0,
            "text": "",
            "hasLeadingTrivia": true,
            "hasLeadingNewLine": true,
            "leadingTrivia": [
                {
                    "kind": "NewLineTrivia",
                    "fullStart": 432,
                    "fullEnd": 433,
                    "text": "\n"
                },
                {
                    "kind": "NewLineTrivia",
                    "fullStart": 433,
                    "fullEnd": 434,
                    "text": "\n"
                }
            ]
        }
    },
    "lineMap": {
        "lineStarts": [
            0,
            61,
            132,
            133,
            137,
            189,
            192,
            236,
            301,
            305,
            306,
            364,
            430,
            432,
            433,
            434
        ],
        "length": 434
    }
}