{
    "isDeclaration": false,
    "languageVersion": "EcmaScript5",
    "sourceUnit": {
        "kind": "SourceUnit",
        "fullStart": 0,
        "fullEnd": 538,
        "start": 437,
        "end": 538,
        "fullWidth": 538,
        "width": 101,
        "moduleElements": [
            {
                "kind": "IfStatement",
                "fullStart": 0,
                "fullEnd": 537,
                "start": 437,
                "end": 536,
                "fullWidth": 537,
                "width": 99,
                "ifKeyword": {
                    "kind": "IfKeyword",
                    "fullStart": 0,
                    "fullEnd": 440,
                    "start": 437,
                    "end": 439,
                    "fullWidth": 440,
                    "width": 2,
                    "text": "if",
                    "value": "if",
                    "valueText": "if",
                    "hasLeadingTrivia": true,
                    "hasLeadingComment": true,
                    "hasLeadingNewLine": true,
                    "hasTrailingTrivia": true,
                    "leadingTrivia": [
                        {
                            "kind": "SingleLineCommentTrivia",
                            "fullStart": 0,
                            "fullEnd": 60,
                            "text": "// Copyright 2009 the Sputnik authors.  All rights reserved."
                        },
                        {
                            "kind": "NewLineTrivia",
                            "fullStart": 60,
                            "fullEnd": 61,
                            "text": "\n"
                        },
                        {
                            "kind": "SingleLineCommentTrivia",
                            "fullStart": 61,
                            "fullEnd": 131,
                            "text": "// This code is governed by the BSD license found in the LICENSE file."
                        },
                        {
                            "kind": "NewLineTrivia",
                            "fullStart": 131,
                            "fullEnd": 132,
                            "text": "\n"
                        },
                        {
                            "kind": "NewLineTrivia",
                            "fullStart": 132,
                            "fullEnd": 133,
                            "text": "\n"
                        },
                        {
                            "kind": "MultiLineCommentTrivia",
                            "fullStart": 133,
                            "fullEnd": 424,
                            "text": "/**\n * The MV of StrUnsignedDecimalLiteral:::. DecimalDigits is the\n * MV of DecimalDigits times 10<sup><small>-n</small></sup>, where n is the\n * number of characters in DecimalDigits\n *\n * @path ch09/9.3/9.3.1/S9.3.1_A10.js\n * @description Compare Number('.12345') with +('12345')*1e-5\n */"
                        },
                        {
                            "kind": "NewLineTrivia",
                            "fullStart": 424,
                            "fullEnd": 425,
                            "text": "\n"
                        },
                        {
                            "kind": "NewLineTrivia",
                            "fullStart": 425,
                            "fullEnd": 426,
                            "text": "\n"
                        },
                        {
                            "kind": "SingleLineCommentTrivia",
                            "fullStart": 426,
                            "fullEnd": 436,
                            "text": "// CHECK#1"
                        },
                        {
                            "kind": "NewLineTrivia",
                            "fullStart": 436,
                            "fullEnd": 437,
                            "text": "\n"
                        }
                    ],
                    "trailingTrivia": [
                        {
                            "kind": "WhitespaceTrivia",
                            "fullStart": 439,
                            "fullEnd": 440,
                            "text": " "
                        }
                    ]
                },
                "openParenToken": {
                    "kind": "OpenParenToken",
                    "fullStart": 440,
                    "fullEnd": 441,
                    "start": 440,
                    "end": 441,
                    "fullWidth": 1,
                    "width": 1,
                    "text": "(",
                    "value": "(",
                    "valueText": "("
                },
                "condition": {
                    "kind": "NotEqualsExpression",
                    "fullStart": 441,
                    "fullEnd": 477,
                    "start": 441,
                    "end": 477,
                    "fullWidth": 36,
                    "width": 36,
                    "left": {
                        "kind": "InvocationExpression",
                        "fullStart": 441,
                        "fullEnd": 458,
                        "start": 441,
                        "end": 457,
                        "fullWidth": 17,
                        "width": 16,
                        "expression": {
                            "kind": "IdentifierName",
                            "fullStart": 441,
                            "fullEnd": 447,
                            "start": 441,
                            "end": 447,
                            "fullWidth": 6,
                            "width": 6,
                            "text": "Number",
                            "value": "Number",
                            "valueText": "Number"
                        },
                        "argumentList": {
                            "kind": "ArgumentList",
                            "fullStart": 447,
                            "fullEnd": 458,
                            "start": 447,
                            "end": 457,
                            "fullWidth": 11,
                            "width": 10,
                            "openParenToken": {
                                "kind": "OpenParenToken",
                                "fullStart": 447,
                                "fullEnd": 448,
                                "start": 447,
                                "end": 448,
                                "fullWidth": 1,
                                "width": 1,
                                "text": "(",
                                "value": "(",
                                "valueText": "("
                            },
                            "arguments": [
                                {
                                    "kind": "StringLiteral",
                                    "fullStart": 448,
                                    "fullEnd": 456,
                                    "start": 448,
                                    "end": 456,
                                    "fullWidth": 8,
                                    "width": 8,
                                    "text": "\".12345\"",
                                    "value": ".12345",
                                    "valueText": ".12345"
                                }
                            ],
                            "closeParenToken": {
                                "kind": "CloseParenToken",
                                "fullStart": 456,
                                "fullEnd": 458,
                                "start": 456,
                                "end": 457,
                                "fullWidth": 2,
                                "width": 1,
                                "text": ")",
                                "value": ")",
                                "valueText": ")",
                                "hasTrailingTrivia": true,
                                "trailingTrivia": [
                                    {
                                        "kind": "WhitespaceTrivia",
                                        "fullStart": 457,
                                        "fullEnd": 458,
                                        "text": " "
                                    }
                                ]
                            }
                        }
                    },
                    "operatorToken": {
                        "kind": "ExclamationEqualsEqualsToken",
                        "fullStart": 458,
                        "fullEnd": 462,
                        "start": 458,
                        "end": 461,
                        "fullWidth": 4,
                        "width": 3,
                        "text": "!==",
                        "value": "!==",
                        "valueText": "!==",
                        "hasTrailingTrivia": true,
                        "trailingTrivia": [
                            {
                                "kind": "WhitespaceTrivia",
                                "fullStart": 461,
                                "fullEnd": 462,
                                "text": " "
                            }
                        ]
                    },
                    "right": {
                        "kind": "MultiplyExpression",
                        "fullStart": 462,
                        "fullEnd": 477,
                        "start": 462,
                        "end": 477,
                        "fullWidth": 15,
                        "width": 15,
                        "left": {
                            "kind": "PlusExpression",
                            "fullStart": 462,
                            "fullEnd": 472,
                            "start": 462,
                            "end": 472,
                            "fullWidth": 10,
                            "width": 10,
                            "operatorToken": {
                                "kind": "PlusToken",
                                "fullStart": 462,
                                "fullEnd": 463,
                                "start": 462,
                                "end": 463,
                                "fullWidth": 1,
                                "width": 1,
                                "text": "+",
                                "value": "+",
                                "valueText": "+"
                            },
                            "operand": {
                                "kind": "ParenthesizedExpression",
                                "fullStart": 463,
                                "fullEnd": 472,
                                "start": 463,
                                "end": 472,
                                "fullWidth": 9,
                                "width": 9,
                                "openParenToken": {
                                    "kind": "OpenParenToken",
                                    "fullStart": 463,
                                    "fullEnd": 464,
                                    "start": 463,
                                    "end": 464,
                                    "fullWidth": 1,
                                    "width": 1,
                                    "text": "(",
                                    "value": "(",
                                    "valueText": "("
                                },
                                "expression": {
                                    "kind": "StringLiteral",
                                    "fullStart": 464,
                                    "fullEnd": 471,
                                    "start": 464,
                                    "end": 471,
                                    "fullWidth": 7,
                                    "width": 7,
                                    "text": "\"12345\"",
                                    "value": "12345",
                                    "valueText": "12345"
                                },
                                "closeParenToken": {
                                    "kind": "CloseParenToken",
                                    "fullStart": 471,
                                    "fullEnd": 472,
                                    "start": 471,
                                    "end": 472,
                                    "fullWidth": 1,
                                    "width": 1,
                                    "text": ")",
                                    "value": ")",
                                    "valueText": ")"
                                }
                            }
                        },
                        "operatorToken": {
                            "kind": "AsteriskToken",
                            "fullStart": 472,
                            "fullEnd": 473,
                            "start": 472,
                            "end": 473,
                            "fullWidth": 1,
                            "width": 1,
                            "text": "*",
                            "value": "*",
                            "valueText": "*"
                        },
                        "right": {
                            "kind": "NumericLiteral",
                            "fullStart": 473,
                            "fullEnd": 477,
                            "start": 473,
                            "end": 477,
                            "fullWidth": 4,
                            "width": 4,
                            "text": "1e-5",
                            "value": 0.00001,
                            "valueText": "0.00001"
                        }
                    }
                },
                "closeParenToken": {
                    "kind": "CloseParenToken",
                    "fullStart": 477,
                    "fullEnd": 479,
                    "start": 477,
                    "end": 478,
                    "fullWidth": 2,
                    "width": 1,
                    "text": ")",
                    "value": ")",
                    "valueText": ")",
                    "hasTrailingTrivia": true,
                    "trailingTrivia": [
                        {
                            "kind": "WhitespaceTrivia",
                            "fullStart": 478,
                            "fullEnd": 479,
                            "text": " "
                        }
                    ]
                },
                "statement": {
                    "kind": "Block",
                    "fullStart": 479,
                    "fullEnd": 537,
                    "start": 479,
                    "end": 536,
                    "fullWidth": 58,
                    "width": 57,
                    "openBraceToken": {
                        "kind": "OpenBraceToken",
                        "fullStart": 479,
                        "fullEnd": 481,
                        "start": 479,
                        "end": 480,
                        "fullWidth": 2,
                        "width": 1,
                        "text": "{",
                        "value": "{",
                        "valueText": "{",
                        "hasTrailingTrivia": true,
                        "hasTrailingNewLine": true,
                        "trailingTrivia": [
                            {
                                "kind": "NewLineTrivia",
                                "fullStart": 480,
                                "fullEnd": 481,
                                "text": "\n"
                            }
                        ]
                    },
                    "statements": [
                        {
                            "kind": "ExpressionStatement",
                            "fullStart": 481,
                            "fullEnd": 535,
                            "start": 483,
                            "end": 534,
                            "fullWidth": 54,
                            "width": 51,
                            "expression": {
                                "kind": "InvocationExpression",
                                "fullStart": 481,
                                "fullEnd": 533,
                                "start": 483,
                                "end": 533,
                                "fullWidth": 52,
                                "width": 50,
                                "expression": {
                                    "kind": "IdentifierName",
                                    "fullStart": 481,
                                    "fullEnd": 489,
                                    "start": 483,
                                    "end": 489,
                                    "fullWidth": 8,
                                    "width": 6,
                                    "text": "$ERROR",
                                    "value": "$ERROR",
                                    "valueText": "$ERROR",
                                    "hasLeadingTrivia": true,
                                    "leadingTrivia": [
                                        {
                                            "kind": "WhitespaceTrivia",
                                            "fullStart": 481,
                                            "fullEnd": 483,
                                            "text": "  "
                                        }
                                    ]
                                },
                                "argumentList": {
                                    "kind": "ArgumentList",
                                    "fullStart": 489,
                                    "fullEnd": 533,
                                    "start": 489,
                                    "end": 533,
                                    "fullWidth": 44,
                                    "width": 44,
                                    "openParenToken": {
                                        "kind": "OpenParenToken",
                                        "fullStart": 489,
                                        "fullEnd": 490,
                                        "start": 489,
                                        "end": 490,
                                        "fullWidth": 1,
                                        "width": 1,
                                        "text": "(",
                                        "value": "(",
                                        "valueText": "("
                                    },
                                    "arguments": [
                                        {
                                            "kind": "StringLiteral",
                                            "fullStart": 490,
                                            "fullEnd": 532,
                                            "start": 490,
                                            "end": 532,
                                            "fullWidth": 42,
                                            "width": 42,
                                            "text": "'#1: Number(\".12345\") === +(\"12345\")*1e-5'",
                                            "value": "#1: Number(\".12345\") === +(\"12345\")*1e-5",
                                            "valueText": "#1: Number(\".12345\") === +(\"12345\")*1e-5"
                                        }
                                    ],
                                    "closeParenToken": {
                                        "kind": "CloseParenToken",
                                        "fullStart": 532,
                                        "fullEnd": 533,
                                        "start": 532,
                                        "end": 533,
                                        "fullWidth": 1,
                                        "width": 1,
                                        "text": ")",
                                        "value": ")",
                                        "valueText": ")"
                                    }
                                }
                            },
                            "semicolonToken": {
                                "kind": "SemicolonToken",
                                "fullStart": 533,
                                "fullEnd": 535,
                                "start": 533,
                                "end": 534,
                                "fullWidth": 2,
                                "width": 1,
                                "text": ";",
                                "value": ";",
                                "valueText": ";",
                                "hasTrailingTrivia": true,
                                "hasTrailingNewLine": true,
                                "trailingTrivia": [
                                    {
                                        "kind": "NewLineTrivia",
                                        "fullStart": 534,
                                        "fullEnd": 535,
                                        "text": "\n"
                                    }
                                ]
                            }
                        }
                    ],
                    "closeBraceToken": {
                        "kind": "CloseBraceToken",
                        "fullStart": 535,
                        "fullEnd": 537,
                        "start": 535,
                        "end": 536,
                        "fullWidth": 2,
                        "width": 1,
                        "text": "}",
                        "value": "}",
                        "valueText": "}",
                        "hasTrailingTrivia": true,
                        "hasTrailingNewLine": true,
                        "trailingTrivia": [
                            {
                                "kind": "NewLineTrivia",
                                "fullStart": 536,
                                "fullEnd": 537,
                                "text": "\n"
                            }
                        ]
                    }
                }
            }
        ],
        "endOfFileToken": {
            "kind": "EndOfFileToken",
            "fullStart": 537,
            "fullEnd": 538,
            "start": 538,
            "end": 538,
            "fullWidth": 1,
            "width": 0,
            "text": "",
            "hasLeadingTrivia": true,
            "hasLeadingNewLine": true,
            "leadingTrivia": [
                {
                    "kind": "NewLineTrivia",
                    "fullStart": 537,
                    "fullEnd": 538,
                    "text": "\n"
                }
            ]
        }
    },
    "lineMap": {
        "lineStarts": [
            0,
            61,
            132,
            133,
            137,
            201,
            277,
            318,
            321,
            359,
            421,
            425,
            426,
            437,
            481,
            535,
            537,
            538
        ],
        "length": 538
    }
}