{
    "isDeclaration": false,
    "languageVersion": "EcmaScript5",
    "sourceUnit": {
        "kind": "SourceUnit",
        "fullStart": 0,
        "fullEnd": 27,
        "start": 0,
        "end": 27,
        "fullWidth": 27,
        "width": 27,
        "moduleElements": [
            {
                "kind": "InterfaceDeclaration",
                "fullStart": 0,
                "fullEnd": 27,
                "start": 0,
                "end": 27,
                "fullWidth": 27,
                "width": 27,
                "modifiers": [],
                "interfaceKeyword": {
                    "kind": "InterfaceKeyword",
                    "fullStart": 0,
                    "fullEnd": 10,
                    "start": 0,
                    "end": 9,
                    "fullWidth": 10,
                    "width": 9,
                    "text": "interface",
                    "value": "interface",
                    "valueText": "interface",
                    "hasTrailingTrivia": true,
                    "trailingTrivia": [
                        {
                            "kind": "WhitespaceTrivia",
                            "fullStart": 9,
                            "fullEnd": 10,
                            "text": " "
                        }
                    ]
                },
                "identifier": {
                    "kind": "IdentifierName",
                    "fullStart": 10,
                    "fullEnd": 12,
                    "start": 10,
                    "end": 11,
                    "fullWidth": 2,
                    "width": 1,
                    "text": "I",
                    "value": "I",
                    "valueText": "I",
                    "hasTrailingTrivia": true,
                    "trailingTrivia": [
                        {
                            "kind": "WhitespaceTrivia",
                            "fullStart": 11,
                            "fullEnd": 12,
                            "text": " "
                        }
                    ]
                },
                "body": {
                    "kind": "ObjectType",
                    "fullStart": 12,
                    "fullEnd": 27,
                    "start": 12,
                    "end": 27,
                    "fullWidth": 15,
                    "width": 15,
                    "openBraceToken": {
                        "kind": "OpenBraceToken",
                        "fullStart": 12,
                        "fullEnd": 15,
                        "start": 12,
                        "end": 13,
                        "fullWidth": 3,
                        "width": 1,
                        "text": "{",
                        "value": "{",
                        "valueText": "{",
                        "hasTrailingTrivia": true,
                        "hasTrailingNewLine": true,
                        "trailingTrivia": [
                            {
                                "kind": "NewLineTrivia",
                                "fullStart": 13,
                                "fullEnd": 15,
                                "text": "\r\n"
                            }
                        ]
                    },
                    "typeMembers": [
                        {
                            "kind": "PropertySignature",
                            "fullStart": 15,
                            "fullEnd": 23,
                            "start": 17,
                            "end": 23,
                            "fullWidth": 8,
                            "width": 6,
                            "propertyName": {
                                "kind": "IdentifierName",
                                "fullStart": 15,
                                "fullEnd": 18,
                                "start": 17,
                                "end": 18,
                                "fullWidth": 3,
                                "width": 1,
                                "text": "D",
                                "value": "D",
                                "valueText": "D",
                                "hasLeadingTrivia": true,
                                "leadingTrivia": [
                                    {
                                        "kind": "WhitespaceTrivia",
                                        "fullStart": 15,
                                        "fullEnd": 17,
                                        "text": "  "
                                    }
                                ]
                            },
                            "questionToken": {
                                "kind": "QuestionToken",
                                "fullStart": 18,
                                "fullEnd": 19,
                                "start": 18,
                                "end": 19,
                                "fullWidth": 1,
                                "width": 1,
                                "text": "?",
                                "value": "?",
                                "valueText": "?"
                            },
                            "typeAnnotation": {
                                "kind": "TypeAnnotation",
                                "fullStart": 19,
                                "fullEnd": 23,
                                "start": 19,
                                "end": 23,
                                "fullWidth": 4,
                                "width": 4,
                                "colonToken": {
                                    "kind": "ColonToken",
                                    "fullStart": 19,
                                    "fullEnd": 20,
                                    "start": 19,
                                    "end": 20,
                                    "fullWidth": 1,
                                    "width": 1,
                                    "text": ":",
                                    "value": ":",
                                    "valueText": ":"
                                },
                                "type": {
                                    "kind": "AnyKeyword",
                                    "fullStart": 20,
                                    "fullEnd": 23,
                                    "start": 20,
                                    "end": 23,
                                    "fullWidth": 3,
                                    "width": 3,
                                    "text": "any",
                                    "value": "any",
                                    "valueText": "any"
                                }
                            }
                        },
                        {
                            "kind": "SemicolonToken",
                            "fullStart": 23,
                            "fullEnd": 26,
                            "start": 23,
                            "end": 24,
                            "fullWidth": 3,
                            "width": 1,
                            "text": ";",
                            "value": ";",
                            "valueText": ";",
                            "hasTrailingTrivia": true,
                            "hasTrailingNewLine": true,
                            "trailingTrivia": [
                                {
                                    "kind": "NewLineTrivia",
                                    "fullStart": 24,
                                    "fullEnd": 26,
                                    "text": "\r\n"
                                }
                            ]
                        }
                    ],
                    "closeBraceToken": {
                        "kind": "CloseBraceToken",
                        "fullStart": 26,
                        "fullEnd": 27,
                        "start": 26,
                        "end": 27,
                        "fullWidth": 1,
                        "width": 1,
                        "text": "}",
                        "value": "}",
                        "valueText": "}"
                    }
                }
            }
        ],
        "endOfFileToken": {
            "kind": "EndOfFileToken",
            "fullStart": 27,
            "fullEnd": 27,
            "start": 27,
            "end": 27,
            "fullWidth": 0,
            "width": 0,
            "text": ""
        }
    },
    "lineMap": {
        "lineStarts": [
            0,
            15,
            26
        ],
        "length": 27
    }
}