{
    "isDeclaration": false,
    "languageVersion": "EcmaScript5",
    "sourceUnit": {
        "kind": "SourceUnit",
        "fullStart": 0,
        "fullEnd": 572,
        "start": 447,
        "end": 572,
        "fullWidth": 572,
        "width": 125,
        "moduleElements": [
            {
                "kind": "Block",
                "fullStart": 0,
                "fullEnd": 489,
                "start": 447,
                "end": 488,
                "fullWidth": 489,
                "width": 41,
                "openBraceToken": {
                    "kind": "OpenBraceToken",
                    "fullStart": 0,
                    "fullEnd": 449,
                    "start": 447,
                    "end": 448,
                    "fullWidth": 449,
                    "width": 1,
                    "text": "{",
                    "value": "{",
                    "valueText": "{",
                    "hasLeadingTrivia": true,
                    "hasLeadingComment": true,
                    "hasLeadingNewLine": true,
                    "hasTrailingTrivia": true,
                    "hasTrailingNewLine": true,
                    "leadingTrivia": [
                        {
                            "kind": "SingleLineCommentTrivia",
                            "fullStart": 0,
                            "fullEnd": 60,
                            "text": "// Copyright 2009 the Sputnik authors.  All rights reserved."
                        },
                        {
                            "kind": "NewLineTrivia",
                            "fullStart": 60,
                            "fullEnd": 61,
                            "text": "\n"
                        },
                        {
                            "kind": "SingleLineCommentTrivia",
                            "fullStart": 61,
                            "fullEnd": 131,
                            "text": "// This code is governed by the BSD license found in the LICENSE file."
                        },
                        {
                            "kind": "NewLineTrivia",
                            "fullStart": 131,
                            "fullEnd": 132,
                            "text": "\n"
                        },
                        {
                            "kind": "NewLineTrivia",
                            "fullStart": 132,
                            "fullEnd": 133,
                            "text": "\n"
                        },
                        {
                            "kind": "MultiLineCommentTrivia",
                            "fullStart": 133,
                            "fullEnd": 356,
                            "text": "/**\n * Appearing of \"return\" without a function body leads to syntax error\n *\n * @path ch12/12.9/S12.9_A1_T5.js\n * @description Checking if execution of \"return\" with no function, placed into a Block, fails\n * @negative\n */"
                        },
                        {
                            "kind": "NewLineTrivia",
                            "fullStart": 356,
                            "fullEnd": 357,
                            "text": "\n"
                        },
                        {
                            "kind": "NewLineTrivia",
                            "fullStart": 357,
                            "fullEnd": 358,
                            "text": "\n"
                        },
                        {
                            "kind": "SingleLineCommentTrivia",
                            "fullStart": 358,
                            "fullEnd": 436,
                            "text": "//////////////////////////////////////////////////////////////////////////////"
                        },
                        {
                            "kind": "NewLineTrivia",
                            "fullStart": 436,
                            "fullEnd": 437,
                            "text": "\n"
                        },
                        {
                            "kind": "SingleLineCommentTrivia",
                            "fullStart": 437,
                            "fullEnd": 446,
                            "text": "//CHECK#1"
                        },
                        {
                            "kind": "NewLineTrivia",
                            "fullStart": 446,
                            "fullEnd": 447,
                            "text": "\n"
                        }
                    ],
                    "trailingTrivia": [
                        {
                            "kind": "NewLineTrivia",
                            "fullStart": 448,
                            "fullEnd": 449,
                            "text": "\n"
                        }
                    ]
                },
                "statements": [
                    {
                        "kind": "VariableStatement",
                        "fullStart": 449,
                        "fullEnd": 462,
                        "start": 453,
                        "end": 461,
                        "fullWidth": 13,
                        "width": 8,
                        "modifiers": [],
                        "variableDeclaration": {
                            "kind": "VariableDeclaration",
                            "fullStart": 449,
                            "fullEnd": 460,
                            "start": 453,
                            "end": 460,
                            "fullWidth": 11,
                            "width": 7,
                            "varKeyword": {
                                "kind": "VarKeyword",
                                "fullStart": 449,
                                "fullEnd": 457,
                                "start": 453,
                                "end": 456,
                                "fullWidth": 8,
                                "width": 3,
                                "text": "var",
                                "value": "var",
                                "valueText": "var",
                                "hasLeadingTrivia": true,
                                "hasTrailingTrivia": true,
                                "leadingTrivia": [
                                    {
                                        "kind": "WhitespaceTrivia",
                                        "fullStart": 449,
                                        "fullEnd": 453,
                                        "text": "    "
                                    }
                                ],
                                "trailingTrivia": [
                                    {
                                        "kind": "WhitespaceTrivia",
                                        "fullStart": 456,
                                        "fullEnd": 457,
                                        "text": " "
                                    }
                                ]
                            },
                            "variableDeclarators": [
                                {
                                    "kind": "VariableDeclarator",
                                    "fullStart": 457,
                                    "fullEnd": 460,
                                    "start": 457,
                                    "end": 460,
                                    "fullWidth": 3,
                                    "width": 3,
                                    "propertyName": {
                                        "kind": "IdentifierName",
                                        "fullStart": 457,
                                        "fullEnd": 458,
                                        "start": 457,
                                        "end": 458,
                                        "fullWidth": 1,
                                        "width": 1,
                                        "text": "x",
                                        "value": "x",
                                        "valueText": "x"
                                    },
                                    "equalsValueClause": {
                                        "kind": "EqualsValueClause",
                                        "fullStart": 458,
                                        "fullEnd": 460,
                                        "start": 458,
                                        "end": 460,
                                        "fullWidth": 2,
                                        "width": 2,
                                        "equalsToken": {
                                            "kind": "EqualsToken",
                                            "fullStart": 458,
                                            "fullEnd": 459,
                                            "start": 458,
                                            "end": 459,
                                            "fullWidth": 1,
                                            "width": 1,
                                            "text": "=",
                                            "value": "=",
                                            "valueText": "="
                                        },
                                        "value": {
                                            "kind": "NumericLiteral",
                                            "fullStart": 459,
                                            "fullEnd": 460,
                                            "start": 459,
                                            "end": 460,
                                            "fullWidth": 1,
                                            "width": 1,
                                            "text": "1",
                                            "value": 1,
                                            "valueText": "1"
                                        }
                                    }
                                }
                            ]
                        },
                        "semicolonToken": {
                            "kind": "SemicolonToken",
                            "fullStart": 460,
                            "fullEnd": 462,
                            "start": 460,
                            "end": 461,
                            "fullWidth": 2,
                            "width": 1,
                            "text": ";",
                            "value": ";",
                            "valueText": ";",
                            "hasTrailingTrivia": true,
                            "hasTrailingNewLine": true,
                            "trailingTrivia": [
                                {
                                    "kind": "NewLineTrivia",
                                    "fullStart": 461,
                                    "fullEnd": 462,
                                    "text": "\n"
                                }
                            ]
                        }
                    },
                    {
                        "kind": "ReturnStatement",
                        "fullStart": 462,
                        "fullEnd": 474,
                        "start": 466,
                        "end": 473,
                        "fullWidth": 12,
                        "width": 7,
                        "returnKeyword": {
                            "kind": "ReturnKeyword",
                            "fullStart": 462,
                            "fullEnd": 472,
                            "start": 466,
                            "end": 472,
                            "fullWidth": 10,
                            "width": 6,
                            "text": "return",
                            "value": "return",
                            "valueText": "return",
                            "hasLeadingTrivia": true,
                            "leadingTrivia": [
                                {
                                    "kind": "WhitespaceTrivia",
                                    "fullStart": 462,
                                    "fullEnd": 466,
                                    "text": "    "
                                }
                            ]
                        },
                        "semicolonToken": {
                            "kind": "SemicolonToken",
                            "fullStart": 472,
                            "fullEnd": 474,
                            "start": 472,
                            "end": 473,
                            "fullWidth": 2,
                            "width": 1,
                            "text": ";",
                            "value": ";",
                            "valueText": ";",
                            "hasTrailingTrivia": true,
                            "hasTrailingNewLine": true,
                            "trailingTrivia": [
                                {
                                    "kind": "NewLineTrivia",
                                    "fullStart": 473,
                                    "fullEnd": 474,
                                    "text": "\n"
                                }
                            ]
                        }
                    },
                    {
                        "kind": "VariableStatement",
                        "fullStart": 474,
                        "fullEnd": 487,
                        "start": 478,
                        "end": 486,
                        "fullWidth": 13,
                        "width": 8,
                        "modifiers": [],
                        "variableDeclaration": {
                            "kind": "VariableDeclaration",
                            "fullStart": 474,
                            "fullEnd": 485,
                            "start": 478,
                            "end": 485,
                            "fullWidth": 11,
                            "width": 7,
                            "varKeyword": {
                                "kind": "VarKeyword",
                                "fullStart": 474,
                                "fullEnd": 482,
                                "start": 478,
                                "end": 481,
                                "fullWidth": 8,
                                "width": 3,
                                "text": "var",
                                "value": "var",
                                "valueText": "var",
                                "hasLeadingTrivia": true,
                                "hasTrailingTrivia": true,
                                "leadingTrivia": [
                                    {
                                        "kind": "WhitespaceTrivia",
                                        "fullStart": 474,
                                        "fullEnd": 478,
                                        "text": "    "
                                    }
                                ],
                                "trailingTrivia": [
                                    {
                                        "kind": "WhitespaceTrivia",
                                        "fullStart": 481,
                                        "fullEnd": 482,
                                        "text": " "
                                    }
                                ]
                            },
                            "variableDeclarators": [
                                {
                                    "kind": "VariableDeclarator",
                                    "fullStart": 482,
                                    "fullEnd": 485,
                                    "start": 482,
                                    "end": 485,
                                    "fullWidth": 3,
                                    "width": 3,
                                    "propertyName": {
                                        "kind": "IdentifierName",
                                        "fullStart": 482,
                                        "fullEnd": 483,
                                        "start": 482,
                                        "end": 483,
                                        "fullWidth": 1,
                                        "width": 1,
                                        "text": "y",
                                        "value": "y",
                                        "valueText": "y"
                                    },
                                    "equalsValueClause": {
                                        "kind": "EqualsValueClause",
                                        "fullStart": 483,
                                        "fullEnd": 485,
                                        "start": 483,
                                        "end": 485,
                                        "fullWidth": 2,
                                        "width": 2,
                                        "equalsToken": {
                                            "kind": "EqualsToken",
                                            "fullStart": 483,
                                            "fullEnd": 484,
                                            "start": 483,
                                            "end": 484,
                                            "fullWidth": 1,
                                            "width": 1,
                                            "text": "=",
                                            "value": "=",
                                            "valueText": "="
                                        },
                                        "value": {
                                            "kind": "NumericLiteral",
                                            "fullStart": 484,
                                            "fullEnd": 485,
                                            "start": 484,
                                            "end": 485,
                                            "fullWidth": 1,
                                            "width": 1,
                                            "text": "2",
                                            "value": 2,
                                            "valueText": "2"
                                        }
                                    }
                                }
                            ]
                        },
                        "semicolonToken": {
                            "kind": "SemicolonToken",
                            "fullStart": 485,
                            "fullEnd": 487,
                            "start": 485,
                            "end": 486,
                            "fullWidth": 2,
                            "width": 1,
                            "text": ";",
                            "value": ";",
                            "valueText": ";",
                            "hasTrailingTrivia": true,
                            "hasTrailingNewLine": true,
                            "trailingTrivia": [
                                {
                                    "kind": "NewLineTrivia",
                                    "fullStart": 486,
                                    "fullEnd": 487,
                                    "text": "\n"
                                }
                            ]
                        }
                    }
                ],
                "closeBraceToken": {
                    "kind": "CloseBraceToken",
                    "fullStart": 487,
                    "fullEnd": 489,
                    "start": 487,
                    "end": 488,
                    "fullWidth": 2,
                    "width": 1,
                    "text": "}",
                    "value": "}",
                    "valueText": "}",
                    "hasTrailingTrivia": true,
                    "hasTrailingNewLine": true,
                    "trailingTrivia": [
                        {
                            "kind": "NewLineTrivia",
                            "fullStart": 488,
                            "fullEnd": 489,
                            "text": "\n"
                        }
                    ]
                }
            }
        ],
        "endOfFileToken": {
            "kind": "EndOfFileToken",
            "fullStart": 489,
            "fullEnd": 572,
            "start": 572,
            "end": 572,
            "fullWidth": 83,
            "width": 0,
            "text": "",
            "hasLeadingTrivia": true,
            "hasLeadingComment": true,
            "hasLeadingNewLine": true,
            "leadingTrivia": [
                {
                    "kind": "SingleLineCommentTrivia",
                    "fullStart": 489,
                    "fullEnd": 491,
                    "text": "//"
                },
                {
                    "kind": "NewLineTrivia",
                    "fullStart": 491,
                    "fullEnd": 492,
                    "text": "\n"
                },
                {
                    "kind": "SingleLineCommentTrivia",
                    "fullStart": 492,
                    "fullEnd": 570,
                    "text": "//////////////////////////////////////////////////////////////////////////////"
                },
                {
                    "kind": "NewLineTrivia",
                    "fullStart": 570,
                    "fullEnd": 571,
                    "text": "\n"
                },
                {
                    "kind": "NewLineTrivia",
                    "fullStart": 571,
                    "fullEnd": 572,
                    "text": "\n"
                }
            ]
        }
    },
    "lineMap": {
        "lineStarts": [
            0,
            61,
            132,
            133,
            137,
            208,
            211,
            245,
            340,
            353,
            357,
            358,
            437,
            447,
            449,
            462,
            474,
            487,
            489,
            492,
            571,
            572
        ],
        "length": 572
    }
}