{
    "isDeclaration": false,
    "languageVersion": "EcmaScript5",
    "parseOptions": {
        "allowAutomaticSemicolonInsertion": true
    },
    "sourceUnit": {
        "kind": "SourceUnit",
        "fullStart": 0,
        "fullEnd": 355,
        "start": 355,
        "end": 355,
        "fullWidth": 355,
        "width": 0,
        "moduleElements": [],
        "endOfFileToken": {
            "kind": "EndOfFileToken",
            "fullStart": 0,
            "fullEnd": 355,
            "start": 355,
            "end": 355,
            "fullWidth": 355,
            "width": 0,
            "text": "",
            "hasLeadingTrivia": true,
            "hasLeadingComment": true,
            "hasLeadingNewLine": true,
            "leadingTrivia": [
                {
                    "kind": "SingleLineCommentTrivia",
                    "fullStart": 0,
                    "fullEnd": 60,
                    "text": "// Copyright 2009 the Sputnik authors.  All rights reserved."
                },
                {
                    "kind": "NewLineTrivia",
                    "fullStart": 60,
                    "fullEnd": 61,
                    "text": "\n"
                },
                {
                    "kind": "SingleLineCommentTrivia",
                    "fullStart": 61,
                    "fullEnd": 131,
                    "text": "// This code is governed by the BSD license found in the LICENSE file."
                },
                {
                    "kind": "NewLineTrivia",
                    "fullStart": 131,
                    "fullEnd": 132,
                    "text": "\n"
                },
                {
                    "kind": "NewLineTrivia",
                    "fullStart": 132,
                    "fullEnd": 133,
                    "text": "\n"
                },
                {
                    "kind": "MultiLineCommentTrivia",
                    "fullStart": 133,
                    "fullEnd": 315,
                    "text": "/**\n * Single and Multi line comments are used together\n *\n * @path ch07/7.4/S7.4_A4_T6.js\n * @description Insert Multi line comment with two closed tags into Single line comment\n */"
                },
                {
                    "kind": "NewLineTrivia",
                    "fullStart": 315,
                    "fullEnd": 316,
                    "text": "\n"
                },
                {
                    "kind": "NewLineTrivia",
                    "fullStart": 316,
                    "fullEnd": 317,
                    "text": "\n"
                },
                {
                    "kind": "MultiLineCommentTrivia",
                    "fullStart": 317,
                    "fullEnd": 328,
                    "text": "/*CHECK#1*/"
                },
                {
                    "kind": "NewLineTrivia",
                    "fullStart": 328,
                    "fullEnd": 329,
                    "text": "\n"
                },
                {
                    "kind": "NewLineTrivia",
                    "fullStart": 329,
                    "fullEnd": 330,
                    "text": "\n"
                },
                {
                    "kind": "SingleLineCommentTrivia",
                    "fullStart": 330,
                    "fullEnd": 353,
                    "text": "// var /* x / = */ 1 */"
                },
                {
                    "kind": "NewLineTrivia",
                    "fullStart": 353,
                    "fullEnd": 354,
                    "text": "\n"
                },
                {
                    "kind": "NewLineTrivia",
                    "fullStart": 354,
                    "fullEnd": 355,
                    "text": "\n"
                }
            ]
        }
    },
    "lineMap": {
        "lineStarts": [
            0,
            61,
            132,
            133,
            137,
            189,
            192,
            224,
            312,
            316,
            317,
            329,
            330,
            354,
            355
        ],
        "length": 355
    }
}