{
    "isDeclaration": false,
    "languageVersion": "EcmaScript5",
    "diagnostics": [
        {
            "start": 3,
            "length": 1,
            "diagnosticCode": "'{0}' expected.",
            "arguments": [
                ";"
            ]
        }
    ],
    "sourceUnit": {
        "kind": "SourceUnit",
        "fullStart": 0,
        "fullEnd": 14,
        "start": 0,
        "end": 14,
        "fullWidth": 14,
        "width": 14,
        "isIncrementallyUnusable": true,
        "moduleElements": [
            {
                "kind": "ExpressionStatement",
                "fullStart": 0,
                "fullEnd": 4,
                "start": 0,
                "end": 3,
                "fullWidth": 4,
                "width": 3,
                "isIncrementallyUnusable": true,
                "expression": {
                    "kind": "PostDecrementExpression",
                    "fullStart": 0,
                    "fullEnd": 4,
                    "start": 0,
                    "end": 3,
                    "fullWidth": 4,
                    "width": 3,
                    "isIncrementallyUnusable": true,
                    "operand": {
                        "kind": "IdentifierName",
                        "fullStart": 0,
                        "fullEnd": 1,
                        "start": 0,
                        "end": 1,
                        "fullWidth": 1,
                        "width": 1,
                        "text": "a",
                        "value": "a",
                        "valueText": "a"
                    },
                    "operatorToken": {
                        "kind": "MinusMinusToken",
                        "fullStart": 1,
                        "fullEnd": 4,
                        "start": 1,
                        "end": 3,
                        "fullWidth": 3,
                        "width": 2,
                        "text": "--",
                        "value": "--",
                        "valueText": "--",
                        "hasTrailingTrivia": true,
                        "hasTrailingSkippedText": true,
                        "trailingTrivia": [
                            {
                                "kind": "SkippedTokenTrivia",
                                "skippedToken": {
                                    "kind": "DotToken",
                                    "fullStart": 3,
                                    "fullEnd": 4,
                                    "start": 3,
                                    "end": 4,
                                    "fullWidth": 1,
                                    "width": 1,
                                    "text": ".",
                                    "value": ".",
                                    "valueText": "."
                                }
                            }
                        ]
                    }
                },
                "semicolonToken": {
                    "kind": "SemicolonToken",
                    "fullStart": 4,
                    "fullEnd": 4,
                    "start": 4,
                    "end": 4,
                    "fullWidth": 0,
                    "width": 0,
                    "text": ""
                }
            },
            {
                "kind": "ExpressionStatement",
                "fullStart": 4,
                "fullEnd": 14,
                "start": 4,
                "end": 14,
                "fullWidth": 10,
                "width": 10,
                "expression": {
                    "kind": "InvocationExpression",
                    "fullStart": 4,
                    "fullEnd": 14,
                    "start": 4,
                    "end": 14,
                    "fullWidth": 10,
                    "width": 10,
                    "expression": {
                        "kind": "IdentifierName",
                        "fullStart": 4,
                        "fullEnd": 12,
                        "start": 4,
                        "end": 12,
                        "fullWidth": 8,
                        "width": 8,
                        "text": "toString",
                        "value": "toString",
                        "valueText": "toString"
                    },
                    "argumentList": {
                        "kind": "ArgumentList",
                        "fullStart": 12,
                        "fullEnd": 14,
                        "start": 12,
                        "end": 14,
                        "fullWidth": 2,
                        "width": 2,
                        "openParenToken": {
                            "kind": "OpenParenToken",
                            "fullStart": 12,
                            "fullEnd": 13,
                            "start": 12,
                            "end": 13,
                            "fullWidth": 1,
                            "width": 1,
                            "text": "(",
                            "value": "(",
                            "valueText": "("
                        },
                        "arguments": [],
                        "closeParenToken": {
                            "kind": "CloseParenToken",
                            "fullStart": 13,
                            "fullEnd": 14,
                            "start": 13,
                            "end": 14,
                            "fullWidth": 1,
                            "width": 1,
                            "text": ")",
                            "value": ")",
                            "valueText": ")"
                        }
                    }
                }
            }
        ],
        "endOfFileToken": {
            "kind": "EndOfFileToken",
            "fullStart": 14,
            "fullEnd": 14,
            "start": 14,
            "end": 14,
            "fullWidth": 0,
            "width": 0,
            "text": ""
        }
    },
    "lineMap": {
        "lineStarts": [
            0
        ],
        "length": 14
    }
}