{
    "isDeclaration": false,
    "languageVersion": "EcmaScript5",
    "sourceUnit": {
        "kind": "SourceUnit",
        "fullStart": 0,
        "fullEnd": 712,
        "start": 578,
        "end": 712,
        "fullWidth": 712,
        "width": 134,
        "moduleElements": [
            {
                "kind": "VariableStatement",
                "fullStart": 0,
                "fullEnd": 641,
                "start": 578,
                "end": 639,
                "fullWidth": 641,
                "width": 61,
                "modifiers": [],
                "variableDeclaration": {
                    "kind": "VariableDeclaration",
                    "fullStart": 0,
                    "fullEnd": 638,
                    "start": 578,
                    "end": 638,
                    "fullWidth": 638,
                    "width": 60,
                    "varKeyword": {
                        "kind": "VarKeyword",
                        "fullStart": 0,
                        "fullEnd": 582,
                        "start": 578,
                        "end": 581,
                        "fullWidth": 582,
                        "width": 3,
                        "text": "var",
                        "value": "var",
                        "valueText": "var",
                        "hasLeadingTrivia": true,
                        "hasLeadingComment": true,
                        "hasLeadingNewLine": true,
                        "hasTrailingTrivia": true,
                        "leadingTrivia": [
                            {
                                "kind": "SingleLineCommentTrivia",
                                "fullStart": 0,
                                "fullEnd": 65,
                                "text": "/// Copyright (c) 2012 Ecma International.  All rights reserved. "
                            },
                            {
                                "kind": "NewLineTrivia",
                                "fullStart": 65,
                                "fullEnd": 67,
                                "text": "\r\n"
                            },
                            {
                                "kind": "SingleLineCommentTrivia",
                                "fullStart": 67,
                                "fullEnd": 150,
                                "text": "/// Ecma International makes this code available under the terms and conditions set"
                            },
                            {
                                "kind": "NewLineTrivia",
                                "fullStart": 150,
                                "fullEnd": 152,
                                "text": "\r\n"
                            },
                            {
                                "kind": "SingleLineCommentTrivia",
                                "fullStart": 152,
                                "fullEnd": 230,
                                "text": "/// forth on http://hg.ecmascript.org/tests/test262/raw-file/tip/LICENSE (the "
                            },
                            {
                                "kind": "NewLineTrivia",
                                "fullStart": 230,
                                "fullEnd": 232,
                                "text": "\r\n"
                            },
                            {
                                "kind": "SingleLineCommentTrivia",
                                "fullStart": 232,
                                "fullEnd": 305,
                                "text": "/// \"Use Terms\").   Any redistribution of this code must retain the above"
                            },
                            {
                                "kind": "NewLineTrivia",
                                "fullStart": 305,
                                "fullEnd": 307,
                                "text": "\r\n"
                            },
                            {
                                "kind": "SingleLineCommentTrivia",
                                "fullStart": 307,
                                "fullEnd": 377,
                                "text": "/// copyright and this notice and otherwise comply with the Use Terms."
                            },
                            {
                                "kind": "NewLineTrivia",
                                "fullStart": 377,
                                "fullEnd": 379,
                                "text": "\r\n"
                            },
                            {
                                "kind": "MultiLineCommentTrivia",
                                "fullStart": 379,
                                "fullEnd": 574,
                                "text": "/**\r\n * @path ch10/10.4/10.4.3/10.4.3-1-16gs.js\r\n * @description Strict - checking 'this' from a global scope (New'ed Function constructor includes strict directive prologue)\r\n * @onlyStrict\r\n */"
                            },
                            {
                                "kind": "NewLineTrivia",
                                "fullStart": 574,
                                "fullEnd": 576,
                                "text": "\r\n"
                            },
                            {
                                "kind": "NewLineTrivia",
                                "fullStart": 576,
                                "fullEnd": 578,
                                "text": "\r\n"
                            }
                        ],
                        "trailingTrivia": [
                            {
                                "kind": "WhitespaceTrivia",
                                "fullStart": 581,
                                "fullEnd": 582,
                                "text": " "
                            }
                        ]
                    },
                    "variableDeclarators": [
                        {
                            "kind": "VariableDeclarator",
                            "fullStart": 582,
                            "fullEnd": 638,
                            "start": 582,
                            "end": 638,
                            "fullWidth": 56,
                            "width": 56,
                            "propertyName": {
                                "kind": "IdentifierName",
                                "fullStart": 582,
                                "fullEnd": 584,
                                "start": 582,
                                "end": 583,
                                "fullWidth": 2,
                                "width": 1,
                                "text": "f",
                                "value": "f",
                                "valueText": "f",
                                "hasTrailingTrivia": true,
                                "trailingTrivia": [
                                    {
                                        "kind": "WhitespaceTrivia",
                                        "fullStart": 583,
                                        "fullEnd": 584,
                                        "text": " "
                                    }
                                ]
                            },
                            "equalsValueClause": {
                                "kind": "EqualsValueClause",
                                "fullStart": 584,
                                "fullEnd": 638,
                                "start": 584,
                                "end": 638,
                                "fullWidth": 54,
                                "width": 54,
                                "equalsToken": {
                                    "kind": "EqualsToken",
                                    "fullStart": 584,
                                    "fullEnd": 586,
                                    "start": 584,
                                    "end": 585,
                                    "fullWidth": 2,
                                    "width": 1,
                                    "text": "=",
                                    "value": "=",
                                    "valueText": "=",
                                    "hasTrailingTrivia": true,
                                    "trailingTrivia": [
                                        {
                                            "kind": "WhitespaceTrivia",
                                            "fullStart": 585,
                                            "fullEnd": 586,
                                            "text": " "
                                        }
                                    ]
                                },
                                "value": {
                                    "kind": "ObjectCreationExpression",
                                    "fullStart": 586,
                                    "fullEnd": 638,
                                    "start": 586,
                                    "end": 638,
                                    "fullWidth": 52,
                                    "width": 52,
                                    "newKeyword": {
                                        "kind": "NewKeyword",
                                        "fullStart": 586,
                                        "fullEnd": 590,
                                        "start": 586,
                                        "end": 589,
                                        "fullWidth": 4,
                                        "width": 3,
                                        "text": "new",
                                        "value": "new",
                                        "valueText": "new",
                                        "hasTrailingTrivia": true,
                                        "trailingTrivia": [
                                            {
                                                "kind": "WhitespaceTrivia",
                                                "fullStart": 589,
                                                "fullEnd": 590,
                                                "text": " "
                                            }
                                        ]
                                    },
                                    "expression": {
                                        "kind": "IdentifierName",
                                        "fullStart": 590,
                                        "fullEnd": 598,
                                        "start": 590,
                                        "end": 598,
                                        "fullWidth": 8,
                                        "width": 8,
                                        "text": "Function",
                                        "value": "Function",
                                        "valueText": "Function"
                                    },
                                    "argumentList": {
                                        "kind": "ArgumentList",
                                        "fullStart": 598,
                                        "fullEnd": 638,
                                        "start": 598,
                                        "end": 638,
                                        "fullWidth": 40,
                                        "width": 40,
                                        "openParenToken": {
                                            "kind": "OpenParenToken",
                                            "fullStart": 598,
                                            "fullEnd": 599,
                                            "start": 598,
                                            "end": 599,
                                            "fullWidth": 1,
                                            "width": 1,
                                            "text": "(",
                                            "value": "(",
                                            "valueText": "("
                                        },
                                        "arguments": [
                                            {
                                                "kind": "StringLiteral",
                                                "fullStart": 599,
                                                "fullEnd": 637,
                                                "start": 599,
                                                "end": 637,
                                                "fullWidth": 38,
                                                "width": 38,
                                                "text": "\"\\\"use strict\\\";\\nreturn typeof this;\"",
                                                "value": "\"use strict\";\nreturn typeof this;",
                                                "valueText": "\"use strict\";\nreturn typeof this;"
                                            }
                                        ],
                                        "closeParenToken": {
                                            "kind": "CloseParenToken",
                                            "fullStart": 637,
                                            "fullEnd": 638,
                                            "start": 637,
                                            "end": 638,
                                            "fullWidth": 1,
                                            "width": 1,
                                            "text": ")",
                                            "value": ")",
                                            "valueText": ")"
                                        }
                                    }
                                }
                            }
                        }
                    ]
                },
                "semicolonToken": {
                    "kind": "SemicolonToken",
                    "fullStart": 638,
                    "fullEnd": 641,
                    "start": 638,
                    "end": 639,
                    "fullWidth": 3,
                    "width": 1,
                    "text": ";",
                    "value": ";",
                    "valueText": ";",
                    "hasTrailingTrivia": true,
                    "hasTrailingNewLine": true,
                    "trailingTrivia": [
                        {
                            "kind": "NewLineTrivia",
                            "fullStart": 639,
                            "fullEnd": 641,
                            "text": "\r\n"
                        }
                    ]
                }
            },
            {
                "kind": "IfStatement",
                "fullStart": 641,
                "fullEnd": 712,
                "start": 641,
                "end": 712,
                "fullWidth": 71,
                "width": 71,
                "ifKeyword": {
                    "kind": "IfKeyword",
                    "fullStart": 641,
                    "fullEnd": 644,
                    "start": 641,
                    "end": 643,
                    "fullWidth": 3,
                    "width": 2,
                    "text": "if",
                    "value": "if",
                    "valueText": "if",
                    "hasTrailingTrivia": true,
                    "trailingTrivia": [
                        {
                            "kind": "WhitespaceTrivia",
                            "fullStart": 643,
                            "fullEnd": 644,
                            "text": " "
                        }
                    ]
                },
                "openParenToken": {
                    "kind": "OpenParenToken",
                    "fullStart": 644,
                    "fullEnd": 645,
                    "start": 644,
                    "end": 645,
                    "fullWidth": 1,
                    "width": 1,
                    "text": "(",
                    "value": "(",
                    "valueText": "("
                },
                "condition": {
                    "kind": "NotEqualsExpression",
                    "fullStart": 645,
                    "fullEnd": 664,
                    "start": 645,
                    "end": 664,
                    "fullWidth": 19,
                    "width": 19,
                    "left": {
                        "kind": "InvocationExpression",
                        "fullStart": 645,
                        "fullEnd": 649,
                        "start": 645,
                        "end": 648,
                        "fullWidth": 4,
                        "width": 3,
                        "expression": {
                            "kind": "IdentifierName",
                            "fullStart": 645,
                            "fullEnd": 646,
                            "start": 645,
                            "end": 646,
                            "fullWidth": 1,
                            "width": 1,
                            "text": "f",
                            "value": "f",
                            "valueText": "f"
                        },
                        "argumentList": {
                            "kind": "ArgumentList",
                            "fullStart": 646,
                            "fullEnd": 649,
                            "start": 646,
                            "end": 648,
                            "fullWidth": 3,
                            "width": 2,
                            "openParenToken": {
                                "kind": "OpenParenToken",
                                "fullStart": 646,
                                "fullEnd": 647,
                                "start": 646,
                                "end": 647,
                                "fullWidth": 1,
                                "width": 1,
                                "text": "(",
                                "value": "(",
                                "valueText": "("
                            },
                            "arguments": [],
                            "closeParenToken": {
                                "kind": "CloseParenToken",
                                "fullStart": 647,
                                "fullEnd": 649,
                                "start": 647,
                                "end": 648,
                                "fullWidth": 2,
                                "width": 1,
                                "text": ")",
                                "value": ")",
                                "valueText": ")",
                                "hasTrailingTrivia": true,
                                "trailingTrivia": [
                                    {
                                        "kind": "WhitespaceTrivia",
                                        "fullStart": 648,
                                        "fullEnd": 649,
                                        "text": " "
                                    }
                                ]
                            }
                        }
                    },
                    "operatorToken": {
                        "kind": "ExclamationEqualsEqualsToken",
                        "fullStart": 649,
                        "fullEnd": 653,
                        "start": 649,
                        "end": 652,
                        "fullWidth": 4,
                        "width": 3,
                        "text": "!==",
                        "value": "!==",
                        "valueText": "!==",
                        "hasTrailingTrivia": true,
                        "trailingTrivia": [
                            {
                                "kind": "WhitespaceTrivia",
                                "fullStart": 652,
                                "fullEnd": 653,
                                "text": " "
                            }
                        ]
                    },
                    "right": {
                        "kind": "StringLiteral",
                        "fullStart": 653,
                        "fullEnd": 664,
                        "start": 653,
                        "end": 664,
                        "fullWidth": 11,
                        "width": 11,
                        "text": "\"undefined\"",
                        "value": "undefined",
                        "valueText": "undefined"
                    }
                },
                "closeParenToken": {
                    "kind": "CloseParenToken",
                    "fullStart": 664,
                    "fullEnd": 666,
                    "start": 664,
                    "end": 665,
                    "fullWidth": 2,
                    "width": 1,
                    "text": ")",
                    "value": ")",
                    "valueText": ")",
                    "hasTrailingTrivia": true,
                    "trailingTrivia": [
                        {
                            "kind": "WhitespaceTrivia",
                            "fullStart": 665,
                            "fullEnd": 666,
                            "text": " "
                        }
                    ]
                },
                "statement": {
                    "kind": "Block",
                    "fullStart": 666,
                    "fullEnd": 712,
                    "start": 666,
                    "end": 712,
                    "fullWidth": 46,
                    "width": 46,
                    "openBraceToken": {
                        "kind": "OpenBraceToken",
                        "fullStart": 666,
                        "fullEnd": 669,
                        "start": 666,
                        "end": 667,
                        "fullWidth": 3,
                        "width": 1,
                        "text": "{",
                        "value": "{",
                        "valueText": "{",
                        "hasTrailingTrivia": true,
                        "hasTrailingNewLine": true,
                        "trailingTrivia": [
                            {
                                "kind": "NewLineTrivia",
                                "fullStart": 667,
                                "fullEnd": 669,
                                "text": "\r\n"
                            }
                        ]
                    },
                    "statements": [
                        {
                            "kind": "ThrowStatement",
                            "fullStart": 669,
                            "fullEnd": 711,
                            "start": 673,
                            "end": 709,
                            "fullWidth": 42,
                            "width": 36,
                            "throwKeyword": {
                                "kind": "ThrowKeyword",
                                "fullStart": 669,
                                "fullEnd": 679,
                                "start": 673,
                                "end": 678,
                                "fullWidth": 10,
                                "width": 5,
                                "text": "throw",
                                "value": "throw",
                                "valueText": "throw",
                                "hasLeadingTrivia": true,
                                "hasTrailingTrivia": true,
                                "leadingTrivia": [
                                    {
                                        "kind": "WhitespaceTrivia",
                                        "fullStart": 669,
                                        "fullEnd": 673,
                                        "text": "    "
                                    }
                                ],
                                "trailingTrivia": [
                                    {
                                        "kind": "WhitespaceTrivia",
                                        "fullStart": 678,
                                        "fullEnd": 679,
                                        "text": " "
                                    }
                                ]
                            },
                            "expression": {
                                "kind": "StringLiteral",
                                "fullStart": 679,
                                "fullEnd": 708,
                                "start": 679,
                                "end": 708,
                                "fullWidth": 29,
                                "width": 29,
                                "text": "\"'this' had incorrect value!\"",
                                "value": "'this' had incorrect value!",
                                "valueText": "'this' had incorrect value!"
                            },
                            "semicolonToken": {
                                "kind": "SemicolonToken",
                                "fullStart": 708,
                                "fullEnd": 711,
                                "start": 708,
                                "end": 709,
                                "fullWidth": 3,
                                "width": 1,
                                "text": ";",
                                "value": ";",
                                "valueText": ";",
                                "hasTrailingTrivia": true,
                                "hasTrailingNewLine": true,
                                "trailingTrivia": [
                                    {
                                        "kind": "NewLineTrivia",
                                        "fullStart": 709,
                                        "fullEnd": 711,
                                        "text": "\r\n"
                                    }
                                ]
                            }
                        }
                    ],
                    "closeBraceToken": {
                        "kind": "CloseBraceToken",
                        "fullStart": 711,
                        "fullEnd": 712,
                        "start": 711,
                        "end": 712,
                        "fullWidth": 1,
                        "width": 1,
                        "text": "}",
                        "value": "}",
                        "valueText": "}"
                    }
                }
            }
        ],
        "endOfFileToken": {
            "kind": "EndOfFileToken",
            "fullStart": 712,
            "fullEnd": 712,
            "start": 712,
            "end": 712,
            "fullWidth": 0,
            "width": 0,
            "text": ""
        }
    },
    "lineMap": {
        "lineStarts": [
            0,
            67,
            152,
            232,
            307,
            379,
            384,
            428,
            555,
            571,
            576,
            578,
            641,
            669,
            711
        ],
        "length": 712
    }
}