{
    "isDeclaration": false,
    "languageVersion": "EcmaScript5",
    "parseOptions": {
        "allowAutomaticSemicolonInsertion": true
    },
    "sourceUnit": {
        "kind": "SourceUnit",
        "fullStart": 0,
        "fullEnd": 435,
        "start": 306,
        "end": 435,
        "fullWidth": 435,
        "width": 129,
        "moduleElements": [
            {
                "kind": "IfStatement",
                "fullStart": 0,
                "fullEnd": 434,
                "start": 306,
                "end": 433,
                "fullWidth": 434,
                "width": 127,
                "ifKeyword": {
                    "kind": "IfKeyword",
                    "fullStart": 0,
                    "fullEnd": 309,
                    "start": 306,
                    "end": 308,
                    "fullWidth": 309,
                    "width": 2,
                    "text": "if",
                    "value": "if",
                    "valueText": "if",
                    "hasLeadingTrivia": true,
                    "hasLeadingComment": true,
                    "hasLeadingNewLine": true,
                    "hasTrailingTrivia": true,
                    "leadingTrivia": [
                        {
                            "kind": "SingleLineCommentTrivia",
                            "text": "// Copyright 2009 the Sputnik authors.  All rights reserved."
                        },
                        {
                            "kind": "NewLineTrivia",
                            "text": "\n"
                        },
                        {
                            "kind": "SingleLineCommentTrivia",
                            "text": "// This code is governed by the BSD license found in the LICENSE file."
                        },
                        {
                            "kind": "NewLineTrivia",
                            "text": "\n"
                        },
                        {
                            "kind": "NewLineTrivia",
                            "text": "\n"
                        },
                        {
                            "kind": "MultiLineCommentTrivia",
                            "text": "/**\n * The decodeURI property has not prototype property\n *\n * @path ch15/15.1/15.1.3/15.1.3.1/S15.1.3.1_A5.6.js\n * @description Checking decodeURI.prototype\n */"
                        },
                        {
                            "kind": "NewLineTrivia",
                            "text": "\n"
                        },
                        {
                            "kind": "NewLineTrivia",
                            "text": "\n"
                        },
                        {
                            "kind": "SingleLineCommentTrivia",
                            "text": "//CHECK#1"
                        },
                        {
                            "kind": "NewLineTrivia",
                            "text": "\n"
                        }
                    ],
                    "trailingTrivia": [
                        {
                            "kind": "WhitespaceTrivia",
                            "text": " "
                        }
                    ]
                },
                "openParenToken": {
                    "kind": "OpenParenToken",
                    "fullStart": 309,
                    "fullEnd": 310,
                    "start": 309,
                    "end": 310,
                    "fullWidth": 1,
                    "width": 1,
                    "text": "(",
                    "value": "(",
                    "valueText": "("
                },
                "condition": {
                    "kind": "NotEqualsExpression",
                    "fullStart": 310,
                    "fullEnd": 343,
                    "start": 310,
                    "end": 343,
                    "fullWidth": 33,
                    "width": 33,
                    "left": {
                        "kind": "MemberAccessExpression",
                        "fullStart": 310,
                        "fullEnd": 330,
                        "start": 310,
                        "end": 329,
                        "fullWidth": 20,
                        "width": 19,
                        "expression": {
                            "kind": "IdentifierName",
                            "fullStart": 310,
                            "fullEnd": 319,
                            "start": 310,
                            "end": 319,
                            "fullWidth": 9,
                            "width": 9,
                            "text": "decodeURI",
                            "value": "decodeURI",
                            "valueText": "decodeURI"
                        },
                        "dotToken": {
                            "kind": "DotToken",
                            "fullStart": 319,
                            "fullEnd": 320,
                            "start": 319,
                            "end": 320,
                            "fullWidth": 1,
                            "width": 1,
                            "text": ".",
                            "value": ".",
                            "valueText": "."
                        },
                        "name": {
                            "kind": "IdentifierName",
                            "fullStart": 320,
                            "fullEnd": 330,
                            "start": 320,
                            "end": 329,
                            "fullWidth": 10,
                            "width": 9,
                            "text": "prototype",
                            "value": "prototype",
                            "valueText": "prototype",
                            "hasTrailingTrivia": true,
                            "trailingTrivia": [
                                {
                                    "kind": "WhitespaceTrivia",
                                    "text": " "
                                }
                            ]
                        }
                    },
                    "operatorToken": {
                        "kind": "ExclamationEqualsEqualsToken",
                        "fullStart": 330,
                        "fullEnd": 334,
                        "start": 330,
                        "end": 333,
                        "fullWidth": 4,
                        "width": 3,
                        "text": "!==",
                        "value": "!==",
                        "valueText": "!==",
                        "hasTrailingTrivia": true,
                        "trailingTrivia": [
                            {
                                "kind": "WhitespaceTrivia",
                                "text": " "
                            }
                        ]
                    },
                    "right": {
                        "kind": "IdentifierName",
                        "fullStart": 334,
                        "fullEnd": 343,
                        "start": 334,
                        "end": 343,
                        "fullWidth": 9,
                        "width": 9,
                        "text": "undefined",
                        "value": "undefined",
                        "valueText": "undefined"
                    }
                },
                "closeParenToken": {
                    "kind": "CloseParenToken",
                    "fullStart": 343,
                    "fullEnd": 345,
                    "start": 343,
                    "end": 344,
                    "fullWidth": 2,
                    "width": 1,
                    "text": ")",
                    "value": ")",
                    "valueText": ")",
                    "hasTrailingTrivia": true,
                    "trailingTrivia": [
                        {
                            "kind": "WhitespaceTrivia",
                            "text": " "
                        }
                    ]
                },
                "statement": {
                    "kind": "Block",
                    "fullStart": 345,
                    "fullEnd": 434,
                    "start": 345,
                    "end": 433,
                    "fullWidth": 89,
                    "width": 88,
                    "openBraceToken": {
                        "kind": "OpenBraceToken",
                        "fullStart": 345,
                        "fullEnd": 347,
                        "start": 345,
                        "end": 346,
                        "fullWidth": 2,
                        "width": 1,
                        "text": "{",
                        "value": "{",
                        "valueText": "{",
                        "hasTrailingTrivia": true,
                        "hasTrailingNewLine": true,
                        "trailingTrivia": [
                            {
                                "kind": "NewLineTrivia",
                                "text": "\n"
                            }
                        ]
                    },
                    "statements": [
                        {
                            "kind": "ExpressionStatement",
                            "fullStart": 347,
                            "fullEnd": 432,
                            "start": 349,
                            "end": 431,
                            "fullWidth": 85,
                            "width": 82,
                            "expression": {
                                "kind": "InvocationExpression",
                                "fullStart": 347,
                                "fullEnd": 430,
                                "start": 349,
                                "end": 430,
                                "fullWidth": 83,
                                "width": 81,
                                "expression": {
                                    "kind": "IdentifierName",
                                    "fullStart": 347,
                                    "fullEnd": 355,
                                    "start": 349,
                                    "end": 355,
                                    "fullWidth": 8,
                                    "width": 6,
                                    "text": "$ERROR",
                                    "value": "$ERROR",
                                    "valueText": "$ERROR",
                                    "hasLeadingTrivia": true,
                                    "leadingTrivia": [
                                        {
                                            "kind": "WhitespaceTrivia",
                                            "text": "  "
                                        }
                                    ]
                                },
                                "argumentList": {
                                    "kind": "ArgumentList",
                                    "fullStart": 355,
                                    "fullEnd": 430,
                                    "start": 355,
                                    "end": 430,
                                    "fullWidth": 75,
                                    "width": 75,
                                    "openParenToken": {
                                        "kind": "OpenParenToken",
                                        "fullStart": 355,
                                        "fullEnd": 356,
                                        "start": 355,
                                        "end": 356,
                                        "fullWidth": 1,
                                        "width": 1,
                                        "text": "(",
                                        "value": "(",
                                        "valueText": "("
                                    },
                                    "arguments": [
                                        {
                                            "kind": "AddExpression",
                                            "fullStart": 356,
                                            "fullEnd": 429,
                                            "start": 356,
                                            "end": 429,
                                            "fullWidth": 73,
                                            "width": 73,
                                            "left": {
                                                "kind": "StringLiteral",
                                                "fullStart": 356,
                                                "fullEnd": 406,
                                                "start": 356,
                                                "end": 405,
                                                "fullWidth": 50,
                                                "width": 49,
                                                "text": "'#1: decodeURI.prototype === undefined. Actual: '",
                                                "value": "#1: decodeURI.prototype === undefined. Actual: ",
                                                "valueText": "#1: decodeURI.prototype === undefined. Actual: ",
                                                "hasTrailingTrivia": true,
                                                "trailingTrivia": [
                                                    {
                                                        "kind": "WhitespaceTrivia",
                                                        "text": " "
                                                    }
                                                ]
                                            },
                                            "operatorToken": {
                                                "kind": "PlusToken",
                                                "fullStart": 406,
                                                "fullEnd": 408,
                                                "start": 406,
                                                "end": 407,
                                                "fullWidth": 2,
                                                "width": 1,
                                                "text": "+",
                                                "value": "+",
                                                "valueText": "+",
                                                "hasTrailingTrivia": true,
                                                "trailingTrivia": [
                                                    {
                                                        "kind": "WhitespaceTrivia",
                                                        "text": " "
                                                    }
                                                ]
                                            },
                                            "right": {
                                                "kind": "ParenthesizedExpression",
                                                "fullStart": 408,
                                                "fullEnd": 429,
                                                "start": 408,
                                                "end": 429,
                                                "fullWidth": 21,
                                                "width": 21,
                                                "openParenToken": {
                                                    "kind": "OpenParenToken",
                                                    "fullStart": 408,
                                                    "fullEnd": 409,
                                                    "start": 408,
                                                    "end": 409,
                                                    "fullWidth": 1,
                                                    "width": 1,
                                                    "text": "(",
                                                    "value": "(",
                                                    "valueText": "("
                                                },
                                                "expression": {
                                                    "kind": "MemberAccessExpression",
                                                    "fullStart": 409,
                                                    "fullEnd": 428,
                                                    "start": 409,
                                                    "end": 428,
                                                    "fullWidth": 19,
                                                    "width": 19,
                                                    "expression": {
                                                        "kind": "IdentifierName",
                                                        "fullStart": 409,
                                                        "fullEnd": 418,
                                                        "start": 409,
                                                        "end": 418,
                                                        "fullWidth": 9,
                                                        "width": 9,
                                                        "text": "decodeURI",
                                                        "value": "decodeURI",
                                                        "valueText": "decodeURI"
                                                    },
                                                    "dotToken": {
                                                        "kind": "DotToken",
                                                        "fullStart": 418,
                                                        "fullEnd": 419,
                                                        "start": 418,
                                                        "end": 419,
                                                        "fullWidth": 1,
                                                        "width": 1,
                                                        "text": ".",
                                                        "value": ".",
                                                        "valueText": "."
                                                    },
                                                    "name": {
                                                        "kind": "IdentifierName",
                                                        "fullStart": 419,
                                                        "fullEnd": 428,
                                                        "start": 419,
                                                        "end": 428,
                                                        "fullWidth": 9,
                                                        "width": 9,
                                                        "text": "prototype",
                                                        "value": "prototype",
                                                        "valueText": "prototype"
                                                    }
                                                },
                                                "closeParenToken": {
                                                    "kind": "CloseParenToken",
                                                    "fullStart": 428,
                                                    "fullEnd": 429,
                                                    "start": 428,
                                                    "end": 429,
                                                    "fullWidth": 1,
                                                    "width": 1,
                                                    "text": ")",
                                                    "value": ")",
                                                    "valueText": ")"
                                                }
                                            }
                                        }
                                    ],
                                    "closeParenToken": {
                                        "kind": "CloseParenToken",
                                        "fullStart": 429,
                                        "fullEnd": 430,
                                        "start": 429,
                                        "end": 430,
                                        "fullWidth": 1,
                                        "width": 1,
                                        "text": ")",
                                        "value": ")",
                                        "valueText": ")"
                                    }
                                }
                            },
                            "semicolonToken": {
                                "kind": "SemicolonToken",
                                "fullStart": 430,
                                "fullEnd": 432,
                                "start": 430,
                                "end": 431,
                                "fullWidth": 2,
                                "width": 1,
                                "text": ";",
                                "value": ";",
                                "valueText": ";",
                                "hasTrailingTrivia": true,
                                "hasTrailingNewLine": true,
                                "trailingTrivia": [
                                    {
                                        "kind": "NewLineTrivia",
                                        "text": "\n"
                                    }
                                ]
                            }
                        }
                    ],
                    "closeBraceToken": {
                        "kind": "CloseBraceToken",
                        "fullStart": 432,
                        "fullEnd": 434,
                        "start": 432,
                        "end": 433,
                        "fullWidth": 2,
                        "width": 1,
                        "text": "}",
                        "value": "}",
                        "valueText": "}",
                        "hasTrailingTrivia": true,
                        "hasTrailingNewLine": true,
                        "trailingTrivia": [
                            {
                                "kind": "NewLineTrivia",
                                "text": "\n"
                            }
                        ]
                    }
                }
            }
        ],
        "endOfFileToken": {
            "kind": "EndOfFileToken",
            "fullStart": 434,
            "fullEnd": 435,
            "start": 435,
            "end": 435,
            "fullWidth": 1,
            "width": 0,
            "text": "",
            "hasLeadingTrivia": true,
            "hasLeadingNewLine": true,
            "leadingTrivia": [
                {
                    "kind": "NewLineTrivia",
                    "text": "\n"
                }
            ]
        }
    },
    "lineMap": {
        "lineStarts": [
            0,
            61,
            132,
            133,
            137,
            190,
            193,
            246,
            291,
            295,
            296,
            306,
            347,
            432,
            434,
            435
        ],
        "length": 435
    }
}