{
    "isDeclaration": false,
    "languageVersion": "EcmaScript5",
    "diagnostics": [
        {
            "start": 35,
            "length": 1,
            "diagnosticCode": "Identifier expected."
        }
    ],
    "sourceUnit": {
        "kind": "SourceUnit",
        "fullStart": 0,
        "fullEnd": 69,
        "start": 0,
        "end": 69,
        "fullWidth": 69,
        "width": 69,
        "isIncrementallyUnusable": true,
        "moduleElements": [
            {
                "kind": "ClassDeclaration",
                "fullStart": 0,
                "fullEnd": 69,
                "start": 0,
                "end": 69,
                "fullWidth": 69,
                "width": 69,
                "isIncrementallyUnusable": true,
                "modifiers": [],
                "classKeyword": {
                    "kind": "ClassKeyword",
                    "fullStart": 0,
                    "fullEnd": 6,
                    "start": 0,
                    "end": 5,
                    "fullWidth": 6,
                    "width": 5,
                    "text": "class",
                    "value": "class",
                    "valueText": "class",
                    "hasTrailingTrivia": true,
                    "trailingTrivia": [
                        {
                            "kind": "WhitespaceTrivia",
                            "fullStart": 5,
                            "fullEnd": 6,
                            "text": " "
                        }
                    ]
                },
                "identifier": {
                    "kind": "IdentifierName",
                    "fullStart": 6,
                    "fullEnd": 10,
                    "start": 6,
                    "end": 9,
                    "fullWidth": 4,
                    "width": 3,
                    "text": "Foo",
                    "value": "Foo",
                    "valueText": "Foo",
                    "hasTrailingTrivia": true,
                    "trailingTrivia": [
                        {
                            "kind": "WhitespaceTrivia",
                            "fullStart": 9,
                            "fullEnd": 10,
                            "text": " "
                        }
                    ]
                },
                "openBraceToken": {
                    "kind": "OpenBraceToken",
                    "fullStart": 10,
                    "fullEnd": 13,
                    "start": 10,
                    "end": 11,
                    "fullWidth": 3,
                    "width": 1,
                    "text": "{",
                    "value": "{",
                    "valueText": "{",
                    "hasTrailingTrivia": true,
                    "hasTrailingNewLine": true,
                    "trailingTrivia": [
                        {
                            "kind": "NewLineTrivia",
                            "fullStart": 11,
                            "fullEnd": 13,
                            "text": "\r\n"
                        }
                    ]
                },
                "classElements": [
                    {
                        "kind": "MemberFunctionDeclaration",
                        "fullStart": 13,
                        "fullEnd": 38,
                        "start": 15,
                        "end": 36,
                        "fullWidth": 25,
                        "width": 21,
                        "isIncrementallyUnusable": true,
                        "modifiers": [],
                        "propertyName": {
                            "kind": "IdentifierName",
                            "fullStart": 13,
                            "fullEnd": 17,
                            "start": 15,
                            "end": 17,
                            "fullWidth": 4,
                            "width": 2,
                            "text": "f1",
                            "value": "f1",
                            "valueText": "f1",
                            "hasLeadingTrivia": true,
                            "leadingTrivia": [
                                {
                                    "kind": "WhitespaceTrivia",
                                    "fullStart": 13,
                                    "fullEnd": 15,
                                    "text": "  "
                                }
                            ]
                        },
                        "callSignature": {
                            "kind": "CallSignature",
                            "fullStart": 17,
                            "fullEnd": 20,
                            "start": 17,
                            "end": 19,
                            "fullWidth": 3,
                            "width": 2,
                            "parameterList": {
                                "kind": "ParameterList",
                                "fullStart": 17,
                                "fullEnd": 20,
                                "start": 17,
                                "end": 19,
                                "fullWidth": 3,
                                "width": 2,
                                "openParenToken": {
                                    "kind": "OpenParenToken",
                                    "fullStart": 17,
                                    "fullEnd": 18,
                                    "start": 17,
                                    "end": 18,
                                    "fullWidth": 1,
                                    "width": 1,
                                    "text": "(",
                                    "value": "(",
                                    "valueText": "("
                                },
                                "parameters": [],
                                "closeParenToken": {
                                    "kind": "CloseParenToken",
                                    "fullStart": 18,
                                    "fullEnd": 20,
                                    "start": 18,
                                    "end": 19,
                                    "fullWidth": 2,
                                    "width": 1,
                                    "text": ")",
                                    "value": ")",
                                    "valueText": ")",
                                    "hasTrailingTrivia": true,
                                    "trailingTrivia": [
                                        {
                                            "kind": "WhitespaceTrivia",
                                            "fullStart": 19,
                                            "fullEnd": 20,
                                            "text": " "
                                        }
                                    ]
                                }
                            }
                        },
                        "block": {
                            "kind": "Block",
                            "fullStart": 20,
                            "fullEnd": 38,
                            "start": 20,
                            "end": 36,
                            "fullWidth": 18,
                            "width": 16,
                            "isIncrementallyUnusable": true,
                            "openBraceToken": {
                                "kind": "OpenBraceToken",
                                "fullStart": 20,
                                "fullEnd": 23,
                                "start": 20,
                                "end": 21,
                                "fullWidth": 3,
                                "width": 1,
                                "text": "{",
                                "value": "{",
                                "valueText": "{",
                                "hasTrailingTrivia": true,
                                "hasTrailingNewLine": true,
                                "trailingTrivia": [
                                    {
                                        "kind": "NewLineTrivia",
                                        "fullStart": 21,
                                        "fullEnd": 23,
                                        "text": "\r\n"
                                    }
                                ]
                            },
                            "statements": [
                                {
                                    "kind": "IfStatement",
                                    "fullStart": 23,
                                    "fullEnd": 33,
                                    "start": 27,
                                    "end": 31,
                                    "fullWidth": 10,
                                    "width": 4,
                                    "isIncrementallyUnusable": true,
                                    "ifKeyword": {
                                        "kind": "IfKeyword",
                                        "fullStart": 23,
                                        "fullEnd": 30,
                                        "start": 27,
                                        "end": 29,
                                        "fullWidth": 7,
                                        "width": 2,
                                        "text": "if",
                                        "value": "if",
                                        "valueText": "if",
                                        "hasLeadingTrivia": true,
                                        "hasTrailingTrivia": true,
                                        "leadingTrivia": [
                                            {
                                                "kind": "WhitespaceTrivia",
                                                "fullStart": 23,
                                                "fullEnd": 27,
                                                "text": "    "
                                            }
                                        ],
                                        "trailingTrivia": [
                                            {
                                                "kind": "WhitespaceTrivia",
                                                "fullStart": 29,
                                                "fullEnd": 30,
                                                "text": " "
                                            }
                                        ]
                                    },
                                    "openParenToken": {
                                        "kind": "OpenParenToken",
                                        "fullStart": 30,
                                        "fullEnd": 33,
                                        "start": 30,
                                        "end": 31,
                                        "fullWidth": 3,
                                        "width": 1,
                                        "text": "(",
                                        "value": "(",
                                        "valueText": "(",
                                        "hasTrailingTrivia": true,
                                        "hasTrailingNewLine": true,
                                        "trailingTrivia": [
                                            {
                                                "kind": "NewLineTrivia",
                                                "fullStart": 31,
                                                "fullEnd": 33,
                                                "text": "\r\n"
                                            }
                                        ]
                                    },
                                    "condition": {
                                        "kind": "IdentifierName",
                                        "fullStart": 33,
                                        "fullEnd": 33,
                                        "start": 33,
                                        "end": 33,
                                        "fullWidth": 0,
                                        "width": 0,
                                        "text": ""
                                    },
                                    "closeParenToken": {
                                        "kind": "CloseParenToken",
                                        "fullStart": 33,
                                        "fullEnd": 33,
                                        "start": 33,
                                        "end": 33,
                                        "fullWidth": 0,
                                        "width": 0,
                                        "text": ""
                                    },
                                    "statement": {
                                        "kind": "ExpressionStatement",
                                        "fullStart": -1,
                                        "fullEnd": -1,
                                        "start": -1,
                                        "end": -1,
                                        "fullWidth": 0,
                                        "width": 0,
                                        "isIncrementallyUnusable": true,
                                        "expression": {
                                            "kind": "IdentifierName",
                                            "fullStart": 33,
                                            "fullEnd": 33,
                                            "start": 33,
                                            "end": 33,
                                            "fullWidth": 0,
                                            "width": 0,
                                            "text": ""
                                        }
                                    }
                                }
                            ],
                            "closeBraceToken": {
                                "kind": "CloseBraceToken",
                                "fullStart": 33,
                                "fullEnd": 38,
                                "start": 35,
                                "end": 36,
                                "fullWidth": 5,
                                "width": 1,
                                "text": "}",
                                "value": "}",
                                "valueText": "}",
                                "hasLeadingTrivia": true,
                                "hasTrailingTrivia": true,
                                "hasTrailingNewLine": true,
                                "leadingTrivia": [
                                    {
                                        "kind": "WhitespaceTrivia",
                                        "fullStart": 33,
                                        "fullEnd": 35,
                                        "text": "  "
                                    }
                                ],
                                "trailingTrivia": [
                                    {
                                        "kind": "NewLineTrivia",
                                        "fullStart": 36,
                                        "fullEnd": 38,
                                        "text": "\r\n"
                                    }
                                ]
                            }
                        }
                    },
                    {
                        "kind": "MemberFunctionDeclaration",
                        "fullStart": 38,
                        "fullEnd": 53,
                        "start": 40,
                        "end": 51,
                        "fullWidth": 15,
                        "width": 11,
                        "modifiers": [],
                        "propertyName": {
                            "kind": "IdentifierName",
                            "fullStart": 38,
                            "fullEnd": 42,
                            "start": 40,
                            "end": 42,
                            "fullWidth": 4,
                            "width": 2,
                            "text": "f2",
                            "value": "f2",
                            "valueText": "f2",
                            "hasLeadingTrivia": true,
                            "leadingTrivia": [
                                {
                                    "kind": "WhitespaceTrivia",
                                    "fullStart": 38,
                                    "fullEnd": 40,
                                    "text": "  "
                                }
                            ]
                        },
                        "callSignature": {
                            "kind": "CallSignature",
                            "fullStart": 42,
                            "fullEnd": 45,
                            "start": 42,
                            "end": 44,
                            "fullWidth": 3,
                            "width": 2,
                            "parameterList": {
                                "kind": "ParameterList",
                                "fullStart": 42,
                                "fullEnd": 45,
                                "start": 42,
                                "end": 44,
                                "fullWidth": 3,
                                "width": 2,
                                "openParenToken": {
                                    "kind": "OpenParenToken",
                                    "fullStart": 42,
                                    "fullEnd": 43,
                                    "start": 42,
                                    "end": 43,
                                    "fullWidth": 1,
                                    "width": 1,
                                    "text": "(",
                                    "value": "(",
                                    "valueText": "("
                                },
                                "parameters": [],
                                "closeParenToken": {
                                    "kind": "CloseParenToken",
                                    "fullStart": 43,
                                    "fullEnd": 45,
                                    "start": 43,
                                    "end": 44,
                                    "fullWidth": 2,
                                    "width": 1,
                                    "text": ")",
                                    "value": ")",
                                    "valueText": ")",
                                    "hasTrailingTrivia": true,
                                    "trailingTrivia": [
                                        {
                                            "kind": "WhitespaceTrivia",
                                            "fullStart": 44,
                                            "fullEnd": 45,
                                            "text": " "
                                        }
                                    ]
                                }
                            }
                        },
                        "block": {
                            "kind": "Block",
                            "fullStart": 45,
                            "fullEnd": 53,
                            "start": 45,
                            "end": 51,
                            "fullWidth": 8,
                            "width": 6,
                            "openBraceToken": {
                                "kind": "OpenBraceToken",
                                "fullStart": 45,
                                "fullEnd": 48,
                                "start": 45,
                                "end": 46,
                                "fullWidth": 3,
                                "width": 1,
                                "text": "{",
                                "value": "{",
                                "valueText": "{",
                                "hasTrailingTrivia": true,
                                "hasTrailingNewLine": true,
                                "trailingTrivia": [
                                    {
                                        "kind": "NewLineTrivia",
                                        "fullStart": 46,
                                        "fullEnd": 48,
                                        "text": "\r\n"
                                    }
                                ]
                            },
                            "statements": [],
                            "closeBraceToken": {
                                "kind": "CloseBraceToken",
                                "fullStart": 48,
                                "fullEnd": 53,
                                "start": 50,
                                "end": 51,
                                "fullWidth": 5,
                                "width": 1,
                                "text": "}",
                                "value": "}",
                                "valueText": "}",
                                "hasLeadingTrivia": true,
                                "hasTrailingTrivia": true,
                                "hasTrailingNewLine": true,
                                "leadingTrivia": [
                                    {
                                        "kind": "WhitespaceTrivia",
                                        "fullStart": 48,
                                        "fullEnd": 50,
                                        "text": "  "
                                    }
                                ],
                                "trailingTrivia": [
                                    {
                                        "kind": "NewLineTrivia",
                                        "fullStart": 51,
                                        "fullEnd": 53,
                                        "text": "\r\n"
                                    }
                                ]
                            }
                        }
                    },
                    {
                        "kind": "MemberFunctionDeclaration",
                        "fullStart": 53,
                        "fullEnd": 68,
                        "start": 55,
                        "end": 66,
                        "fullWidth": 15,
                        "width": 11,
                        "modifiers": [],
                        "propertyName": {
                            "kind": "IdentifierName",
                            "fullStart": 53,
                            "fullEnd": 57,
                            "start": 55,
                            "end": 57,
                            "fullWidth": 4,
                            "width": 2,
                            "text": "f3",
                            "value": "f3",
                            "valueText": "f3",
                            "hasLeadingTrivia": true,
                            "leadingTrivia": [
                                {
                                    "kind": "WhitespaceTrivia",
                                    "fullStart": 53,
                                    "fullEnd": 55,
                                    "text": "  "
                                }
                            ]
                        },
                        "callSignature": {
                            "kind": "CallSignature",
                            "fullStart": 57,
                            "fullEnd": 60,
                            "start": 57,
                            "end": 59,
                            "fullWidth": 3,
                            "width": 2,
                            "parameterList": {
                                "kind": "ParameterList",
                                "fullStart": 57,
                                "fullEnd": 60,
                                "start": 57,
                                "end": 59,
                                "fullWidth": 3,
                                "width": 2,
                                "openParenToken": {
                                    "kind": "OpenParenToken",
                                    "fullStart": 57,
                                    "fullEnd": 58,
                                    "start": 57,
                                    "end": 58,
                                    "fullWidth": 1,
                                    "width": 1,
                                    "text": "(",
                                    "value": "(",
                                    "valueText": "("
                                },
                                "parameters": [],
                                "closeParenToken": {
                                    "kind": "CloseParenToken",
                                    "fullStart": 58,
                                    "fullEnd": 60,
                                    "start": 58,
                                    "end": 59,
                                    "fullWidth": 2,
                                    "width": 1,
                                    "text": ")",
                                    "value": ")",
                                    "valueText": ")",
                                    "hasTrailingTrivia": true,
                                    "trailingTrivia": [
                                        {
                                            "kind": "WhitespaceTrivia",
                                            "fullStart": 59,
                                            "fullEnd": 60,
                                            "text": " "
                                        }
                                    ]
                                }
                            }
                        },
                        "block": {
                            "kind": "Block",
                            "fullStart": 60,
                            "fullEnd": 68,
                            "start": 60,
                            "end": 66,
                            "fullWidth": 8,
                            "width": 6,
                            "openBraceToken": {
                                "kind": "OpenBraceToken",
                                "fullStart": 60,
                                "fullEnd": 63,
                                "start": 60,
                                "end": 61,
                                "fullWidth": 3,
                                "width": 1,
                                "text": "{",
                                "value": "{",
                                "valueText": "{",
                                "hasTrailingTrivia": true,
                                "hasTrailingNewLine": true,
                                "trailingTrivia": [
                                    {
                                        "kind": "NewLineTrivia",
                                        "fullStart": 61,
                                        "fullEnd": 63,
                                        "text": "\r\n"
                                    }
                                ]
                            },
                            "statements": [],
                            "closeBraceToken": {
                                "kind": "CloseBraceToken",
                                "fullStart": 63,
                                "fullEnd": 68,
                                "start": 65,
                                "end": 66,
                                "fullWidth": 5,
                                "width": 1,
                                "text": "}",
                                "value": "}",
                                "valueText": "}",
                                "hasLeadingTrivia": true,
                                "hasTrailingTrivia": true,
                                "hasTrailingNewLine": true,
                                "leadingTrivia": [
                                    {
                                        "kind": "WhitespaceTrivia",
                                        "fullStart": 63,
                                        "fullEnd": 65,
                                        "text": "  "
                                    }
                                ],
                                "trailingTrivia": [
                                    {
                                        "kind": "NewLineTrivia",
                                        "fullStart": 66,
                                        "fullEnd": 68,
                                        "text": "\r\n"
                                    }
                                ]
                            }
                        }
                    }
                ],
                "closeBraceToken": {
                    "kind": "CloseBraceToken",
                    "fullStart": 68,
                    "fullEnd": 69,
                    "start": 68,
                    "end": 69,
                    "fullWidth": 1,
                    "width": 1,
                    "text": "}",
                    "value": "}",
                    "valueText": "}"
                }
            }
        ],
        "endOfFileToken": {
            "kind": "EndOfFileToken",
            "fullStart": 69,
            "fullEnd": 69,
            "start": 69,
            "end": 69,
            "fullWidth": 0,
            "width": 0,
            "text": ""
        }
    },
    "lineMap": {
        "lineStarts": [
            0,
            13,
            23,
            33,
            38,
            48,
            53,
            63,
            68
        ],
        "length": 69
    }
}