{
    "fullText": [
        "var v1 = new Object;"
    ],
    "sourceUnit": {
        "kind": "SourceUnit",
        "fullStart": 0,
        "fullEnd": 20,
        "start": 0,
        "end": 20,
        "fullWidth": 20,
        "width": 20,
        "isIncrementallyUnusable": true,
        "moduleElements": [
            {
                "kind": "VariableStatement",
                "fullStart": 0,
                "fullEnd": 20,
                "start": 0,
                "end": 20,
                "fullWidth": 20,
                "width": 20,
                "modifiers": [],
                "variableDeclaration": {
                    "kind": "VariableDeclaration",
                    "fullStart": 0,
                    "fullEnd": 19,
                    "start": 0,
                    "end": 19,
                    "fullWidth": 19,
                    "width": 19,
                    "varKeyword": {
                        "kind": "VarKeyword",
                        "fullStart": 0,
                        "fullEnd": 4,
                        "start": 0,
                        "end": 3,
                        "fullWidth": 4,
                        "width": 3,
                        "text": "var",
                        "value": "var",
                        "valueText": "var",
                        "hasTrailingTrivia": true,
                        "trailingTrivia": [
                            {
                                "kind": "WhitespaceTrivia",
                                "fullStart": 3,
                                "fullEnd": 4,
                                "text": " "
                            }
                        ]
                    },
                    "variableDeclarators": [
                        {
                            "kind": "VariableDeclarator",
                            "fullStart": 4,
                            "fullEnd": 19,
                            "start": 4,
                            "end": 19,
                            "fullWidth": 15,
                            "width": 15,
                            "propertyName": {
                                "kind": "IdentifierName",
                                "fullStart": 4,
                                "fullEnd": 7,
                                "start": 4,
                                "end": 6,
                                "fullWidth": 3,
                                "width": 2,
                                "text": "v1",
                                "value": "v1",
                                "valueText": "v1",
                                "hasTrailingTrivia": true,
                                "trailingTrivia": [
                                    {
                                        "kind": "WhitespaceTrivia",
                                        "fullStart": 6,
                                        "fullEnd": 7,
                                        "text": " "
                                    }
                                ]
                            },
                            "equalsValueClause": {
                                "kind": "EqualsValueClause",
                                "fullStart": 7,
                                "fullEnd": 19,
                                "start": 7,
                                "end": 19,
                                "fullWidth": 12,
                                "width": 12,
                                "equalsToken": {
                                    "kind": "EqualsToken",
                                    "fullStart": 7,
                                    "fullEnd": 9,
                                    "start": 7,
                                    "end": 8,
                                    "fullWidth": 2,
                                    "width": 1,
                                    "text": "=",
                                    "value": "=",
                                    "valueText": "=",
                                    "hasTrailingTrivia": true,
                                    "trailingTrivia": [
                                        {
                                            "kind": "WhitespaceTrivia",
                                            "fullStart": 8,
                                            "fullEnd": 9,
                                            "text": " "
                                        }
                                    ]
                                },
                                "value": {
                                    "kind": "ObjectCreationExpression",
                                    "fullStart": 9,
                                    "fullEnd": 19,
                                    "start": 9,
                                    "end": 19,
                                    "fullWidth": 10,
                                    "width": 10,
                                    "newKeyword": {
                                        "kind": "NewKeyword",
                                        "fullStart": 9,
                                        "fullEnd": 13,
                                        "start": 9,
                                        "end": 12,
                                        "fullWidth": 4,
                                        "width": 3,
                                        "text": "new",
                                        "value": "new",
                                        "valueText": "new",
                                        "hasTrailingTrivia": true,
                                        "trailingTrivia": [
                                            {
                                                "kind": "WhitespaceTrivia",
                                                "fullStart": 12,
                                                "fullEnd": 13,
                                                "text": " "
                                            }
                                        ]
                                    },
                                    "expression": {
                                        "kind": "IdentifierName",
                                        "fullStart": 13,
                                        "fullEnd": 19,
                                        "start": 13,
                                        "end": 19,
                                        "fullWidth": 6,
                                        "width": 6,
                                        "text": "Object",
                                        "value": "Object",
                                        "valueText": "Object"
                                    }
                                }
                            }
                        }
                    ]
                },
                "semicolonToken": {
                    "kind": "SemicolonToken",
                    "fullStart": 19,
                    "fullEnd": 20,
                    "start": 19,
                    "end": 20,
                    "fullWidth": 1,
                    "width": 1,
                    "text": ";",
                    "value": ";",
                    "valueText": ";"
                }
            }
        ],
        "endOfFileToken": {
            "kind": "EndOfFileToken",
            "fullStart": 20,
            "fullEnd": 20,
            "start": 20,
            "end": 20,
            "fullWidth": 0,
            "width": 0,
            "text": ""
        }
    }
}