{
    "isDeclaration": false,
    "languageVersion": "EcmaScript5",
    "parseOptions": {
        "allowAutomaticSemicolonInsertion": true
    },
    "sourceUnit": {
        "kind": "SourceUnit",
        "fullStart": 0,
        "fullEnd": 628,
        "start": 532,
        "end": 628,
        "fullWidth": 628,
        "width": 96,
        "isIncrementallyUnusable": true,
        "moduleElements": [
            {
                "kind": "FunctionDeclaration",
                "fullStart": 0,
                "fullEnd": 604,
                "start": 532,
                "end": 602,
                "fullWidth": 604,
                "width": 70,
                "modifiers": [],
                "functionKeyword": {
                    "kind": "FunctionKeyword",
                    "fullStart": 0,
                    "fullEnd": 541,
                    "start": 532,
                    "end": 540,
                    "fullWidth": 541,
                    "width": 8,
                    "text": "function",
                    "value": "function",
                    "valueText": "function",
                    "hasLeadingTrivia": true,
                    "hasLeadingComment": true,
                    "hasLeadingNewLine": true,
                    "hasTrailingTrivia": true,
                    "leadingTrivia": [
                        {
                            "kind": "SingleLineCommentTrivia",
                            "fullStart": 0,
                            "fullEnd": 65,
                            "text": "/// Copyright (c) 2012 Ecma International.  All rights reserved. "
                        },
                        {
                            "kind": "NewLineTrivia",
                            "fullStart": 65,
                            "fullEnd": 67,
                            "text": "\r\n"
                        },
                        {
                            "kind": "SingleLineCommentTrivia",
                            "fullStart": 67,
                            "fullEnd": 150,
                            "text": "/// Ecma International makes this code available under the terms and conditions set"
                        },
                        {
                            "kind": "NewLineTrivia",
                            "fullStart": 150,
                            "fullEnd": 152,
                            "text": "\r\n"
                        },
                        {
                            "kind": "SingleLineCommentTrivia",
                            "fullStart": 152,
                            "fullEnd": 230,
                            "text": "/// forth on http://hg.ecmascript.org/tests/test262/raw-file/tip/LICENSE (the "
                        },
                        {
                            "kind": "NewLineTrivia",
                            "fullStart": 230,
                            "fullEnd": 232,
                            "text": "\r\n"
                        },
                        {
                            "kind": "SingleLineCommentTrivia",
                            "fullStart": 232,
                            "fullEnd": 306,
                            "text": "/// \"Use Terms\").   Any redistribution of this code must retain the above "
                        },
                        {
                            "kind": "NewLineTrivia",
                            "fullStart": 306,
                            "fullEnd": 308,
                            "text": "\r\n"
                        },
                        {
                            "kind": "SingleLineCommentTrivia",
                            "fullStart": 308,
                            "fullEnd": 378,
                            "text": "/// copyright and this notice and otherwise comply with the Use Terms."
                        },
                        {
                            "kind": "NewLineTrivia",
                            "fullStart": 378,
                            "fullEnd": 380,
                            "text": "\r\n"
                        },
                        {
                            "kind": "MultiLineCommentTrivia",
                            "fullStart": 380,
                            "fullEnd": 526,
                            "text": "/**\r\n * @path ch15/15.5/15.5.4/15.5.4.20/15.5.4.20-3-9.js\r\n * @description String.prototype.trim - 'S' is a string with null character ('\\0')\r\n */"
                        },
                        {
                            "kind": "NewLineTrivia",
                            "fullStart": 526,
                            "fullEnd": 528,
                            "text": "\r\n"
                        },
                        {
                            "kind": "NewLineTrivia",
                            "fullStart": 528,
                            "fullEnd": 530,
                            "text": "\r\n"
                        },
                        {
                            "kind": "NewLineTrivia",
                            "fullStart": 530,
                            "fullEnd": 532,
                            "text": "\r\n"
                        }
                    ],
                    "trailingTrivia": [
                        {
                            "kind": "WhitespaceTrivia",
                            "fullStart": 540,
                            "fullEnd": 541,
                            "text": " "
                        }
                    ]
                },
                "identifier": {
                    "kind": "IdentifierName",
                    "fullStart": 541,
                    "fullEnd": 549,
                    "start": 541,
                    "end": 549,
                    "fullWidth": 8,
                    "width": 8,
                    "text": "testcase",
                    "value": "testcase",
                    "valueText": "testcase"
                },
                "callSignature": {
                    "kind": "CallSignature",
                    "fullStart": 549,
                    "fullEnd": 552,
                    "start": 549,
                    "end": 551,
                    "fullWidth": 3,
                    "width": 2,
                    "parameterList": {
                        "kind": "ParameterList",
                        "fullStart": 549,
                        "fullEnd": 552,
                        "start": 549,
                        "end": 551,
                        "fullWidth": 3,
                        "width": 2,
                        "openParenToken": {
                            "kind": "OpenParenToken",
                            "fullStart": 549,
                            "fullEnd": 550,
                            "start": 549,
                            "end": 550,
                            "fullWidth": 1,
                            "width": 1,
                            "text": "(",
                            "value": "(",
                            "valueText": "("
                        },
                        "parameters": [],
                        "closeParenToken": {
                            "kind": "CloseParenToken",
                            "fullStart": 550,
                            "fullEnd": 552,
                            "start": 550,
                            "end": 551,
                            "fullWidth": 2,
                            "width": 1,
                            "text": ")",
                            "value": ")",
                            "valueText": ")",
                            "hasTrailingTrivia": true,
                            "trailingTrivia": [
                                {
                                    "kind": "WhitespaceTrivia",
                                    "fullStart": 551,
                                    "fullEnd": 552,
                                    "text": " "
                                }
                            ]
                        }
                    }
                },
                "block": {
                    "kind": "Block",
                    "fullStart": 552,
                    "fullEnd": 604,
                    "start": 552,
                    "end": 602,
                    "fullWidth": 52,
                    "width": 50,
                    "openBraceToken": {
                        "kind": "OpenBraceToken",
                        "fullStart": 552,
                        "fullEnd": 555,
                        "start": 552,
                        "end": 553,
                        "fullWidth": 3,
                        "width": 1,
                        "text": "{",
                        "value": "{",
                        "valueText": "{",
                        "hasTrailingTrivia": true,
                        "hasTrailingNewLine": true,
                        "trailingTrivia": [
                            {
                                "kind": "NewLineTrivia",
                                "fullStart": 553,
                                "fullEnd": 555,
                                "text": "\r\n"
                            }
                        ]
                    },
                    "statements": [
                        {
                            "kind": "ReturnStatement",
                            "fullStart": 555,
                            "fullEnd": 597,
                            "start": 567,
                            "end": 595,
                            "fullWidth": 42,
                            "width": 28,
                            "returnKeyword": {
                                "kind": "ReturnKeyword",
                                "fullStart": 555,
                                "fullEnd": 574,
                                "start": 567,
                                "end": 573,
                                "fullWidth": 19,
                                "width": 6,
                                "text": "return",
                                "value": "return",
                                "valueText": "return",
                                "hasLeadingTrivia": true,
                                "hasTrailingTrivia": true,
                                "leadingTrivia": [
                                    {
                                        "kind": "WhitespaceTrivia",
                                        "fullStart": 555,
                                        "fullEnd": 567,
                                        "text": "            "
                                    }
                                ],
                                "trailingTrivia": [
                                    {
                                        "kind": "WhitespaceTrivia",
                                        "fullStart": 573,
                                        "fullEnd": 574,
                                        "text": " "
                                    }
                                ]
                            },
                            "expression": {
                                "kind": "EqualsExpression",
                                "fullStart": 574,
                                "fullEnd": 594,
                                "start": 574,
                                "end": 594,
                                "fullWidth": 20,
                                "width": 20,
                                "left": {
                                    "kind": "InvocationExpression",
                                    "fullStart": 574,
                                    "fullEnd": 586,
                                    "start": 574,
                                    "end": 585,
                                    "fullWidth": 12,
                                    "width": 11,
                                    "expression": {
                                        "kind": "MemberAccessExpression",
                                        "fullStart": 574,
                                        "fullEnd": 583,
                                        "start": 574,
                                        "end": 583,
                                        "fullWidth": 9,
                                        "width": 9,
                                        "expression": {
                                            "kind": "StringLiteral",
                                            "fullStart": 574,
                                            "fullEnd": 578,
                                            "start": 574,
                                            "end": 578,
                                            "fullWidth": 4,
                                            "width": 4,
                                            "text": "\"\\0\"",
                                            "value": "\u0000",
                                            "valueText": "\u0000"
                                        },
                                        "dotToken": {
                                            "kind": "DotToken",
                                            "fullStart": 578,
                                            "fullEnd": 579,
                                            "start": 578,
                                            "end": 579,
                                            "fullWidth": 1,
                                            "width": 1,
                                            "text": ".",
                                            "value": ".",
                                            "valueText": "."
                                        },
                                        "name": {
                                            "kind": "IdentifierName",
                                            "fullStart": 579,
                                            "fullEnd": 583,
                                            "start": 579,
                                            "end": 583,
                                            "fullWidth": 4,
                                            "width": 4,
                                            "text": "trim",
                                            "value": "trim",
                                            "valueText": "trim"
                                        }
                                    },
                                    "argumentList": {
                                        "kind": "ArgumentList",
                                        "fullStart": 583,
                                        "fullEnd": 586,
                                        "start": 583,
                                        "end": 585,
                                        "fullWidth": 3,
                                        "width": 2,
                                        "openParenToken": {
                                            "kind": "OpenParenToken",
                                            "fullStart": 583,
                                            "fullEnd": 584,
                                            "start": 583,
                                            "end": 584,
                                            "fullWidth": 1,
                                            "width": 1,
                                            "text": "(",
                                            "value": "(",
                                            "valueText": "("
                                        },
                                        "arguments": [],
                                        "closeParenToken": {
                                            "kind": "CloseParenToken",
                                            "fullStart": 584,
                                            "fullEnd": 586,
                                            "start": 584,
                                            "end": 585,
                                            "fullWidth": 2,
                                            "width": 1,
                                            "text": ")",
                                            "value": ")",
                                            "valueText": ")",
                                            "hasTrailingTrivia": true,
                                            "trailingTrivia": [
                                                {
                                                    "kind": "WhitespaceTrivia",
                                                    "fullStart": 585,
                                                    "fullEnd": 586,
                                                    "text": " "
                                                }
                                            ]
                                        }
                                    }
                                },
                                "operatorToken": {
                                    "kind": "EqualsEqualsEqualsToken",
                                    "fullStart": 586,
                                    "fullEnd": 590,
                                    "start": 586,
                                    "end": 589,
                                    "fullWidth": 4,
                                    "width": 3,
                                    "text": "===",
                                    "value": "===",
                                    "valueText": "===",
                                    "hasTrailingTrivia": true,
                                    "trailingTrivia": [
                                        {
                                            "kind": "WhitespaceTrivia",
                                            "fullStart": 589,
                                            "fullEnd": 590,
                                            "text": " "
                                        }
                                    ]
                                },
                                "right": {
                                    "kind": "StringLiteral",
                                    "fullStart": 590,
                                    "fullEnd": 594,
                                    "start": 590,
                                    "end": 594,
                                    "fullWidth": 4,
                                    "width": 4,
                                    "text": "\"\\0\"",
                                    "value": "\u0000",
                                    "valueText": "\u0000"
                                }
                            },
                            "semicolonToken": {
                                "kind": "SemicolonToken",
                                "fullStart": 594,
                                "fullEnd": 597,
                                "start": 594,
                                "end": 595,
                                "fullWidth": 3,
                                "width": 1,
                                "text": ";",
                                "value": ";",
                                "valueText": ";",
                                "hasTrailingTrivia": true,
                                "hasTrailingNewLine": true,
                                "trailingTrivia": [
                                    {
                                        "kind": "NewLineTrivia",
                                        "fullStart": 595,
                                        "fullEnd": 597,
                                        "text": "\r\n"
                                    }
                                ]
                            }
                        }
                    ],
                    "closeBraceToken": {
                        "kind": "CloseBraceToken",
                        "fullStart": 597,
                        "fullEnd": 604,
                        "start": 601,
                        "end": 602,
                        "fullWidth": 7,
                        "width": 1,
                        "text": "}",
                        "value": "}",
                        "valueText": "}",
                        "hasLeadingTrivia": true,
                        "hasTrailingTrivia": true,
                        "hasTrailingNewLine": true,
                        "leadingTrivia": [
                            {
                                "kind": "WhitespaceTrivia",
                                "fullStart": 597,
                                "fullEnd": 601,
                                "text": "    "
                            }
                        ],
                        "trailingTrivia": [
                            {
                                "kind": "NewLineTrivia",
                                "fullStart": 602,
                                "fullEnd": 604,
                                "text": "\r\n"
                            }
                        ]
                    }
                }
            },
            {
                "kind": "ExpressionStatement",
                "fullStart": 604,
                "fullEnd": 628,
                "start": 604,
                "end": 626,
                "fullWidth": 24,
                "width": 22,
                "expression": {
                    "kind": "InvocationExpression",
                    "fullStart": 604,
                    "fullEnd": 625,
                    "start": 604,
                    "end": 625,
                    "fullWidth": 21,
                    "width": 21,
                    "expression": {
                        "kind": "IdentifierName",
                        "fullStart": 604,
                        "fullEnd": 615,
                        "start": 604,
                        "end": 615,
                        "fullWidth": 11,
                        "width": 11,
                        "text": "runTestCase",
                        "value": "runTestCase",
                        "valueText": "runTestCase"
                    },
                    "argumentList": {
                        "kind": "ArgumentList",
                        "fullStart": 615,
                        "fullEnd": 625,
                        "start": 615,
                        "end": 625,
                        "fullWidth": 10,
                        "width": 10,
                        "openParenToken": {
                            "kind": "OpenParenToken",
                            "fullStart": 615,
                            "fullEnd": 616,
                            "start": 615,
                            "end": 616,
                            "fullWidth": 1,
                            "width": 1,
                            "text": "(",
                            "value": "(",
                            "valueText": "("
                        },
                        "arguments": [
                            {
                                "kind": "IdentifierName",
                                "fullStart": 616,
                                "fullEnd": 624,
                                "start": 616,
                                "end": 624,
                                "fullWidth": 8,
                                "width": 8,
                                "text": "testcase",
                                "value": "testcase",
                                "valueText": "testcase"
                            }
                        ],
                        "closeParenToken": {
                            "kind": "CloseParenToken",
                            "fullStart": 624,
                            "fullEnd": 625,
                            "start": 624,
                            "end": 625,
                            "fullWidth": 1,
                            "width": 1,
                            "text": ")",
                            "value": ")",
                            "valueText": ")"
                        }
                    }
                },
                "semicolonToken": {
                    "kind": "SemicolonToken",
                    "fullStart": 625,
                    "fullEnd": 628,
                    "start": 625,
                    "end": 626,
                    "fullWidth": 3,
                    "width": 1,
                    "text": ";",
                    "value": ";",
                    "valueText": ";",
                    "hasTrailingTrivia": true,
                    "hasTrailingNewLine": true,
                    "trailingTrivia": [
                        {
                            "kind": "NewLineTrivia",
                            "fullStart": 626,
                            "fullEnd": 628,
                            "text": "\r\n"
                        }
                    ]
                }
            }
        ],
        "endOfFileToken": {
            "kind": "EndOfFileToken",
            "fullStart": 628,
            "fullEnd": 628,
            "start": 628,
            "end": 628,
            "fullWidth": 0,
            "width": 0,
            "text": ""
        }
    },
    "lineMap": {
        "lineStarts": [
            0,
            67,
            152,
            232,
            308,
            380,
            385,
            439,
            523,
            528,
            530,
            532,
            555,
            597,
            604,
            628
        ],
        "length": 628
    }
}