{
    "isDeclaration": false,
    "languageVersion": "EcmaScript5",
    "diagnostics": [
        {
            "start": 316,
            "length": 1,
            "diagnosticCode": "'{0}' expected.",
            "arguments": [
                "("
            ]
        },
        {
            "start": 322,
            "length": 0,
            "diagnosticCode": "'{0}' expected.",
            "arguments": [
                ";"
            ]
        }
    ],
    "sourceUnit": {
        "kind": "SourceUnit",
        "fullStart": 0,
        "fullEnd": 322,
        "start": 312,
        "end": 322,
        "fullWidth": 322,
        "width": 10,
        "isIncrementallyUnusable": true,
        "moduleElements": [
            {
                "kind": "ForStatement",
                "fullStart": 0,
                "fullEnd": 321,
                "start": 312,
                "end": 320,
                "fullWidth": 321,
                "width": 8,
                "isIncrementallyUnusable": true,
                "forKeyword": {
                    "kind": "ForKeyword",
                    "fullStart": 0,
                    "fullEnd": 316,
                    "start": 312,
                    "end": 315,
                    "fullWidth": 316,
                    "width": 3,
                    "text": "for",
                    "value": "for",
                    "valueText": "for",
                    "hasLeadingTrivia": true,
                    "hasLeadingComment": true,
                    "hasLeadingNewLine": true,
                    "hasTrailingTrivia": true,
                    "leadingTrivia": [
                        {
                            "kind": "SingleLineCommentTrivia",
                            "fullStart": 0,
                            "fullEnd": 60,
                            "text": "// Copyright 2009 the Sputnik authors.  All rights reserved."
                        },
                        {
                            "kind": "NewLineTrivia",
                            "fullStart": 60,
                            "fullEnd": 61,
                            "text": "\n"
                        },
                        {
                            "kind": "SingleLineCommentTrivia",
                            "fullStart": 61,
                            "fullEnd": 131,
                            "text": "// This code is governed by the BSD license found in the LICENSE file."
                        },
                        {
                            "kind": "NewLineTrivia",
                            "fullStart": 131,
                            "fullEnd": 132,
                            "text": "\n"
                        },
                        {
                            "kind": "NewLineTrivia",
                            "fullStart": 132,
                            "fullEnd": 133,
                            "text": "\n"
                        },
                        {
                            "kind": "MultiLineCommentTrivia",
                            "fullStart": 133,
                            "fullEnd": 310,
                            "text": "/**\n * The \"for\" token can not be used as identifier\n *\n * @path ch07/7.6/7.6.1/7.6.1.1/S7.6.1.1_A1.10.js\n * @description Checking if execution of \"for=1\" fails\n * @negative\n */"
                        },
                        {
                            "kind": "NewLineTrivia",
                            "fullStart": 310,
                            "fullEnd": 311,
                            "text": "\n"
                        },
                        {
                            "kind": "NewLineTrivia",
                            "fullStart": 311,
                            "fullEnd": 312,
                            "text": "\n"
                        }
                    ],
                    "trailingTrivia": [
                        {
                            "kind": "WhitespaceTrivia",
                            "fullStart": 315,
                            "fullEnd": 316,
                            "text": " "
                        }
                    ]
                },
                "openParenToken": {
                    "kind": "OpenParenToken",
                    "fullStart": 316,
                    "fullEnd": 316,
                    "start": 316,
                    "end": 316,
                    "fullWidth": 0,
                    "width": 0,
                    "text": ""
                },
                "initializer": {
                    "kind": "AssignmentExpression",
                    "fullStart": 316,
                    "fullEnd": 319,
                    "start": 316,
                    "end": 319,
                    "fullWidth": 3,
                    "width": 3,
                    "isIncrementallyUnusable": true,
                    "left": {
                        "kind": "IdentifierName",
                        "fullStart": 316,
                        "fullEnd": 316,
                        "start": 316,
                        "end": 316,
                        "fullWidth": 0,
                        "width": 0,
                        "text": ""
                    },
                    "operatorToken": {
                        "kind": "EqualsToken",
                        "fullStart": 316,
                        "fullEnd": 318,
                        "start": 316,
                        "end": 317,
                        "fullWidth": 2,
                        "width": 1,
                        "text": "=",
                        "value": "=",
                        "valueText": "=",
                        "hasTrailingTrivia": true,
                        "trailingTrivia": [
                            {
                                "kind": "WhitespaceTrivia",
                                "fullStart": 317,
                                "fullEnd": 318,
                                "text": " "
                            }
                        ]
                    },
                    "right": {
                        "kind": "NumericLiteral",
                        "fullStart": 318,
                        "fullEnd": 319,
                        "start": 318,
                        "end": 319,
                        "fullWidth": 1,
                        "width": 1,
                        "text": "1",
                        "value": 1,
                        "valueText": "1"
                    }
                },
                "firstSemicolonToken": {
                    "kind": "SemicolonToken",
                    "fullStart": 319,
                    "fullEnd": 321,
                    "start": 319,
                    "end": 320,
                    "fullWidth": 2,
                    "width": 1,
                    "text": ";",
                    "value": ";",
                    "valueText": ";",
                    "hasTrailingTrivia": true,
                    "hasTrailingNewLine": true,
                    "trailingTrivia": [
                        {
                            "kind": "NewLineTrivia",
                            "fullStart": 320,
                            "fullEnd": 321,
                            "text": "\n"
                        }
                    ]
                },
                "secondSemicolonToken": {
                    "kind": "SemicolonToken",
                    "fullStart": 321,
                    "fullEnd": 321,
                    "start": 321,
                    "end": 321,
                    "fullWidth": 0,
                    "width": 0,
                    "text": ""
                },
                "closeParenToken": {
                    "kind": "CloseParenToken",
                    "fullStart": 321,
                    "fullEnd": 321,
                    "start": 321,
                    "end": 321,
                    "fullWidth": 0,
                    "width": 0,
                    "text": ""
                },
                "statement": {
                    "kind": "ExpressionStatement",
                    "fullStart": -1,
                    "fullEnd": -1,
                    "start": -1,
                    "end": -1,
                    "fullWidth": 0,
                    "width": 0,
                    "isIncrementallyUnusable": true,
                    "expression": {
                        "kind": "IdentifierName",
                        "fullStart": 321,
                        "fullEnd": 321,
                        "start": 321,
                        "end": 321,
                        "fullWidth": 0,
                        "width": 0,
                        "text": ""
                    }
                }
            }
        ],
        "endOfFileToken": {
            "kind": "EndOfFileToken",
            "fullStart": 321,
            "fullEnd": 322,
            "start": 322,
            "end": 322,
            "fullWidth": 1,
            "width": 0,
            "text": "",
            "hasLeadingTrivia": true,
            "hasLeadingNewLine": true,
            "leadingTrivia": [
                {
                    "kind": "NewLineTrivia",
                    "fullStart": 321,
                    "fullEnd": 322,
                    "text": "\n"
                }
            ]
        }
    },
    "lineMap": {
        "lineStarts": [
            0,
            61,
            132,
            133,
            137,
            186,
            189,
            239,
            294,
            307,
            311,
            312,
            321,
            322
        ],
        "length": 322
    }
}